<html>
<body>
<pre>
<h1>µVision Build Log</h1>
<h2>Project:</h2>
C:\Devices\FAT34_dev\SOFT\STM32F0xx_AN4061_FW_V1.0.0\Project\STM32F0xx_EEPROM_Emulation\MDK-ARM\Project.uvproj
Project File Date:  06/02/2012

<h2>Output:</h2>
Rebuild target 'STM320518-EVAL'
compiling system_stm32f0xx.c...
assembling startup_stm32f0xx.s...
compiling stm32f0xx_adc.c...
compiling stm32f0xx_cec.c...
compiling stm32f0xx_comp.c...
compiling stm32f0xx_crc.c...
compiling stm32f0xx_dac.c...
compiling stm32f0xx_dbgmcu.c...
compiling stm32f0xx_dma.c...
compiling stm32f0xx_exti.c...
compiling stm32f0xx_flash.c...
compiling stm32f0xx_gpio.c...
compiling stm32f0xx_i2c.c...
compiling stm32f0xx_iwdg.c...
compiling stm32f0xx_misc.c...
compiling stm32f0xx_pwr.c...
compiling stm32f0xx_rcc.c...
compiling stm32f0xx_rtc.c...
compiling stm32f0xx_spi.c...
compiling stm32f0xx_syscfg.c...
compiling stm32f0xx_tim.c...
compiling stm32f0xx_usart.c...
compiling stm32f0xx_wwdg.c...
compiling eeprom.c...
compiling main.c...
compiling stm32f0xx_it.c...
linking...
Program Size: Code=1452 RO-data=224 RW-data=16 ZI-data=1024  
".\STM320518-EVAL\STM320518-EVAL.axf" - 0 Error(s), 0 Warning(s).
</pre>
</body>
</html>
