<!doctype html public "-//w3c//dtd html 4.0 transitional//en">
<html><head>
<title>Static Call Graph - [.\STM320518-EVAL\STM320518-EVAL.axf]</title></head>
<body><HR>
<H1>Static Call Graph for image .\STM320518-EVAL\STM320518-EVAL.axf</H1><HR>
<BR><P>#&#060CALLGRAPH&#062# ARM Linker, 5.03 [Build 76]: Last Updated: Wed Oct 18 23:49:27 2017
<BR><P>
<H3>Maximum Stack Usage =         88 bytes + Unknown(Cycles, Untraceable Function Pointers)</H3><H3>
Call chain for Maximum Stack Depth:</H3>
main &rArr; EE_WriteVariable &rArr; EE_PageTransfer &rArr; EE_VerifyPageFullWriteVariable &rArr; FLASH_ProgramHalfWord &rArr; FLASH_WaitForLastOperation
<P>
<H3>
Mutually Recursive functions
</H3> <LI><a href="#[12]">ADC1_COMP_IRQHandler</a>&nbsp;&nbsp;&nbsp;&rArr;&nbsp;&nbsp;&nbsp;<a href="#[12]">ADC1_COMP_IRQHandler</a><BR>
 <LI><a href="#[2]">HardFault_Handler</a>&nbsp;&nbsp;&nbsp;&rArr;&nbsp;&nbsp;&nbsp;<a href="#[2]">HardFault_Handler</a><BR>
</UL>
<P>
<H3>
Function Pointers
</H3><UL>
 <LI><a href="#[12]">ADC1_COMP_IRQHandler</a> from startup_stm32f0xx.o(.text) referenced from startup_stm32f0xx.o(RESET)
 <LI><a href="#[22]">CEC_IRQHandler</a> from startup_stm32f0xx.o(.text) referenced from startup_stm32f0xx.o(RESET)
 <LI><a href="#[f]">DMA1_Channel1_IRQHandler</a> from startup_stm32f0xx.o(.text) referenced from startup_stm32f0xx.o(RESET)
 <LI><a href="#[10]">DMA1_Channel2_3_IRQHandler</a> from startup_stm32f0xx.o(.text) referenced from startup_stm32f0xx.o(RESET)
 <LI><a href="#[11]">DMA1_Channel4_5_IRQHandler</a> from startup_stm32f0xx.o(.text) referenced from startup_stm32f0xx.o(RESET)
 <LI><a href="#[b]">EXTI0_1_IRQHandler</a> from startup_stm32f0xx.o(.text) referenced from startup_stm32f0xx.o(RESET)
 <LI><a href="#[c]">EXTI2_3_IRQHandler</a> from startup_stm32f0xx.o(.text) referenced from startup_stm32f0xx.o(RESET)
 <LI><a href="#[d]">EXTI4_15_IRQHandler</a> from startup_stm32f0xx.o(.text) referenced from startup_stm32f0xx.o(RESET)
 <LI><a href="#[9]">FLASH_IRQHandler</a> from startup_stm32f0xx.o(.text) referenced from startup_stm32f0xx.o(RESET)
 <LI><a href="#[2]">HardFault_Handler</a> from stm32f0xx_it.o(i.HardFault_Handler) referenced from startup_stm32f0xx.o(RESET)
 <LI><a href="#[1c]">I2C1_IRQHandler</a> from startup_stm32f0xx.o(.text) referenced from startup_stm32f0xx.o(RESET)
 <LI><a href="#[1d]">I2C2_IRQHandler</a> from startup_stm32f0xx.o(.text) referenced from startup_stm32f0xx.o(RESET)
 <LI><a href="#[1]">NMI_Handler</a> from stm32f0xx_it.o(i.NMI_Handler) referenced from startup_stm32f0xx.o(RESET)
 <LI><a href="#[7]">PVD_IRQHandler</a> from startup_stm32f0xx.o(.text) referenced from startup_stm32f0xx.o(RESET)
 <LI><a href="#[4]">PendSV_Handler</a> from stm32f0xx_it.o(i.PendSV_Handler) referenced from startup_stm32f0xx.o(RESET)
 <LI><a href="#[a]">RCC_IRQHandler</a> from startup_stm32f0xx.o(.text) referenced from startup_stm32f0xx.o(RESET)
 <LI><a href="#[8]">RTC_IRQHandler</a> from startup_stm32f0xx.o(.text) referenced from startup_stm32f0xx.o(RESET)
 <LI><a href="#[0]">Reset_Handler</a> from startup_stm32f0xx.o(.text) referenced from startup_stm32f0xx.o(RESET)
 <LI><a href="#[1e]">SPI1_IRQHandler</a> from startup_stm32f0xx.o(.text) referenced from startup_stm32f0xx.o(RESET)
 <LI><a href="#[1f]">SPI2_IRQHandler</a> from startup_stm32f0xx.o(.text) referenced from startup_stm32f0xx.o(RESET)
 <LI><a href="#[3]">SVC_Handler</a> from stm32f0xx_it.o(i.SVC_Handler) referenced from startup_stm32f0xx.o(RESET)
 <LI><a href="#[5]">SysTick_Handler</a> from stm32f0xx_it.o(i.SysTick_Handler) referenced from startup_stm32f0xx.o(RESET)
 <LI><a href="#[24]">SystemInit</a> from system_stm32f0xx.o(i.SystemInit) referenced from startup_stm32f0xx.o(.text)
 <LI><a href="#[18]">TIM14_IRQHandler</a> from startup_stm32f0xx.o(.text) referenced from startup_stm32f0xx.o(RESET)
 <LI><a href="#[19]">TIM15_IRQHandler</a> from startup_stm32f0xx.o(.text) referenced from startup_stm32f0xx.o(RESET)
 <LI><a href="#[1a]">TIM16_IRQHandler</a> from startup_stm32f0xx.o(.text) referenced from startup_stm32f0xx.o(RESET)
 <LI><a href="#[1b]">TIM17_IRQHandler</a> from startup_stm32f0xx.o(.text) referenced from startup_stm32f0xx.o(RESET)
 <LI><a href="#[13]">TIM1_BRK_UP_TRG_COM_IRQHandler</a> from startup_stm32f0xx.o(.text) referenced from startup_stm32f0xx.o(RESET)
 <LI><a href="#[14]">TIM1_CC_IRQHandler</a> from startup_stm32f0xx.o(.text) referenced from startup_stm32f0xx.o(RESET)
 <LI><a href="#[15]">TIM2_IRQHandler</a> from startup_stm32f0xx.o(.text) referenced from startup_stm32f0xx.o(RESET)
 <LI><a href="#[16]">TIM3_IRQHandler</a> from startup_stm32f0xx.o(.text) referenced from startup_stm32f0xx.o(RESET)
 <LI><a href="#[17]">TIM6_DAC_IRQHandler</a> from startup_stm32f0xx.o(.text) referenced from startup_stm32f0xx.o(RESET)
 <LI><a href="#[e]">TS_IRQHandler</a> from startup_stm32f0xx.o(.text) referenced from startup_stm32f0xx.o(RESET)
 <LI><a href="#[20]">USART1_IRQHandler</a> from startup_stm32f0xx.o(.text) referenced from startup_stm32f0xx.o(RESET)
 <LI><a href="#[21]">USART2_IRQHandler</a> from startup_stm32f0xx.o(.text) referenced from startup_stm32f0xx.o(RESET)
 <LI><a href="#[6]">WWDG_IRQHandler</a> from startup_stm32f0xx.o(.text) referenced from startup_stm32f0xx.o(RESET)
 <LI><a href="#[25]">__main</a> from entry.o(.ARM.Collect$$$$00000000) referenced from startup_stm32f0xx.o(.text)
 <LI><a href="#[23]">main</a> from main.o(i.main) referenced from entry9a.o(.ARM.Collect$$$$0000000B)
</UL>
<P>
<H3>
Global Symbols
</H3>
<P><STRONG><a name="[25]"></a>__main</STRONG> (Thumb, 0 bytes, Stack size unknown bytes, entry.o(.ARM.Collect$$$$00000000))
<BR>[Address Reference Count : 1]<UL><LI> startup_stm32f0xx.o(.text)
</UL>
<P><STRONG><a name="[36]"></a>_main_stk</STRONG> (Thumb, 0 bytes, Stack size unknown bytes, entry2.o(.ARM.Collect$$$$00000001))

<P><STRONG><a name="[26]"></a>_main_scatterload</STRONG> (Thumb, 0 bytes, Stack size unknown bytes, entry5.o(.ARM.Collect$$$$00000004))
<BR><BR>[Calls]<UL><LI><a href="#[27]">&gt;&gt;</a>&nbsp;&nbsp;&nbsp;__scatterload
</UL>

<P><STRONG><a name="[28]"></a>__main_after_scatterload</STRONG> (Thumb, 0 bytes, Stack size unknown bytes, entry5.o(.ARM.Collect$$$$00000004))
<BR><BR>[Called By]<UL><LI><a href="#[27]">&gt;&gt;</a>&nbsp;&nbsp;&nbsp;__scatterload
</UL>

<P><STRONG><a name="[37]"></a>_main_clock</STRONG> (Thumb, 0 bytes, Stack size unknown bytes, entry7b.o(.ARM.Collect$$$$00000008))

<P><STRONG><a name="[38]"></a>_main_cpp_init</STRONG> (Thumb, 0 bytes, Stack size unknown bytes, entry8b.o(.ARM.Collect$$$$0000000A))

<P><STRONG><a name="[39]"></a>_main_init</STRONG> (Thumb, 0 bytes, Stack size unknown bytes, entry9a.o(.ARM.Collect$$$$0000000B))

<P><STRONG><a name="[3a]"></a>__rt_final_cpp</STRONG> (Thumb, 0 bytes, Stack size unknown bytes, entry10a.o(.ARM.Collect$$$$0000000D))

<P><STRONG><a name="[3b]"></a>__rt_final_exit</STRONG> (Thumb, 0 bytes, Stack size unknown bytes, entry11a.o(.ARM.Collect$$$$0000000F))

<P><STRONG><a name="[0]"></a>Reset_Handler</STRONG> (Thumb, 8 bytes, Stack size 0 bytes, startup_stm32f0xx.o(.text))
<BR>[Address Reference Count : 1]<UL><LI> startup_stm32f0xx.o(RESET)
</UL>
<P><STRONG><a name="[12]"></a>ADC1_COMP_IRQHandler</STRONG> (Thumb, 0 bytes, Stack size 0 bytes, startup_stm32f0xx.o(.text))
<BR><BR>[Calls]<UL><LI><a href="#[12]">&gt;&gt;</a>&nbsp;&nbsp;&nbsp;ADC1_COMP_IRQHandler
</UL>
<BR>[Called By]<UL><LI><a href="#[12]">&gt;&gt;</a>&nbsp;&nbsp;&nbsp;ADC1_COMP_IRQHandler
</UL>
<BR>[Address Reference Count : 1]<UL><LI> startup_stm32f0xx.o(RESET)
</UL>
<P><STRONG><a name="[22]"></a>CEC_IRQHandler</STRONG> (Thumb, 0 bytes, Stack size 0 bytes, startup_stm32f0xx.o(.text))
<BR>[Address Reference Count : 1]<UL><LI> startup_stm32f0xx.o(RESET)
</UL>
<P><STRONG><a name="[f]"></a>DMA1_Channel1_IRQHandler</STRONG> (Thumb, 0 bytes, Stack size 0 bytes, startup_stm32f0xx.o(.text))
<BR>[Address Reference Count : 1]<UL><LI> startup_stm32f0xx.o(RESET)
</UL>
<P><STRONG><a name="[10]"></a>DMA1_Channel2_3_IRQHandler</STRONG> (Thumb, 0 bytes, Stack size 0 bytes, startup_stm32f0xx.o(.text))
<BR>[Address Reference Count : 1]<UL><LI> startup_stm32f0xx.o(RESET)
</UL>
<P><STRONG><a name="[11]"></a>DMA1_Channel4_5_IRQHandler</STRONG> (Thumb, 0 bytes, Stack size 0 bytes, startup_stm32f0xx.o(.text))
<BR>[Address Reference Count : 1]<UL><LI> startup_stm32f0xx.o(RESET)
</UL>
<P><STRONG><a name="[b]"></a>EXTI0_1_IRQHandler</STRONG> (Thumb, 0 bytes, Stack size 0 bytes, startup_stm32f0xx.o(.text))
<BR>[Address Reference Count : 1]<UL><LI> startup_stm32f0xx.o(RESET)
</UL>
<P><STRONG><a name="[c]"></a>EXTI2_3_IRQHandler</STRONG> (Thumb, 0 bytes, Stack size 0 bytes, startup_stm32f0xx.o(.text))
<BR>[Address Reference Count : 1]<UL><LI> startup_stm32f0xx.o(RESET)
</UL>
<P><STRONG><a name="[d]"></a>EXTI4_15_IRQHandler</STRONG> (Thumb, 0 bytes, Stack size 0 bytes, startup_stm32f0xx.o(.text))
<BR>[Address Reference Count : 1]<UL><LI> startup_stm32f0xx.o(RESET)
</UL>
<P><STRONG><a name="[9]"></a>FLASH_IRQHandler</STRONG> (Thumb, 0 bytes, Stack size 0 bytes, startup_stm32f0xx.o(.text))
<BR>[Address Reference Count : 1]<UL><LI> startup_stm32f0xx.o(RESET)
</UL>
<P><STRONG><a name="[1c]"></a>I2C1_IRQHandler</STRONG> (Thumb, 0 bytes, Stack size 0 bytes, startup_stm32f0xx.o(.text))
<BR>[Address Reference Count : 1]<UL><LI> startup_stm32f0xx.o(RESET)
</UL>
<P><STRONG><a name="[1d]"></a>I2C2_IRQHandler</STRONG> (Thumb, 0 bytes, Stack size 0 bytes, startup_stm32f0xx.o(.text))
<BR>[Address Reference Count : 1]<UL><LI> startup_stm32f0xx.o(RESET)
</UL>
<P><STRONG><a name="[7]"></a>PVD_IRQHandler</STRONG> (Thumb, 0 bytes, Stack size 0 bytes, startup_stm32f0xx.o(.text))
<BR>[Address Reference Count : 1]<UL><LI> startup_stm32f0xx.o(RESET)
</UL>
<P><STRONG><a name="[a]"></a>RCC_IRQHandler</STRONG> (Thumb, 0 bytes, Stack size 0 bytes, startup_stm32f0xx.o(.text))
<BR>[Address Reference Count : 1]<UL><LI> startup_stm32f0xx.o(RESET)
</UL>
<P><STRONG><a name="[8]"></a>RTC_IRQHandler</STRONG> (Thumb, 0 bytes, Stack size 0 bytes, startup_stm32f0xx.o(.text))
<BR>[Address Reference Count : 1]<UL><LI> startup_stm32f0xx.o(RESET)
</UL>
<P><STRONG><a name="[1e]"></a>SPI1_IRQHandler</STRONG> (Thumb, 0 bytes, Stack size 0 bytes, startup_stm32f0xx.o(.text))
<BR>[Address Reference Count : 1]<UL><LI> startup_stm32f0xx.o(RESET)
</UL>
<P><STRONG><a name="[1f]"></a>SPI2_IRQHandler</STRONG> (Thumb, 0 bytes, Stack size 0 bytes, startup_stm32f0xx.o(.text))
<BR>[Address Reference Count : 1]<UL><LI> startup_stm32f0xx.o(RESET)
</UL>
<P><STRONG><a name="[18]"></a>TIM14_IRQHandler</STRONG> (Thumb, 0 bytes, Stack size 0 bytes, startup_stm32f0xx.o(.text))
<BR>[Address Reference Count : 1]<UL><LI> startup_stm32f0xx.o(RESET)
</UL>
<P><STRONG><a name="[19]"></a>TIM15_IRQHandler</STRONG> (Thumb, 0 bytes, Stack size 0 bytes, startup_stm32f0xx.o(.text))
<BR>[Address Reference Count : 1]<UL><LI> startup_stm32f0xx.o(RESET)
</UL>
<P><STRONG><a name="[1a]"></a>TIM16_IRQHandler</STRONG> (Thumb, 0 bytes, Stack size 0 bytes, startup_stm32f0xx.o(.text))
<BR>[Address Reference Count : 1]<UL><LI> startup_stm32f0xx.o(RESET)
</UL>
<P><STRONG><a name="[1b]"></a>TIM17_IRQHandler</STRONG> (Thumb, 0 bytes, Stack size 0 bytes, startup_stm32f0xx.o(.text))
<BR>[Address Reference Count : 1]<UL><LI> startup_stm32f0xx.o(RESET)
</UL>
<P><STRONG><a name="[13]"></a>TIM1_BRK_UP_TRG_COM_IRQHandler</STRONG> (Thumb, 0 bytes, Stack size 0 bytes, startup_stm32f0xx.o(.text))
<BR>[Address Reference Count : 1]<UL><LI> startup_stm32f0xx.o(RESET)
</UL>
<P><STRONG><a name="[14]"></a>TIM1_CC_IRQHandler</STRONG> (Thumb, 0 bytes, Stack size 0 bytes, startup_stm32f0xx.o(.text))
<BR>[Address Reference Count : 1]<UL><LI> startup_stm32f0xx.o(RESET)
</UL>
<P><STRONG><a name="[15]"></a>TIM2_IRQHandler</STRONG> (Thumb, 0 bytes, Stack size 0 bytes, startup_stm32f0xx.o(.text))
<BR>[Address Reference Count : 1]<UL><LI> startup_stm32f0xx.o(RESET)
</UL>
<P><STRONG><a name="[16]"></a>TIM3_IRQHandler</STRONG> (Thumb, 0 bytes, Stack size 0 bytes, startup_stm32f0xx.o(.text))
<BR>[Address Reference Count : 1]<UL><LI> startup_stm32f0xx.o(RESET)
</UL>
<P><STRONG><a name="[17]"></a>TIM6_DAC_IRQHandler</STRONG> (Thumb, 0 bytes, Stack size 0 bytes, startup_stm32f0xx.o(.text))
<BR>[Address Reference Count : 1]<UL><LI> startup_stm32f0xx.o(RESET)
</UL>
<P><STRONG><a name="[e]"></a>TS_IRQHandler</STRONG> (Thumb, 0 bytes, Stack size 0 bytes, startup_stm32f0xx.o(.text))
<BR>[Address Reference Count : 1]<UL><LI> startup_stm32f0xx.o(RESET)
</UL>
<P><STRONG><a name="[20]"></a>USART1_IRQHandler</STRONG> (Thumb, 0 bytes, Stack size 0 bytes, startup_stm32f0xx.o(.text))
<BR>[Address Reference Count : 1]<UL><LI> startup_stm32f0xx.o(RESET)
</UL>
<P><STRONG><a name="[21]"></a>USART2_IRQHandler</STRONG> (Thumb, 0 bytes, Stack size 0 bytes, startup_stm32f0xx.o(.text))
<BR>[Address Reference Count : 1]<UL><LI> startup_stm32f0xx.o(RESET)
</UL>
<P><STRONG><a name="[6]"></a>WWDG_IRQHandler</STRONG> (Thumb, 0 bytes, Stack size 0 bytes, startup_stm32f0xx.o(.text))
<BR>[Address Reference Count : 1]<UL><LI> startup_stm32f0xx.o(RESET)
</UL>
<P><STRONG><a name="[27]"></a>__scatterload</STRONG> (Thumb, 28 bytes, Stack size 0 bytes, init.o(.text))
<BR><BR>[Calls]<UL><LI><a href="#[28]">&gt;&gt;</a>&nbsp;&nbsp;&nbsp;__main_after_scatterload
</UL>
<BR>[Called By]<UL><LI><a href="#[26]">&gt;&gt;</a>&nbsp;&nbsp;&nbsp;_main_scatterload
</UL>

<P><STRONG><a name="[3c]"></a>__scatterload_rt2</STRONG> (Thumb, 0 bytes, Stack size 0 bytes, init.o(.text), UNUSED)

<P><STRONG><a name="[2c]"></a>EE_Init</STRONG> (Thumb, 252 bytes, Stack size 24 bytes, eeprom.o(i.EE_Init))
<BR><BR>[Stack]<UL><LI>Max Depth = 64<LI>Call Chain = EE_Init &rArr; EE_VerifyPageFullWriteVariable &rArr; FLASH_ProgramHalfWord &rArr; FLASH_WaitForLastOperation
</UL>
<BR>[Calls]<UL><LI><a href="#[2b]">&gt;&gt;</a>&nbsp;&nbsp;&nbsp;FLASH_ProgramHalfWord
<LI><a href="#[2a]">&gt;&gt;</a>&nbsp;&nbsp;&nbsp;FLASH_ErasePage
<LI><a href="#[2d]">&gt;&gt;</a>&nbsp;&nbsp;&nbsp;EE_ReadVariable
<LI><a href="#[2e]">&gt;&gt;</a>&nbsp;&nbsp;&nbsp;EE_VerifyPageFullWriteVariable
<LI><a href="#[29]">&gt;&gt;</a>&nbsp;&nbsp;&nbsp;EE_Format
</UL>
<BR>[Called By]<UL><LI><a href="#[23]">&gt;&gt;</a>&nbsp;&nbsp;&nbsp;main
</UL>

<P><STRONG><a name="[2d]"></a>EE_ReadVariable</STRONG> (Thumb, 58 bytes, Stack size 16 bytes, eeprom.o(i.EE_ReadVariable))
<BR><BR>[Stack]<UL><LI>Max Depth = 16<LI>Call Chain = EE_ReadVariable
</UL>
<BR>[Calls]<UL><LI><a href="#[30]">&gt;&gt;</a>&nbsp;&nbsp;&nbsp;EE_FindValidPage
</UL>
<BR>[Called By]<UL><LI><a href="#[23]">&gt;&gt;</a>&nbsp;&nbsp;&nbsp;main
<LI><a href="#[2c]">&gt;&gt;</a>&nbsp;&nbsp;&nbsp;EE_Init
<LI><a href="#[2f]">&gt;&gt;</a>&nbsp;&nbsp;&nbsp;EE_PageTransfer
</UL>

<P><STRONG><a name="[31]"></a>EE_WriteVariable</STRONG> (Thumb, 24 bytes, Stack size 16 bytes, eeprom.o(i.EE_WriteVariable))
<BR><BR>[Stack]<UL><LI>Max Depth = 88<LI>Call Chain = EE_WriteVariable &rArr; EE_PageTransfer &rArr; EE_VerifyPageFullWriteVariable &rArr; FLASH_ProgramHalfWord &rArr; FLASH_WaitForLastOperation
</UL>
<BR>[Calls]<UL><LI><a href="#[2e]">&gt;&gt;</a>&nbsp;&nbsp;&nbsp;EE_VerifyPageFullWriteVariable
<LI><a href="#[2f]">&gt;&gt;</a>&nbsp;&nbsp;&nbsp;EE_PageTransfer
</UL>
<BR>[Called By]<UL><LI><a href="#[23]">&gt;&gt;</a>&nbsp;&nbsp;&nbsp;main
</UL>

<P><STRONG><a name="[2a]"></a>FLASH_ErasePage</STRONG> (Thumb, 52 bytes, Stack size 20 bytes, stm32f0xx_flash.o(i.FLASH_ErasePage))
<BR><BR>[Stack]<UL><LI>Max Depth = 24<LI>Call Chain = FLASH_ErasePage &rArr; FLASH_WaitForLastOperation
</UL>
<BR>[Calls]<UL><LI><a href="#[32]">&gt;&gt;</a>&nbsp;&nbsp;&nbsp;FLASH_WaitForLastOperation
</UL>
<BR>[Called By]<UL><LI><a href="#[2c]">&gt;&gt;</a>&nbsp;&nbsp;&nbsp;EE_Init
<LI><a href="#[2f]">&gt;&gt;</a>&nbsp;&nbsp;&nbsp;EE_PageTransfer
<LI><a href="#[29]">&gt;&gt;</a>&nbsp;&nbsp;&nbsp;EE_Format
</UL>

<P><STRONG><a name="[33]"></a>FLASH_GetStatus</STRONG> (Thumb, 34 bytes, Stack size 0 bytes, stm32f0xx_flash.o(i.FLASH_GetStatus))
<BR><BR>[Called By]<UL><LI><a href="#[32]">&gt;&gt;</a>&nbsp;&nbsp;&nbsp;FLASH_WaitForLastOperation
</UL>

<P><STRONG><a name="[2b]"></a>FLASH_ProgramHalfWord</STRONG> (Thumb, 48 bytes, Stack size 20 bytes, stm32f0xx_flash.o(i.FLASH_ProgramHalfWord))
<BR><BR>[Stack]<UL><LI>Max Depth = 24<LI>Call Chain = FLASH_ProgramHalfWord &rArr; FLASH_WaitForLastOperation
</UL>
<BR>[Calls]<UL><LI><a href="#[32]">&gt;&gt;</a>&nbsp;&nbsp;&nbsp;FLASH_WaitForLastOperation
</UL>
<BR>[Called By]<UL><LI><a href="#[2c]">&gt;&gt;</a>&nbsp;&nbsp;&nbsp;EE_Init
<LI><a href="#[2e]">&gt;&gt;</a>&nbsp;&nbsp;&nbsp;EE_VerifyPageFullWriteVariable
<LI><a href="#[2f]">&gt;&gt;</a>&nbsp;&nbsp;&nbsp;EE_PageTransfer
<LI><a href="#[29]">&gt;&gt;</a>&nbsp;&nbsp;&nbsp;EE_Format
</UL>

<P><STRONG><a name="[35]"></a>FLASH_Unlock</STRONG> (Thumb, 18 bytes, Stack size 0 bytes, stm32f0xx_flash.o(i.FLASH_Unlock))
<BR><BR>[Called By]<UL><LI><a href="#[23]">&gt;&gt;</a>&nbsp;&nbsp;&nbsp;main
</UL>

<P><STRONG><a name="[32]"></a>FLASH_WaitForLastOperation</STRONG> (Thumb, 34 bytes, Stack size 4 bytes, stm32f0xx_flash.o(i.FLASH_WaitForLastOperation))
<BR><BR>[Stack]<UL><LI>Max Depth = 4<LI>Call Chain = FLASH_WaitForLastOperation
</UL>
<BR>[Calls]<UL><LI><a href="#[33]">&gt;&gt;</a>&nbsp;&nbsp;&nbsp;FLASH_GetStatus
</UL>
<BR>[Called By]<UL><LI><a href="#[2b]">&gt;&gt;</a>&nbsp;&nbsp;&nbsp;FLASH_ProgramHalfWord
<LI><a href="#[2a]">&gt;&gt;</a>&nbsp;&nbsp;&nbsp;FLASH_ErasePage
</UL>

<P><STRONG><a name="[2]"></a>HardFault_Handler</STRONG> (Thumb, 2 bytes, Stack size 0 bytes, stm32f0xx_it.o(i.HardFault_Handler))
<BR><BR>[Calls]<UL><LI><a href="#[2]">&gt;&gt;</a>&nbsp;&nbsp;&nbsp;HardFault_Handler
</UL>
<BR>[Called By]<UL><LI><a href="#[2]">&gt;&gt;</a>&nbsp;&nbsp;&nbsp;HardFault_Handler
</UL>
<BR>[Address Reference Count : 1]<UL><LI> startup_stm32f0xx.o(RESET)
</UL>
<P><STRONG><a name="[1]"></a>NMI_Handler</STRONG> (Thumb, 2 bytes, Stack size 0 bytes, stm32f0xx_it.o(i.NMI_Handler))
<BR>[Address Reference Count : 1]<UL><LI> startup_stm32f0xx.o(RESET)
</UL>
<P><STRONG><a name="[4]"></a>PendSV_Handler</STRONG> (Thumb, 2 bytes, Stack size 0 bytes, stm32f0xx_it.o(i.PendSV_Handler))
<BR>[Address Reference Count : 1]<UL><LI> startup_stm32f0xx.o(RESET)
</UL>
<P><STRONG><a name="[3]"></a>SVC_Handler</STRONG> (Thumb, 2 bytes, Stack size 0 bytes, stm32f0xx_it.o(i.SVC_Handler))
<BR>[Address Reference Count : 1]<UL><LI> startup_stm32f0xx.o(RESET)
</UL>
<P><STRONG><a name="[5]"></a>SysTick_Handler</STRONG> (Thumb, 2 bytes, Stack size 0 bytes, stm32f0xx_it.o(i.SysTick_Handler))
<BR>[Address Reference Count : 1]<UL><LI> startup_stm32f0xx.o(RESET)
</UL>
<P><STRONG><a name="[24]"></a>SystemInit</STRONG> (Thumb, 84 bytes, Stack size 8 bytes, system_stm32f0xx.o(i.SystemInit))
<BR><BR>[Stack]<UL><LI>Max Depth = 24<LI>Call Chain = SystemInit &rArr; SetSysClock
</UL>
<BR>[Calls]<UL><LI><a href="#[34]">&gt;&gt;</a>&nbsp;&nbsp;&nbsp;SetSysClock
</UL>
<BR>[Address Reference Count : 1]<UL><LI> startup_stm32f0xx.o(.text)
</UL>
<P><STRONG><a name="[3d]"></a>__scatterload_copy</STRONG> (Thumb, 14 bytes, Stack size unknown bytes, handlers.o(i.__scatterload_copy), UNUSED)

<P><STRONG><a name="[3e]"></a>__scatterload_null</STRONG> (Thumb, 2 bytes, Stack size unknown bytes, handlers.o(i.__scatterload_null), UNUSED)

<P><STRONG><a name="[3f]"></a>__scatterload_zeroinit</STRONG> (Thumb, 14 bytes, Stack size unknown bytes, handlers.o(i.__scatterload_zeroinit), UNUSED)

<P><STRONG><a name="[23]"></a>main</STRONG> (Thumb, 144 bytes, Stack size 0 bytes, main.o(i.main))
<BR><BR>[Stack]<UL><LI>Max Depth = 88<LI>Call Chain = main &rArr; EE_WriteVariable &rArr; EE_PageTransfer &rArr; EE_VerifyPageFullWriteVariable &rArr; FLASH_ProgramHalfWord &rArr; FLASH_WaitForLastOperation
</UL>
<BR>[Calls]<UL><LI><a href="#[35]">&gt;&gt;</a>&nbsp;&nbsp;&nbsp;FLASH_Unlock
<LI><a href="#[31]">&gt;&gt;</a>&nbsp;&nbsp;&nbsp;EE_WriteVariable
<LI><a href="#[2d]">&gt;&gt;</a>&nbsp;&nbsp;&nbsp;EE_ReadVariable
<LI><a href="#[2c]">&gt;&gt;</a>&nbsp;&nbsp;&nbsp;EE_Init
</UL>
<BR>[Address Reference Count : 1]<UL><LI> entry9a.o(.ARM.Collect$$$$0000000B)
</UL><P>
<H3>
Local Symbols
</H3>
<P><STRONG><a name="[34]"></a>SetSysClock</STRONG> (Thumb, 142 bytes, Stack size 16 bytes, system_stm32f0xx.o(i.SetSysClock))
<BR><BR>[Stack]<UL><LI>Max Depth = 16<LI>Call Chain = SetSysClock
</UL>
<BR>[Called By]<UL><LI><a href="#[24]">&gt;&gt;</a>&nbsp;&nbsp;&nbsp;SystemInit
</UL>

<P><STRONG><a name="[30]"></a>EE_FindValidPage</STRONG> (Thumb, 60 bytes, Stack size 0 bytes, eeprom.o(i.EE_FindValidPage))
<BR><BR>[Called By]<UL><LI><a href="#[2d]">&gt;&gt;</a>&nbsp;&nbsp;&nbsp;EE_ReadVariable
<LI><a href="#[2e]">&gt;&gt;</a>&nbsp;&nbsp;&nbsp;EE_VerifyPageFullWriteVariable
<LI><a href="#[2f]">&gt;&gt;</a>&nbsp;&nbsp;&nbsp;EE_PageTransfer
</UL>

<P><STRONG><a name="[29]"></a>EE_Format</STRONG> (Thumb, 34 bytes, Stack size 8 bytes, eeprom.o(i.EE_Format))
<BR><BR>[Stack]<UL><LI>Max Depth = 32<LI>Call Chain = EE_Format &rArr; FLASH_ProgramHalfWord &rArr; FLASH_WaitForLastOperation
</UL>
<BR>[Calls]<UL><LI><a href="#[2b]">&gt;&gt;</a>&nbsp;&nbsp;&nbsp;FLASH_ProgramHalfWord
<LI><a href="#[2a]">&gt;&gt;</a>&nbsp;&nbsp;&nbsp;FLASH_ErasePage
</UL>
<BR>[Called By]<UL><LI><a href="#[2c]">&gt;&gt;</a>&nbsp;&nbsp;&nbsp;EE_Init
</UL>

<P><STRONG><a name="[2f]"></a>EE_PageTransfer</STRONG> (Thumb, 130 bytes, Stack size 32 bytes, eeprom.o(i.EE_PageTransfer))
<BR><BR>[Stack]<UL><LI>Max Depth = 72<LI>Call Chain = EE_PageTransfer &rArr; EE_VerifyPageFullWriteVariable &rArr; FLASH_ProgramHalfWord &rArr; FLASH_WaitForLastOperation
</UL>
<BR>[Calls]<UL><LI><a href="#[2b]">&gt;&gt;</a>&nbsp;&nbsp;&nbsp;FLASH_ProgramHalfWord
<LI><a href="#[2a]">&gt;&gt;</a>&nbsp;&nbsp;&nbsp;FLASH_ErasePage
<LI><a href="#[2d]">&gt;&gt;</a>&nbsp;&nbsp;&nbsp;EE_ReadVariable
<LI><a href="#[2e]">&gt;&gt;</a>&nbsp;&nbsp;&nbsp;EE_VerifyPageFullWriteVariable
<LI><a href="#[30]">&gt;&gt;</a>&nbsp;&nbsp;&nbsp;EE_FindValidPage
</UL>
<BR>[Called By]<UL><LI><a href="#[31]">&gt;&gt;</a>&nbsp;&nbsp;&nbsp;EE_WriteVariable
</UL>

<P><STRONG><a name="[2e]"></a>EE_VerifyPageFullWriteVariable</STRONG> (Thumb, 66 bytes, Stack size 16 bytes, eeprom.o(i.EE_VerifyPageFullWriteVariable))
<BR><BR>[Stack]<UL><LI>Max Depth = 40<LI>Call Chain = EE_VerifyPageFullWriteVariable &rArr; FLASH_ProgramHalfWord &rArr; FLASH_WaitForLastOperation
</UL>
<BR>[Calls]<UL><LI><a href="#[2b]">&gt;&gt;</a>&nbsp;&nbsp;&nbsp;FLASH_ProgramHalfWord
<LI><a href="#[30]">&gt;&gt;</a>&nbsp;&nbsp;&nbsp;EE_FindValidPage
</UL>
<BR>[Called By]<UL><LI><a href="#[31]">&gt;&gt;</a>&nbsp;&nbsp;&nbsp;EE_WriteVariable
<LI><a href="#[2c]">&gt;&gt;</a>&nbsp;&nbsp;&nbsp;EE_Init
<LI><a href="#[2f]">&gt;&gt;</a>&nbsp;&nbsp;&nbsp;EE_PageTransfer
</UL>
<P>
<H3>
Undefined Global Symbols
</H3><HR></body></html>
