ARM Linker, 5.03 [Build 76] [MDK-ARM Standard]

==============================================================================

Section Cross References

    system_stm32f0xx.o(.text) refers to uidiv.o(.text) for __aeabi_uidivmod
    system_stm32f0xx.o(.text) refers to system_stm32f0xx.o(.data) for .data
    startup_stm32f051.o(RESET) refers to startup_stm32f051.o(STACK) for __initial_sp
    startup_stm32f051.o(RESET) refers to startup_stm32f051.o(.text) for Reset_Handler
    startup_stm32f051.o(RESET) refers to main.o(.text) for SysTick_Handler
    startup_stm32f051.o(.text) refers to system_stm32f0xx.o(.text) for SystemInit
    startup_stm32f051.o(.text) refers to entry.o(.ARM.Collect$$$$00000000) for __main
    main.o(.text) refers to common_func.o(.text) for tree_down
    main.o(.text) refers to eeprom.o(.text) for EE_ReadVariable
    main.o(.text) refers to idiv.o(.text) for __aeabi_idivmod
    main.o(.text) refers to ruslcd.o(.text) for ruslcd
    main.o(.text) refers to main.o(.data) for .data
    main.o(.text) refers to gran.o(.text) for gran_char
    main.o(.text) refers to main.o(.bss) for .bss
    main.o(.text) refers to system_stm32f0xx.o(.text) for SystemCoreClockUpdate
    main.o(.text) refers to uidiv.o(.text) for __aeabi_uidivmod
    main.o(.text) refers to lcd_pal_4_2.o(.text) for lcd_init
    main.o(.text) refers to stm32f0xx_flash.o(.text) for FLASH_Unlock
    main.o(.text) refers to system_stm32f0xx.o(.data) for SystemCoreClock
    ruslcd.o(.text) refers to ruslcd.o(.constdata) for .constdata
    common_func.o(.text) refers to uidiv.o(.text) for __aeabi_uidivmod
    common_func.o(.text) refers to idiv.o(.text) for __aeabi_idivmod
    common_func.o(.text) refers to main.o(.data) for lcd_buffer
    common_func.o(.text) refers to main.o(.data) for dig
    common_func.o(.text) refers to main.o(.data) for zero_on
    common_func.o(.text) refers to memcpya.o(.text) for __aeabi_memcpy
    common_func.o(.text) refers to main.o(.constdata) for ABCDEF
    common_func.o(.text) refers to main.o(.data) for ind_pointer
    common_func.o(.text) refers to main.o(.bss) for b_ind
    eeprom.o(.text) refers to stm32f0xx_flash.o(.text) for FLASH_ProgramHalfWord
    eeprom.o(.text) refers to main.o(.data) for VirtAddVarTab
    eeprom.o(.text) refers to eeprom.o(.data) for .data
    stm32f0xx_spi.o(.text) refers to stm32f0xx_rcc.o(.text) for RCC_APB2PeriphResetCmd
    stm32f0xx_spi.o(.text) refers to uidiv.o(.text) for __aeabi_uidivmod
    stm32f0xx_tim.o(.text) refers to stm32f0xx_rcc.o(.text) for RCC_APB1PeriphResetCmd
    stm32f0xx_wwdg.o(.text) refers to stm32f0xx_rcc.o(.text) for RCC_APB1PeriphResetCmd
    stm32f0xx_rcc.o(.text) refers to uidiv.o(.text) for __aeabi_uidivmod
    stm32f0xx_rcc.o(.text) refers to stm32f0xx_rcc.o(.data) for .data
    entry.o(.ARM.Collect$$$$00000000) refers (Special) to entry10a.o(.ARM.Collect$$$$0000000D) for __rt_final_cpp
    entry.o(.ARM.Collect$$$$00000000) refers (Special) to entry11a.o(.ARM.Collect$$$$0000000F) for __rt_final_exit
    entry.o(.ARM.Collect$$$$00000000) refers (Special) to entry7b.o(.ARM.Collect$$$$00000008) for _main_clock
    entry.o(.ARM.Collect$$$$00000000) refers (Special) to entry8b.o(.ARM.Collect$$$$0000000A) for _main_cpp_init
    entry.o(.ARM.Collect$$$$00000000) refers (Special) to entry9a.o(.ARM.Collect$$$$0000000B) for _main_init
    entry.o(.ARM.Collect$$$$00000000) refers (Special) to entry5.o(.ARM.Collect$$$$00000004) for _main_scatterload
    entry.o(.ARM.Collect$$$$00000000) refers (Special) to entry2.o(.ARM.Collect$$$$00000001) for _main_stk
    idiv.o(.text) refers to uidiv.o(.text) for __aeabi_uidivmod
    entry2.o(.ARM.Collect$$$$00000001) refers to entry2.o(.ARM.Collect$$$$00002712) for __lit__00000000
    entry2.o(.ARM.Collect$$$$00002712) refers to startup_stm32f051.o(STACK) for __initial_sp
    entry2.o(__vectab_stack_and_reset_area) refers to startup_stm32f051.o(STACK) for __initial_sp
    entry2.o(__vectab_stack_and_reset_area) refers to entry.o(.ARM.Collect$$$$00000000) for __main
    entry5.o(.ARM.Collect$$$$00000004) refers to init.o(.text) for __scatterload
    entry9a.o(.ARM.Collect$$$$0000000B) refers to main.o(.text) for main
    entry9b.o(.ARM.Collect$$$$0000000C) refers to main.o(.text) for main
    init.o(.text) refers to entry5.o(.ARM.Collect$$$$00000004) for __main_after_scatterload


==============================================================================

Removing Unused input sections from the image.

    Removing system_stm32f0xx.o(.rev16_text), (4 bytes).
    Removing system_stm32f0xx.o(.revsh_text), (4 bytes).
    Removing startup_stm32f051.o(HEAP), (512 bytes).
    Removing led.o(.rev16_text), (4 bytes).
    Removing led.o(.revsh_text), (4 bytes).
    Removing led.o(.text), (152 bytes).
    Removing led.o(.constdata), (8 bytes).
    Removing main.o(.rev16_text), (4 bytes).
    Removing main.o(.revsh_text), (4 bytes).
    Removing main.o(.constdata), (2 bytes).
    Removing main.o(.constdata), (2 bytes).
    Removing main.o(.constdata), (2 bytes).
    Removing main.o(.constdata), (2 bytes).
    Removing main.o(.constdata), (2 bytes).
    Removing main.o(.constdata), (2 bytes).
    Removing main.o(.data), (1 bytes).
    Removing main.o(.data), (2 bytes).
    Removing main.o(.data), (1 bytes).
    Removing main.o(.data), (2 bytes).
    Removing main.o(.data), (2 bytes).
    Removing main.o(.data), (17 bytes).
    Removing main.o(.data), (17 bytes).
    Removing main.o(.data), (17 bytes).
    Removing main.o(.data), (17 bytes).
    Removing main.o(.data), (17 bytes).
    Removing main.o(.data), (1 bytes).
    Removing main.o(.data), (1 bytes).
    Removing main.o(.data), (1 bytes).
    Removing main.o(.data), (1 bytes).
    Removing main.o(.data), (1 bytes).
    Removing main.o(.data), (1 bytes).
    Removing main.o(.data), (2 bytes).
    Removing main.o(.data), (2 bytes).
    Removing main.o(.data), (1 bytes).
    Removing main.o(.data), (1 bytes).
    Removing main.o(.data), (4 bytes).
    Removing main.o(.data), (4 bytes).
    Removing main.o(.data), (2 bytes).
    Removing main.o(.data), (1 bytes).
    Removing main.o(.data), (4 bytes).
    Removing main.o(.data), (1 bytes).
    Removing main.o(.data), (2 bytes).
    Removing main.o(.data), (1 bytes).
    Removing main.o(.data), (2 bytes).
    Removing main.o(.data), (2 bytes).
    Removing main.o(.data), (4 bytes).
    Removing main.o(.data), (4 bytes).
    Removing main.o(.data), (4 bytes).
    Removing main.o(.data), (2 bytes).
    Removing main.o(.data), (2 bytes).
    Removing main.o(.data), (2 bytes).
    Removing main.o(.data), (2 bytes).
    Removing main.o(.data), (2 bytes).
    Removing main.o(.data), (2 bytes).
    Removing main.o(.data), (2 bytes).
    Removing main.o(.data), (1 bytes).
    Removing main.o(.data), (1 bytes).
    Removing main.o(.data), (1 bytes).
    Removing main.o(.data), (1 bytes).
    Removing main.o(.data), (2 bytes).
    Removing lcd_pal_4_2.o(.rev16_text), (4 bytes).
    Removing lcd_pal_4_2.o(.revsh_text), (4 bytes).
    Removing eeprom.o(.rev16_text), (4 bytes).
    Removing eeprom.o(.revsh_text), (4 bytes).
    Removing stm32f0xx_exti.o(.rev16_text), (4 bytes).
    Removing stm32f0xx_exti.o(.revsh_text), (4 bytes).
    Removing stm32f0xx_exti.o(.text), (212 bytes).
    Removing stm32f0xx_flash.o(.rev16_text), (4 bytes).
    Removing stm32f0xx_flash.o(.revsh_text), (4 bytes).
    Removing stm32f0xx_iwdg.o(.rev16_text), (4 bytes).
    Removing stm32f0xx_iwdg.o(.revsh_text), (4 bytes).
    Removing stm32f0xx_iwdg.o(.text), (68 bytes).
    Removing stm32f0xx_spi.o(.rev16_text), (4 bytes).
    Removing stm32f0xx_spi.o(.revsh_text), (4 bytes).
    Removing stm32f0xx_spi.o(.text), (756 bytes).
    Removing stm32f0xx_syscfg.o(.rev16_text), (4 bytes).
    Removing stm32f0xx_syscfg.o(.revsh_text), (4 bytes).
    Removing stm32f0xx_syscfg.o(.text), (152 bytes).
    Removing stm32f0xx_tim.o(.rev16_text), (4 bytes).
    Removing stm32f0xx_tim.o(.revsh_text), (4 bytes).
    Removing stm32f0xx_tim.o(.text), (2332 bytes).
    Removing stm32f0xx_wwdg.o(.rev16_text), (4 bytes).
    Removing stm32f0xx_wwdg.o(.revsh_text), (4 bytes).
    Removing stm32f0xx_wwdg.o(.text), (120 bytes).
    Removing stm32f0xx_rcc.o(.rev16_text), (4 bytes).
    Removing stm32f0xx_rcc.o(.revsh_text), (4 bytes).
    Removing stm32f0xx_rcc.o(.text), (1036 bytes).
    Removing stm32f0xx_rcc.o(.data), (16 bytes).

88 unused section(s) (total 5640 bytes) removed from the image.

==============================================================================

Image Symbol Table

    Local Symbols

    Symbol Name                              Value     Ov Type        Size  Object(Section)

    ../clib/microlib/division.c              0x00000000   Number         0  idiv.o ABSOLUTE
    ../clib/microlib/division.c              0x00000000   Number         0  uidiv.o ABSOLUTE
    ../clib/microlib/init/entry.s            0x00000000   Number         0  entry9a.o ABSOLUTE
    ../clib/microlib/init/entry.s            0x00000000   Number         0  entry7a.o ABSOLUTE
    ../clib/microlib/init/entry.s            0x00000000   Number         0  entry11a.o ABSOLUTE
    ../clib/microlib/init/entry.s            0x00000000   Number         0  entry10b.o ABSOLUTE
    ../clib/microlib/init/entry.s            0x00000000   Number         0  entry10a.o ABSOLUTE
    ../clib/microlib/init/entry.s            0x00000000   Number         0  entry5.o ABSOLUTE
    ../clib/microlib/init/entry.s            0x00000000   Number         0  entry9b.o ABSOLUTE
    ../clib/microlib/init/entry.s            0x00000000   Number         0  entry2.o ABSOLUTE
    ../clib/microlib/init/entry.s            0x00000000   Number         0  entry8b.o ABSOLUTE
    ../clib/microlib/init/entry.s            0x00000000   Number         0  entry.o ABSOLUTE
    ../clib/microlib/init/entry.s            0x00000000   Number         0  entry11b.o ABSOLUTE
    ../clib/microlib/init/entry.s            0x00000000   Number         0  entry8a.o ABSOLUTE
    ../clib/microlib/init/entry.s            0x00000000   Number         0  entry7b.o ABSOLUTE
    ../clib/microlib/string/memcpy.c         0x00000000   Number         0  memcpyb.o ABSOLUTE
    ../clib/microlib/string/memcpy.c         0x00000000   Number         0  memcpya.o ABSOLUTE
    LED.c                                    0x00000000   Number         0  led.o ABSOLUTE
    LED.c                                    0x00000000   Number         0  led.o ABSOLUTE
    STM32F0xx_StdPeriph_Driver\\src\\stm32f0xx_exti.c 0x00000000   Number         0  stm32f0xx_exti.o ABSOLUTE
    STM32F0xx_StdPeriph_Driver\\src\\stm32f0xx_flash.c 0x00000000   Number         0  stm32f0xx_flash.o ABSOLUTE
    STM32F0xx_StdPeriph_Driver\\src\\stm32f0xx_iwdg.c 0x00000000   Number         0  stm32f0xx_iwdg.o ABSOLUTE
    STM32F0xx_StdPeriph_Driver\\src\\stm32f0xx_rcc.c 0x00000000   Number         0  stm32f0xx_rcc.o ABSOLUTE
    STM32F0xx_StdPeriph_Driver\\src\\stm32f0xx_spi.c 0x00000000   Number         0  stm32f0xx_spi.o ABSOLUTE
    STM32F0xx_StdPeriph_Driver\\src\\stm32f0xx_syscfg.c 0x00000000   Number         0  stm32f0xx_syscfg.o ABSOLUTE
    STM32F0xx_StdPeriph_Driver\\src\\stm32f0xx_tim.c 0x00000000   Number         0  stm32f0xx_tim.o ABSOLUTE
    STM32F0xx_StdPeriph_Driver\\src\\stm32f0xx_wwdg.c 0x00000000   Number         0  stm32f0xx_wwdg.o ABSOLUTE
    STM32F0xx_StdPeriph_Driver\src\stm32f0xx_exti.c 0x00000000   Number         0  stm32f0xx_exti.o ABSOLUTE
    STM32F0xx_StdPeriph_Driver\src\stm32f0xx_flash.c 0x00000000   Number         0  stm32f0xx_flash.o ABSOLUTE
    STM32F0xx_StdPeriph_Driver\src\stm32f0xx_iwdg.c 0x00000000   Number         0  stm32f0xx_iwdg.o ABSOLUTE
    STM32F0xx_StdPeriph_Driver\src\stm32f0xx_rcc.c 0x00000000   Number         0  stm32f0xx_rcc.o ABSOLUTE
    STM32F0xx_StdPeriph_Driver\src\stm32f0xx_spi.c 0x00000000   Number         0  stm32f0xx_spi.o ABSOLUTE
    STM32F0xx_StdPeriph_Driver\src\stm32f0xx_syscfg.c 0x00000000   Number         0  stm32f0xx_syscfg.o ABSOLUTE
    STM32F0xx_StdPeriph_Driver\src\stm32f0xx_tim.c 0x00000000   Number         0  stm32f0xx_tim.o ABSOLUTE
    STM32F0xx_StdPeriph_Driver\src\stm32f0xx_wwdg.c 0x00000000   Number         0  stm32f0xx_wwdg.o ABSOLUTE
    common_func.c                            0x00000000   Number         0  common_func.o ABSOLUTE
    dc.s                                     0x00000000   Number         0  dc.o ABSOLUTE
    eeprom.c                                 0x00000000   Number         0  eeprom.o ABSOLUTE
    eeprom.c                                 0x00000000   Number         0  eeprom.o ABSOLUTE
    gran.c                                   0x00000000   Number         0  gran.o ABSOLUTE
    handlers.s                               0x00000000   Number         0  handlers.o ABSOLUTE
    init.s                                   0x00000000   Number         0  init.o ABSOLUTE
    lcd_pal_4_2.c                            0x00000000   Number         0  lcd_pal_4_2.o ABSOLUTE
    lcd_pal_4_2.c                            0x00000000   Number         0  lcd_pal_4_2.o ABSOLUTE
    main.c                                   0x00000000   Number         0  main.o ABSOLUTE
    main.c                                   0x00000000   Number         0  main.o ABSOLUTE
    ruslcd.c                                 0x00000000   Number         0  ruslcd.o ABSOLUTE
    startup_stm32f051.s                      0x00000000   Number         0  startup_stm32f051.o ABSOLUTE
    system_stm32f0xx.c                       0x00000000   Number         0  system_stm32f0xx.o ABSOLUTE
    system_stm32f0xx.c                       0x00000000   Number         0  system_stm32f0xx.o ABSOLUTE
    RESET                                    0x08000000   Section      192  startup_stm32f051.o(RESET)
    .ARM.Collect$$$$00000000                 0x080000c0   Section        0  entry.o(.ARM.Collect$$$$00000000)
    .ARM.Collect$$$$00000001                 0x080000c0   Section        4  entry2.o(.ARM.Collect$$$$00000001)
    .ARM.Collect$$$$00000004                 0x080000c4   Section        4  entry5.o(.ARM.Collect$$$$00000004)
    .ARM.Collect$$$$00000008                 0x080000c8   Section        0  entry7b.o(.ARM.Collect$$$$00000008)
    .ARM.Collect$$$$0000000A                 0x080000c8   Section        0  entry8b.o(.ARM.Collect$$$$0000000A)
    .ARM.Collect$$$$0000000B                 0x080000c8   Section        8  entry9a.o(.ARM.Collect$$$$0000000B)
    .ARM.Collect$$$$0000000D                 0x080000d0   Section        0  entry10a.o(.ARM.Collect$$$$0000000D)
    .ARM.Collect$$$$0000000F                 0x080000d0   Section        0  entry11a.o(.ARM.Collect$$$$0000000F)
    .ARM.Collect$$$$00002712                 0x080000d0   Section        4  entry2.o(.ARM.Collect$$$$00002712)
    __lit__00000000                          0x080000d0   Data           4  entry2.o(.ARM.Collect$$$$00002712)
    .text                                    0x080000d4   Section        0  system_stm32f0xx.o(.text)
    SetSysClock                              0x08000183   Thumb Code   142  system_stm32f0xx.o(.text)
    .text                                    0x0800022c   Section       28  startup_stm32f051.o(.text)
    .text                                    0x08000248   Section        0  main.o(.text)
    SysTick_Config                           0x08000dc7   Thumb Code    42  main.o(.text)
    .text                                    0x08000e10   Section        0  lcd_pal_4_2.o(.text)
    delay                                    0x08000f73   Thumb Code     8  lcd_pal_4_2.o(.text)
    .text                                    0x08000f94   Section        0  ruslcd.o(.text)
    .text                                    0x08000fb4   Section        0  common_func.o(.text)
    .text                                    0x08001678   Section        0  gran.o(.text)
    .text                                    0x080016d0   Section        0  eeprom.o(.text)
    EE_FindValidPage                         0x080016d1   Thumb Code    60  eeprom.o(.text)
    EE_VerifyPageFullWriteVariable           0x0800170d   Thumb Code    68  eeprom.o(.text)
    EE_Format                                0x0800189b   Thumb Code    34  eeprom.o(.text)
    EE_PageTransfer                          0x080018bd   Thumb Code   126  eeprom.o(.text)
    .text                                    0x08001954   Section        0  stm32f0xx_flash.o(.text)
    .text                                    0x08001da0   Section        0  uidiv.o(.text)
    .text                                    0x08001dcc   Section        0  idiv.o(.text)
    .text                                    0x08001df4   Section        0  memcpya.o(.text)
    .text                                    0x08001e18   Section       36  init.o(.text)
    i.__scatterload_copy                     0x08001e3c   Section       14  handlers.o(i.__scatterload_copy)
    i.__scatterload_null                     0x08001e4a   Section        2  handlers.o(i.__scatterload_null)
    i.__scatterload_zeroinit                 0x08001e4c   Section       14  handlers.o(i.__scatterload_zeroinit)
    .constdata                               0x08001e5a   Section       17  main.o(.constdata)
    .constdata                               0x08001e6b   Section       89  ruslcd.o(.constdata)
    .data                                    0x20000000   Section       20  system_stm32f0xx.o(.data)
    .data                                    0x20000014   Section      124  main.o(.data)
    cnt__                                    0x20000014   Data           1  main.o(.data)
    .data                                    0x20000090   Section        2  main.o(.data)
    .data                                    0x20000092   Section        5  main.o(.data)
    .data                                    0x20000097   Section        1  main.o(.data)
    .data                                    0x20000098   Section        2  eeprom.o(.data)
    .bss                                     0x2000009c   Section       40  main.o(.bss)
    .bss                                     0x200000c4   Section     2048  main.o(.bss)
    STACK                                    0x200008c8   Section     1024  startup_stm32f051.o(STACK)

    Global Symbols

    Symbol Name                              Value     Ov Type        Size  Object(Section)

    BuildAttributes$$THM_ISAv3M$S$PE$A:L22$X:L11$S22$IEEE1$IW$USESV6$~STKCKD$USESV7$~SHL$OSPACE$EBA8$MICROLIB$REQ8$PRES8$EABIv2 0x00000000   Number         0  anon$$obj.o ABSOLUTE
    __ARM_use_no_argv                        0x00000000   Number         0  main.o ABSOLUTE
    __cpp_initialize__aeabi_                  - Undefined Weak Reference
    __cxa_finalize                            - Undefined Weak Reference
    __decompress                              - Undefined Weak Reference
    _clock_init                               - Undefined Weak Reference
    _microlib_exit                            - Undefined Weak Reference
    __Vectors_Size                           0x000000c0   Number         0  startup_stm32f051.o ABSOLUTE
    __Vectors                                0x08000000   Data           4  startup_stm32f051.o(RESET)
    __Vectors_End                            0x080000c0   Data           0  startup_stm32f051.o(RESET)
    __main                                   0x080000c1   Thumb Code     0  entry.o(.ARM.Collect$$$$00000000)
    _main_stk                                0x080000c1   Thumb Code     0  entry2.o(.ARM.Collect$$$$00000001)
    _main_scatterload                        0x080000c5   Thumb Code     0  entry5.o(.ARM.Collect$$$$00000004)
    __main_after_scatterload                 0x080000c9   Thumb Code     0  entry5.o(.ARM.Collect$$$$00000004)
    _main_clock                              0x080000c9   Thumb Code     0  entry7b.o(.ARM.Collect$$$$00000008)
    _main_cpp_init                           0x080000c9   Thumb Code     0  entry8b.o(.ARM.Collect$$$$0000000A)
    _main_init                               0x080000c9   Thumb Code     0  entry9a.o(.ARM.Collect$$$$0000000B)
    __rt_final_cpp                           0x080000d1   Thumb Code     0  entry10a.o(.ARM.Collect$$$$0000000D)
    __rt_final_exit                          0x080000d1   Thumb Code     0  entry11a.o(.ARM.Collect$$$$0000000F)
    SystemInit                               0x080000d5   Thumb Code    84  system_stm32f0xx.o(.text)
    SystemCoreClockUpdate                    0x08000129   Thumb Code    90  system_stm32f0xx.o(.text)
    Reset_Handler                            0x0800022d   Thumb Code     8  startup_stm32f051.o(.text)
    NMI_Handler                              0x08000235   Thumb Code     2  startup_stm32f051.o(.text)
    HardFault_Handler                        0x08000237   Thumb Code     2  startup_stm32f051.o(.text)
    SVC_Handler                              0x08000239   Thumb Code     2  startup_stm32f051.o(.text)
    PendSV_Handler                           0x0800023b   Thumb Code     2  startup_stm32f051.o(.text)
    ADC1_COMP_IRQHandler                     0x0800023f   Thumb Code     0  startup_stm32f051.o(.text)
    CEC_IRQHandler                           0x0800023f   Thumb Code     0  startup_stm32f051.o(.text)
    DMA1_Channel1_IRQHandler                 0x0800023f   Thumb Code     0  startup_stm32f051.o(.text)
    DMA1_Channel2_3_IRQHandler               0x0800023f   Thumb Code     0  startup_stm32f051.o(.text)
    DMA1_Channel4_5_IRQHandler               0x0800023f   Thumb Code     0  startup_stm32f051.o(.text)
    EXTI0_1_IRQHandler                       0x0800023f   Thumb Code     0  startup_stm32f051.o(.text)
    EXTI2_3_IRQHandler                       0x0800023f   Thumb Code     0  startup_stm32f051.o(.text)
    EXTI4_15_IRQHandler                      0x0800023f   Thumb Code     0  startup_stm32f051.o(.text)
    FLASH_IRQHandler                         0x0800023f   Thumb Code     0  startup_stm32f051.o(.text)
    I2C1_IRQHandler                          0x0800023f   Thumb Code     0  startup_stm32f051.o(.text)
    I2C2_IRQHandler                          0x0800023f   Thumb Code     0  startup_stm32f051.o(.text)
    PVD_IRQHandler                           0x0800023f   Thumb Code     0  startup_stm32f051.o(.text)
    RCC_IRQHandler                           0x0800023f   Thumb Code     0  startup_stm32f051.o(.text)
    RTC_IRQHandler                           0x0800023f   Thumb Code     0  startup_stm32f051.o(.text)
    SPI1_IRQHandler                          0x0800023f   Thumb Code     0  startup_stm32f051.o(.text)
    SPI2_IRQHandler                          0x0800023f   Thumb Code     0  startup_stm32f051.o(.text)
    TIM14_IRQHandler                         0x0800023f   Thumb Code     0  startup_stm32f051.o(.text)
    TIM15_IRQHandler                         0x0800023f   Thumb Code     0  startup_stm32f051.o(.text)
    TIM16_IRQHandler                         0x0800023f   Thumb Code     0  startup_stm32f051.o(.text)
    TIM17_IRQHandler                         0x0800023f   Thumb Code     0  startup_stm32f051.o(.text)
    TIM1_BRK_UP_TRG_COM_IRQHandler           0x0800023f   Thumb Code     0  startup_stm32f051.o(.text)
    TIM1_CC_IRQHandler                       0x0800023f   Thumb Code     0  startup_stm32f051.o(.text)
    TIM2_IRQHandler                          0x0800023f   Thumb Code     0  startup_stm32f051.o(.text)
    TIM3_IRQHandler                          0x0800023f   Thumb Code     0  startup_stm32f051.o(.text)
    TIM6_DAC_IRQHandler                      0x0800023f   Thumb Code     0  startup_stm32f051.o(.text)
    TS_IRQHandler                            0x0800023f   Thumb Code     0  startup_stm32f051.o(.text)
    USART1_IRQHandler                        0x0800023f   Thumb Code     0  startup_stm32f051.o(.text)
    USART2_IRQHandler                        0x0800023f   Thumb Code     0  startup_stm32f051.o(.text)
    WWDG_IRQHandler                          0x0800023f   Thumb Code     0  startup_stm32f051.o(.text)
    ret                                      0x08000249   Thumb Code     6  main.o(.text)
    ret_hndl                                 0x0800024f   Thumb Code    30  main.o(.text)
    memo_read                                0x0800026d   Thumb Code    64  main.o(.text)
    ind_hndl                                 0x080002ad   Thumb Code   704  main.o(.text)
    but_drv                                  0x0800056d   Thumb Code   832  main.o(.text)
    but_an                                   0x080008ad   Thumb Code   720  main.o(.text)
    SysTick_Handler                          0x08000b7d   Thumb Code   258  main.o(.text)
    Delay                                    0x08000c7f   Thumb Code    50  main.o(.text)
    BTN_Init                                 0x08000cb1   Thumb Code    42  main.o(.text)
    BTN_Get                                  0x08000cdb   Thumb Code    12  main.o(.text)
    SystemCoreClockSetHSI                    0x08000ce7   Thumb Code   122  main.o(.text)
    main                                     0x08000d61   Thumb Code   102  main.o(.text)
    lcd_write_4bit                           0x08000e11   Thumb Code    50  lcd_pal_4_2.o(.text)
    lcd_putchar                              0x08000e43   Thumb Code    38  lcd_pal_4_2.o(.text)
    lcd_write_cmd                            0x08000e69   Thumb Code    38  lcd_pal_4_2.o(.text)
    set_cursor                               0x08000e8f   Thumb Code    16  lcd_pal_4_2.o(.text)
    lcd_clear                                0x08000e9f   Thumb Code    18  lcd_pal_4_2.o(.text)
    lcd_out                                  0x08000eb1   Thumb Code    68  lcd_pal_4_2.o(.text)
    lcd_init                                 0x08000ef5   Thumb Code   126  lcd_pal_4_2.o(.text)
    ruslcd                                   0x08000f95   Thumb Code    26  ruslcd.o(.text)
    abs                                      0x08000fb5   Thumb Code    10  common_func.o(.text)
    clr_scrn                                 0x08000fbf   Thumb Code    18  common_func.o(.text)
    find                                     0x08000fd1   Thumb Code    22  common_func.o(.text)
    bin2bcd_int                              0x08000fe7   Thumb Code    24  common_func.o(.text)
    bcd2lcd_zero                             0x08000fff   Thumb Code    64  common_func.o(.text)
    int2lcd_m                                0x0800103f   Thumb Code    98  common_func.o(.text)
    int2lcd_mm                               0x080010a1   Thumb Code   124  common_func.o(.text)
    int2lcd_mmm                              0x0800111d   Thumb Code   160  common_func.o(.text)
    long2lcd_mmm                             0x080011bd   Thumb Code   154  common_func.o(.text)
    long2lcdyx_mmm                           0x08001257   Thumb Code   160  common_func.o(.text)
    int2lcdyx                                0x080012f7   Thumb Code    78  common_func.o(.text)
    int2lcd                                  0x08001345   Thumb Code   104  common_func.o(.text)
    long2lcdhyx                              0x080013ad   Thumb Code   116  common_func.o(.text)
    char2lcdh                                0x08001421   Thumb Code    34  common_func.o(.text)
    char2lcdhyx                              0x08001443   Thumb Code    34  common_func.o(.text)
    int2lcdhyx                               0x08001465   Thumb Code    62  common_func.o(.text)
    char2lcdbyx                              0x080014a3   Thumb Code   118  common_func.o(.text)
    pointer_set                              0x08001519   Thumb Code   132  common_func.o(.text)
    tree_down                                0x0800159d   Thumb Code    42  common_func.o(.text)
    tree_up                                  0x080015c7   Thumb Code    50  common_func.o(.text)
    bgnd_par                                 0x080015f9   Thumb Code    50  common_func.o(.text)
    sub_bgnd                                 0x0800162b   Thumb Code    38  common_func.o(.text)
    show_mess                                0x08001651   Thumb Code     2  common_func.o(.text)
    ptr_carry                                0x08001653   Thumb Code    18  common_func.o(.text)
    gran_ring_char                           0x08001679   Thumb Code    22  gran.o(.text)
    gran_char                                0x0800168f   Thumb Code    22  gran.o(.text)
    gran                                     0x080016a5   Thumb Code    22  gran.o(.text)
    gran_ring                                0x080016bb   Thumb Code    22  gran.o(.text)
    EE_ReadVariable                          0x08001751   Thumb Code    60  eeprom.o(.text)
    EE_Init                                  0x0800178d   Thumb Code   246  eeprom.o(.text)
    EE_WriteVariable                         0x08001883   Thumb Code    24  eeprom.o(.text)
    FLASH_SetLatency                         0x08001955   Thumb Code    14  stm32f0xx_flash.o(.text)
    FLASH_PrefetchBufferCmd                  0x08001963   Thumb Code    20  stm32f0xx_flash.o(.text)
    FLASH_GetPrefetchBufferStatus            0x08001977   Thumb Code    14  stm32f0xx_flash.o(.text)
    FLASH_Unlock                             0x08001985   Thumb Code    18  stm32f0xx_flash.o(.text)
    FLASH_Lock                               0x08001997   Thumb Code    12  stm32f0xx_flash.o(.text)
    FLASH_GetStatus                          0x080019a3   Thumb Code    34  stm32f0xx_flash.o(.text)
    FLASH_WaitForLastOperation               0x080019c5   Thumb Code    34  stm32f0xx_flash.o(.text)
    FLASH_ErasePage                          0x080019e7   Thumb Code    52  stm32f0xx_flash.o(.text)
    FLASH_EraseAllPages                      0x08001a1b   Thumb Code    48  stm32f0xx_flash.o(.text)
    FLASH_ProgramWord                        0x08001a4b   Thumb Code    70  stm32f0xx_flash.o(.text)
    FLASH_ProgramHalfWord                    0x08001a91   Thumb Code    48  stm32f0xx_flash.o(.text)
    FLASH_OB_Unlock                          0x08001ac1   Thumb Code    18  stm32f0xx_flash.o(.text)
    FLASH_OB_Lock                            0x08001ad3   Thumb Code    12  stm32f0xx_flash.o(.text)
    FLASH_OB_Launch                          0x08001adf   Thumb Code    14  stm32f0xx_flash.o(.text)
    FLASH_OB_GetRDP                          0x08001aed   Thumb Code    16  stm32f0xx_flash.o(.text)
    FLASH_OB_Erase                           0x08001afd   Thumb Code   106  stm32f0xx_flash.o(.text)
    FLASH_OB_EnableWRP                       0x08001b67   Thumb Code    80  stm32f0xx_flash.o(.text)
    FLASH_OB_RDPConfig                       0x08001bb7   Thumb Code    82  stm32f0xx_flash.o(.text)
    FLASH_OB_UserConfig                      0x08001c09   Thumb Code    64  stm32f0xx_flash.o(.text)
    FLASH_OB_BOOTConfig                      0x08001c49   Thumb Code    54  stm32f0xx_flash.o(.text)
    FLASH_OB_VDDAConfig                      0x08001c7f   Thumb Code    54  stm32f0xx_flash.o(.text)
    FLASH_OB_SRAMParityConfig                0x08001cb5   Thumb Code    54  stm32f0xx_flash.o(.text)
    FLASH_OB_WriteUser                       0x08001ceb   Thumb Code    54  stm32f0xx_flash.o(.text)
    FLASH_ProgramOptionByteData              0x08001d21   Thumb Code    68  stm32f0xx_flash.o(.text)
    FLASH_OB_GetUser                         0x08001d65   Thumb Code    10  stm32f0xx_flash.o(.text)
    FLASH_OB_GetWRP                          0x08001d6f   Thumb Code     6  stm32f0xx_flash.o(.text)
    FLASH_ITConfig                           0x08001d75   Thumb Code    18  stm32f0xx_flash.o(.text)
    FLASH_GetFlagStatus                      0x08001d87   Thumb Code    16  stm32f0xx_flash.o(.text)
    FLASH_ClearFlag                          0x08001d97   Thumb Code     6  stm32f0xx_flash.o(.text)
    __aeabi_uidiv                            0x08001da1   Thumb Code     0  uidiv.o(.text)
    __aeabi_uidivmod                         0x08001da1   Thumb Code    44  uidiv.o(.text)
    __aeabi_idiv                             0x08001dcd   Thumb Code     0  idiv.o(.text)
    __aeabi_idivmod                          0x08001dcd   Thumb Code    40  idiv.o(.text)
    __aeabi_memcpy                           0x08001df5   Thumb Code    36  memcpya.o(.text)
    __aeabi_memcpy4                          0x08001df5   Thumb Code     0  memcpya.o(.text)
    __aeabi_memcpy8                          0x08001df5   Thumb Code     0  memcpya.o(.text)
    __scatterload                            0x08001e19   Thumb Code    28  init.o(.text)
    __scatterload_rt2                        0x08001e19   Thumb Code     0  init.o(.text)
    __scatterload_copy                       0x08001e3d   Thumb Code    14  handlers.o(i.__scatterload_copy)
    __scatterload_null                       0x08001e4b   Thumb Code     2  handlers.o(i.__scatterload_null)
    __scatterload_zeroinit                   0x08001e4d   Thumb Code    14  handlers.o(i.__scatterload_zeroinit)
    ABCDEF                                   0x08001e5a   Data          17  main.o(.constdata)
    rus_buff                                 0x08001e6b   Data          89  ruslcd.o(.constdata)
    Region$$Table$$Base                      0x08001ec4   Number         0  anon$$obj.o(Region$$Table)
    Region$$Table$$Limit                     0x08001ee4   Number         0  anon$$obj.o(Region$$Table)
    SystemCoreClock                          0x20000000   Data           4  system_stm32f0xx.o(.data)
    AHBPrescTable                            0x20000004   Data          16  system_stm32f0xx.o(.data)
    b1000Hz                                  0x20000015   Data           1  main.o(.data)
    b100Hz                                   0x20000016   Data           1  main.o(.data)
    b10Hz                                    0x20000017   Data           1  main.o(.data)
    b5Hz                                     0x20000018   Data           1  main.o(.data)
    b2Hz                                     0x20000019   Data           1  main.o(.data)
    b1Hz                                     0x2000001a   Data           1  main.o(.data)
    time_cnt4                                0x2000001b   Data           1  main.o(.data)
    time_cnt5                                0x2000001c   Data           1  main.o(.data)
    time_cnt6                                0x2000001d   Data           1  main.o(.data)
    time_cnt7                                0x2000001e   Data           1  main.o(.data)
    bFL5                                     0x2000001f   Data           1  main.o(.data)
    bFL2                                     0x20000020   Data           1  main.o(.data)
    bFL                                      0x20000021   Data           1  main.o(.data)
    ret_duty                                 0x20000022   Data           1  main.o(.data)
    bZV                                      0x20000023   Data           1  main.o(.data)
    bEND_                                    0x20000024   Data           1  main.o(.data)
    b1                                       0x20000025   Data           1  main.o(.data)
    b2                                       0x20000026   Data           1  main.o(.data)
    bZV_ERROR                                0x20000027   Data           1  main.o(.data)
    but                                      0x20000028   Data           1  main.o(.data)
    but0_cnt                                 0x20000029   Data           1  main.o(.data)
    but1_cnt                                 0x2000002a   Data           1  main.o(.data)
    but_onL_temp                             0x2000002b   Data           1  main.o(.data)
    speed                                    0x2000002c   Data           1  main.o(.data)
    l_but                                    0x2000002d   Data           1  main.o(.data)
    n_but                                    0x2000002e   Data           1  main.o(.data)
    short_time_cnt                           0x20000030   Data           2  main.o(.data)
    short_time_cnt_                          0x20000032   Data           2  main.o(.data)
    sound_buffer_                            0x20000034   Data           2  main.o(.data)
    audio_out_cnt                            0x20000036   Data           2  main.o(.data)
    volume                                   0x20000038   Data           2  main.o(.data)
    volume_koef                              0x2000003a   Data           2  main.o(.data)
    wrk_cnt                                  0x2000003c   Data           2  main.o(.data)
    current_file                             0x2000003e   Data           2  main.o(.data)
    MAIN_TIME                                0x20000040   Data           2  main.o(.data)
    DEMO_TIME                                0x20000042   Data           2  main.o(.data)
    DEMO_PERIOD                              0x20000044   Data           2  main.o(.data)
    NUM_OF_FILES                             0x20000046   Data           2  main.o(.data)
    MAIN_VOLUME                              0x20000048   Data           2  main.o(.data)
    MAIN_CNT                                 0x2000004a   Data           2  main.o(.data)
    but_n                                    0x2000004c   Data           2  main.o(.data)
    but_s                                    0x2000004e   Data           2  main.o(.data)
    max_main_music_cnt                       0x20000050   Data           2  main.o(.data)
    fade_out_main_music_cnt                  0x20000052   Data           2  main.o(.data)
    parol                                    0x20000054   Data           3  main.o(.data)
    msTicks                                  0x20000058   Data           4  main.o(.data)
    a_ind                                    0x2000005c   Data           5  main.o(.data)
    VirtAddVarTab                            0x20000062   Data           6  main.o(.data)
    lcd_buffer                               0x20000068   Data          40  main.o(.data)
    ind_pointer                              0x20000090   Data           2  main.o(.data)
    dig                                      0x20000092   Data           5  main.o(.data)
    zero_on                                  0x20000097   Data           1  main.o(.data)
    DataVar                                  0x20000098   Data           2  eeprom.o(.data)
    b_ind                                    0x2000009c   Data          40  main.o(.bss)
    sound_buffer                             0x200000c4   Data        2048  main.o(.bss)
    __initial_sp                             0x20000cc8   Data           0  startup_stm32f051.o(STACK)



==============================================================================

Memory Map of the image

  Image Entry point : 0x080000c1

  Load Region LR_IROM1 (Base: 0x08000000, Size: 0x00001f80, Max: 0x00003800, ABSOLUTE)

    Execution Region ER_IROM1 (Base: 0x08000000, Size: 0x00001ee4, Max: 0x00003800, ABSOLUTE)

    Base Addr    Size         Type   Attr      Idx    E Section Name        Object

    0x08000000   0x000000c0   Data   RO          113    RESET               startup_stm32f051.o
    0x080000c0   0x00000000   Code   RO          514  * .ARM.Collect$$$$00000000  mc_p.l(entry.o)
    0x080000c0   0x00000004   Code   RO          525    .ARM.Collect$$$$00000001  mc_p.l(entry2.o)
    0x080000c4   0x00000004   Code   RO          528    .ARM.Collect$$$$00000004  mc_p.l(entry5.o)
    0x080000c8   0x00000000   Code   RO          530    .ARM.Collect$$$$00000008  mc_p.l(entry7b.o)
    0x080000c8   0x00000000   Code   RO          532    .ARM.Collect$$$$0000000A  mc_p.l(entry8b.o)
    0x080000c8   0x00000008   Code   RO          533    .ARM.Collect$$$$0000000B  mc_p.l(entry9a.o)
    0x080000d0   0x00000000   Code   RO          535    .ARM.Collect$$$$0000000D  mc_p.l(entry10a.o)
    0x080000d0   0x00000000   Code   RO          537    .ARM.Collect$$$$0000000F  mc_p.l(entry11a.o)
    0x080000d0   0x00000004   Code   RO          526    .ARM.Collect$$$$00002712  mc_p.l(entry2.o)
    0x080000d4   0x00000158   Code   RO            3    .text               system_stm32f0xx.o
    0x0800022c   0x0000001c   Code   RO          114    .text               startup_stm32f051.o
    0x08000248   0x00000bc8   Code   RO          151    .text               main.o
    0x08000e10   0x00000184   Code   RO          262    .text               lcd_pal_4_2.o
    0x08000f94   0x00000020   Code   RO          281    .text               ruslcd.o
    0x08000fb4   0x000006c4   Code   RO          296    .text               common_func.o
    0x08001678   0x00000058   Code   RO          316    .text               gran.o
    0x080016d0   0x00000284   Code   RO          328    .text               eeprom.o
    0x08001954   0x0000044c   Code   RO          372    .text               stm32f0xx_flash.o
    0x08001da0   0x0000002c   Code   RO          517    .text               mc_p.l(uidiv.o)
    0x08001dcc   0x00000028   Code   RO          519    .text               mc_p.l(idiv.o)
    0x08001df4   0x00000024   Code   RO          521    .text               mc_p.l(memcpya.o)
    0x08001e18   0x00000024   Code   RO          539    .text               mc_p.l(init.o)
    0x08001e3c   0x0000000e   Code   RO          543    i.__scatterload_copy  mc_p.l(handlers.o)
    0x08001e4a   0x00000002   Code   RO          544    i.__scatterload_null  mc_p.l(handlers.o)
    0x08001e4c   0x0000000e   Code   RO          545    i.__scatterload_zeroinit  mc_p.l(handlers.o)
    0x08001e5a   0x00000011   Data   RO          154    .constdata          main.o
    0x08001e6b   0x00000059   Data   RO          282    .constdata          ruslcd.o
    0x08001ec4   0x00000020   Data   RO          541    Region$$Table       anon$$obj.o


    Execution Region RW_IRAM1 (Base: 0x20000000, Size: 0x00000cc8, Max: 0x00001000, ABSOLUTE)

    Base Addr    Size         Type   Attr      Idx    E Section Name        Object

    0x20000000   0x00000014   Data   RW            4    .data               system_stm32f0xx.o
    0x20000014   0x0000007c   Data   RW          161    .data               main.o
    0x20000090   0x00000002   Data   RW          164    .data               main.o
    0x20000092   0x00000005   Data   RW          178    .data               main.o
    0x20000097   0x00000001   Data   RW          179    .data               main.o
    0x20000098   0x00000002   Data   RW          329    .data               eeprom.o
    0x2000009a   0x00000002   PAD
    0x2000009c   0x00000028   Zero   RW          152    .bss                main.o
    0x200000c4   0x00000800   Zero   RW          153    .bss                main.o
    0x200008c4   0x00000004   PAD
    0x200008c8   0x00000400   Zero   RW          111    STACK               startup_stm32f051.o


==============================================================================

Image component sizes


      Code (inc. data)   RO Data    RW Data    ZI Data      Debug   Object Name

      1732         34          0          0          0       6291   common_func.o
       644         26          0          2          0       3105   eeprom.o
        88          0          0          0          0        754   gran.o
       388         26          0          0          0       1771   lcd_pal_4_2.o
      3016        704         17        132       2088     157590   main.o
        32          6         89          0          0        724   ruslcd.o
        28          8        192          0       1024        524   startup_stm32f051.o
      1100         20          0          0          0       6610   stm32f0xx_flash.o
       344         28          0         20          0     150943   system_stm32f0xx.o

    ----------------------------------------------------------------------
      7372        852        330        156       3116     328312   Object Totals
         0          0         32          0          0          0   (incl. Generated)
         0          0          0          2          4          0   (incl. Padding)

    ----------------------------------------------------------------------

      Code (inc. data)   RO Data    RW Data    ZI Data      Debug   Library Member Name

         0          0          0          0          0          0   entry.o
         0          0          0          0          0          0   entry10a.o
         0          0          0          0          0          0   entry11a.o
         8          4          0          0          0          0   entry2.o
         4          0          0          0          0          0   entry5.o
         0          0          0          0          0          0   entry7b.o
         0          0          0          0          0          0   entry8b.o
         8          4          0          0          0          0   entry9a.o
        30          0          0          0          0          0   handlers.o
        40          0          0          0          0         72   idiv.o
        36          8          0          0          0         68   init.o
        36          0          0          0          0         60   memcpya.o
        44          0          0          0          0         72   uidiv.o

    ----------------------------------------------------------------------
       206         16          0          0          0        272   Library Totals
         0          0          0          0          0          0   (incl. Padding)

    ----------------------------------------------------------------------

      Code (inc. data)   RO Data    RW Data    ZI Data      Debug   Library Name

       206         16          0          0          0        272   mc_p.l

    ----------------------------------------------------------------------
       206         16          0          0          0        272   Library Totals

    ----------------------------------------------------------------------

==============================================================================


      Code (inc. data)   RO Data    RW Data    ZI Data      Debug   

      7578        868        330        156       3116     327784   Grand Totals
      7578        868        330        156       3116     327784   ELF Image Totals
      7578        868        330        156          0          0   ROM Totals

==============================================================================

    Total RO  Size (Code + RO Data)                 7908 (   7.72kB)
    Total RW  Size (RW Data + ZI Data)              3272 (   3.20kB)
    Total ROM Size (Code + RO Data + RW Data)       8064 (   7.88kB)

==============================================================================

