ARM Linker, 5.03 [Build 76] [MDK-ARM Standard]

==============================================================================

Section Cross References

    system_stm32f0xx.o(.text) refers to uidiv.o(.text) for __aeabi_uidivmod
    system_stm32f0xx.o(.text) refers to system_stm32f0xx.o(.data) for SystemCoreClock
    startup_stm32f051.o(RESET) refers to startup_stm32f051.o(STACK) for __initial_sp
    startup_stm32f051.o(RESET) refers to startup_stm32f051.o(.text) for Reset_Handler
    startup_stm32f051.o(RESET) refers to main.o(.text) for SysTick_Handler
    startup_stm32f051.o(.text) refers to system_stm32f0xx.o(.text) for SystemInit
    startup_stm32f051.o(.text) refers to entry.o(.ARM.Collect$$$$00000000) for __main
    main.o(.text) refers to common_func.o(.text) for bgnd_par
    main.o(.text) refers to idiv.o(.text) for __aeabi_idivmod
    main.o(.text) refers to main.o(.data) for a_ind
    main.o(.text) refers to main.o(.bss) for sound_buffer
    main.o(.text) refers to system_stm32f0xx.o(.text) for SystemCoreClockUpdate
    main.o(.text) refers to uidiv.o(.text) for __aeabi_uidivmod
    main.o(.text) refers to lcd_pal_4_2.o(.text) for lcd_init
    main.o(.text) refers to system_stm32f0xx.o(.data) for SystemCoreClock
    ruslcd.o(.text) refers to ruslcd.o(.constdata) for rus_buff
    common_func.o(.text) refers to uidiv.o(.text) for __aeabi_uidivmod
    common_func.o(.text) refers to idiv.o(.text) for __aeabi_idivmod
    common_func.o(.text) refers to main.o(.data) for lcd_buffer
    common_func.o(.text) refers to main.o(.constdata) for ABCDEF
    common_func.o(.text) refers to memcpya.o(.text) for __aeabi_memcpy
    common_func.o(.text) refers to main.o(.bss) for b_ind
    entry.o(.ARM.Collect$$$$00000000) refers (Special) to entry10a.o(.ARM.Collect$$$$0000000D) for __rt_final_cpp
    entry.o(.ARM.Collect$$$$00000000) refers (Special) to entry11a.o(.ARM.Collect$$$$0000000F) for __rt_final_exit
    entry.o(.ARM.Collect$$$$00000000) refers (Special) to entry7b.o(.ARM.Collect$$$$00000008) for _main_clock
    entry.o(.ARM.Collect$$$$00000000) refers (Special) to entry8b.o(.ARM.Collect$$$$0000000A) for _main_cpp_init
    entry.o(.ARM.Collect$$$$00000000) refers (Special) to entry9a.o(.ARM.Collect$$$$0000000B) for _main_init
    entry.o(.ARM.Collect$$$$00000000) refers (Special) to entry5.o(.ARM.Collect$$$$00000004) for _main_scatterload
    entry.o(.ARM.Collect$$$$00000000) refers (Special) to entry2.o(.ARM.Collect$$$$00000001) for _main_stk
    idiv.o(.text) refers to uidiv.o(.text) for __aeabi_uidivmod
    entry2.o(.ARM.Collect$$$$00000001) refers to entry2.o(.ARM.Collect$$$$00002712) for __lit__00000000
    entry2.o(.ARM.Collect$$$$00002712) refers to startup_stm32f051.o(STACK) for __initial_sp
    entry2.o(__vectab_stack_and_reset_area) refers to startup_stm32f051.o(STACK) for __initial_sp
    entry2.o(__vectab_stack_and_reset_area) refers to entry.o(.ARM.Collect$$$$00000000) for __main
    entry5.o(.ARM.Collect$$$$00000004) refers to init.o(.text) for __scatterload
    entry9a.o(.ARM.Collect$$$$0000000B) refers to main.o(.text) for main
    entry9b.o(.ARM.Collect$$$$0000000C) refers to main.o(.text) for main
    init.o(.text) refers to entry5.o(.ARM.Collect$$$$00000004) for __main_after_scatterload


==============================================================================

Removing Unused input sections from the image.

    Removing system_stm32f0xx.o(.rev16_text), (4 bytes).
    Removing system_stm32f0xx.o(.revsh_text), (4 bytes).
    Removing startup_stm32f051.o(HEAP), (512 bytes).
    Removing led.o(.rev16_text), (4 bytes).
    Removing led.o(.revsh_text), (4 bytes).
    Removing led.o(.text), (204 bytes).
    Removing led.o(.constdata), (8 bytes).
    Removing main.o(.rev16_text), (4 bytes).
    Removing main.o(.revsh_text), (4 bytes).
    Removing lcd_pal_4_2.o(.rev16_text), (4 bytes).
    Removing lcd_pal_4_2.o(.revsh_text), (4 bytes).
    Removing ruslcd.o(.text), (36 bytes).
    Removing ruslcd.o(.constdata), (89 bytes).

13 unused section(s) (total 881 bytes) removed from the image.

==============================================================================

Image Symbol Table

    Local Symbols

    Symbol Name                              Value     Ov Type        Size  Object(Section)

    ../clib/../cmprslib/zerorunl2.c          0x00000000   Number         0  __dczerorl2.o ABSOLUTE
    ../clib/microlib/division.c              0x00000000   Number         0  uidiv.o ABSOLUTE
    ../clib/microlib/division.c              0x00000000   Number         0  idiv.o ABSOLUTE
    ../clib/microlib/init/entry.s            0x00000000   Number         0  entry9b.o ABSOLUTE
    ../clib/microlib/init/entry.s            0x00000000   Number         0  entry9a.o ABSOLUTE
    ../clib/microlib/init/entry.s            0x00000000   Number         0  entry8b.o ABSOLUTE
    ../clib/microlib/init/entry.s            0x00000000   Number         0  entry8a.o ABSOLUTE
    ../clib/microlib/init/entry.s            0x00000000   Number         0  entry7b.o ABSOLUTE
    ../clib/microlib/init/entry.s            0x00000000   Number         0  entry5.o ABSOLUTE
    ../clib/microlib/init/entry.s            0x00000000   Number         0  entry7a.o ABSOLUTE
    ../clib/microlib/init/entry.s            0x00000000   Number         0  entry.o ABSOLUTE
    ../clib/microlib/init/entry.s            0x00000000   Number         0  entry11b.o ABSOLUTE
    ../clib/microlib/init/entry.s            0x00000000   Number         0  entry2.o ABSOLUTE
    ../clib/microlib/init/entry.s            0x00000000   Number         0  entry11a.o ABSOLUTE
    ../clib/microlib/init/entry.s            0x00000000   Number         0  entry10b.o ABSOLUTE
    ../clib/microlib/init/entry.s            0x00000000   Number         0  entry10a.o ABSOLUTE
    ../clib/microlib/string/memcpy.c         0x00000000   Number         0  memcpyb.o ABSOLUTE
    ../clib/microlib/string/memcpy.c         0x00000000   Number         0  memcpya.o ABSOLUTE
    LED.c                                    0x00000000   Number         0  led.o ABSOLUTE
    LED.c                                    0x00000000   Number         0  led.o ABSOLUTE
    common_func.c                            0x00000000   Number         0  common_func.o ABSOLUTE
    dc.s                                     0x00000000   Number         0  dc.o ABSOLUTE
    handlers.s                               0x00000000   Number         0  handlers.o ABSOLUTE
    init.s                                   0x00000000   Number         0  init.o ABSOLUTE
    lcd_pal_4_2.c                            0x00000000   Number         0  lcd_pal_4_2.o ABSOLUTE
    lcd_pal_4_2.c                            0x00000000   Number         0  lcd_pal_4_2.o ABSOLUTE
    main.c                                   0x00000000   Number         0  main.o ABSOLUTE
    main.c                                   0x00000000   Number         0  main.o ABSOLUTE
    ruslcd.c                                 0x00000000   Number         0  ruslcd.o ABSOLUTE
    startup_stm32f051.s                      0x00000000   Number         0  startup_stm32f051.o ABSOLUTE
    system_stm32f0xx.c                       0x00000000   Number         0  system_stm32f0xx.o ABSOLUTE
    system_stm32f0xx.c                       0x00000000   Number         0  system_stm32f0xx.o ABSOLUTE
    RESET                                    0x08000000   Section      192  startup_stm32f051.o(RESET)
    .ARM.Collect$$$$00000000                 0x080000c0   Section        0  entry.o(.ARM.Collect$$$$00000000)
    .ARM.Collect$$$$00000001                 0x080000c0   Section        4  entry2.o(.ARM.Collect$$$$00000001)
    .ARM.Collect$$$$00000004                 0x080000c4   Section        4  entry5.o(.ARM.Collect$$$$00000004)
    .ARM.Collect$$$$00000008                 0x080000c8   Section        0  entry7b.o(.ARM.Collect$$$$00000008)
    .ARM.Collect$$$$0000000A                 0x080000c8   Section        0  entry8b.o(.ARM.Collect$$$$0000000A)
    .ARM.Collect$$$$0000000B                 0x080000c8   Section        8  entry9a.o(.ARM.Collect$$$$0000000B)
    .ARM.Collect$$$$0000000D                 0x080000d0   Section        0  entry10a.o(.ARM.Collect$$$$0000000D)
    .ARM.Collect$$$$0000000F                 0x080000d0   Section        0  entry11a.o(.ARM.Collect$$$$0000000F)
    .ARM.Collect$$$$00002712                 0x080000d0   Section        4  entry2.o(.ARM.Collect$$$$00002712)
    __lit__00000000                          0x080000d0   Data           4  entry2.o(.ARM.Collect$$$$00002712)
    .text                                    0x080000d4   Section        0  system_stm32f0xx.o(.text)
    SetSysClock                              0x080000d5   Thumb Code   202  system_stm32f0xx.o(.text)
    .text                                    0x080002c8   Section       28  startup_stm32f051.o(.text)
    .text                                    0x080002e4   Section        0  main.o(.text)
    NVIC_SetPriority                         0x08000bef   Thumb Code   110  main.o(.text)
    .text                                    0x08000cdc   Section        0  lcd_pal_4_2.o(.text)
    delay                                    0x08000cdd   Thumb Code    14  lcd_pal_4_2.o(.text)
    lcd_write_data                           0x08000d37   Thumb Code    44  lcd_pal_4_2.o(.text)
    .text                                    0x08000ea8   Section        0  common_func.o(.text)
    .text                                    0x08001948   Section        0  uidiv.o(.text)
    .text                                    0x08001974   Section        0  idiv.o(.text)
    .text                                    0x0800199c   Section        0  memcpya.o(.text)
    .text                                    0x080019c0   Section       36  init.o(.text)
    .text                                    0x080019e4   Section        0  __dczerorl2.o(.text)
    i.__scatterload_copy                     0x08001a3a   Section       14  handlers.o(i.__scatterload_copy)
    i.__scatterload_null                     0x08001a48   Section        2  handlers.o(i.__scatterload_null)
    i.__scatterload_zeroinit                 0x08001a4a   Section       14  handlers.o(i.__scatterload_zeroinit)
    .constdata                               0x08001a58   Section       17  main.o(.constdata)
    .data                                    0x20000000   Section       20  system_stm32f0xx.o(.data)
    .data                                    0x20000014   Section      280  main.o(.data)
    cnt__                                    0x2000009d   Data           1  main.o(.data)
    .bss                                     0x2000012c   Section     2088  main.o(.bss)
    STACK                                    0x20000958   Section     1024  startup_stm32f051.o(STACK)

    Global Symbols

    Symbol Name                              Value     Ov Type        Size  Object(Section)

    BuildAttributes$$THM_ISAv3M$S$PE$A:L22$X:L11$S22$IEEE1$IW$USESV6$~STKCKD$USESV7$~SHL$OSPACE$EBA8$MICROLIB$REQ8$PRES8$EABIv2 0x00000000   Number         0  anon$$obj.o ABSOLUTE
    __ARM_use_no_argv                        0x00000000   Number         0  main.o ABSOLUTE
    __cpp_initialize__aeabi_                  - Undefined Weak Reference
    __cxa_finalize                            - Undefined Weak Reference
    _clock_init                               - Undefined Weak Reference
    _microlib_exit                            - Undefined Weak Reference
    __Vectors_Size                           0x000000c0   Number         0  startup_stm32f051.o ABSOLUTE
    __Vectors                                0x08000000   Data           4  startup_stm32f051.o(RESET)
    __Vectors_End                            0x080000c0   Data           0  startup_stm32f051.o(RESET)
    __main                                   0x080000c1   Thumb Code     0  entry.o(.ARM.Collect$$$$00000000)
    _main_stk                                0x080000c1   Thumb Code     0  entry2.o(.ARM.Collect$$$$00000001)
    _main_scatterload                        0x080000c5   Thumb Code     0  entry5.o(.ARM.Collect$$$$00000004)
    __main_after_scatterload                 0x080000c9   Thumb Code     0  entry5.o(.ARM.Collect$$$$00000004)
    _main_clock                              0x080000c9   Thumb Code     0  entry7b.o(.ARM.Collect$$$$00000008)
    _main_cpp_init                           0x080000c9   Thumb Code     0  entry8b.o(.ARM.Collect$$$$0000000A)
    _main_init                               0x080000c9   Thumb Code     0  entry9a.o(.ARM.Collect$$$$0000000B)
    __rt_final_cpp                           0x080000d1   Thumb Code     0  entry10a.o(.ARM.Collect$$$$0000000D)
    __rt_final_exit                          0x080000d1   Thumb Code     0  entry11a.o(.ARM.Collect$$$$0000000F)
    SystemInit                               0x0800019f   Thumb Code   110  system_stm32f0xx.o(.text)
    SystemCoreClockUpdate                    0x0800020d   Thumb Code   154  system_stm32f0xx.o(.text)
    Reset_Handler                            0x080002c9   Thumb Code     8  startup_stm32f051.o(.text)
    NMI_Handler                              0x080002d1   Thumb Code     2  startup_stm32f051.o(.text)
    HardFault_Handler                        0x080002d3   Thumb Code     2  startup_stm32f051.o(.text)
    SVC_Handler                              0x080002d5   Thumb Code     2  startup_stm32f051.o(.text)
    PendSV_Handler                           0x080002d7   Thumb Code     2  startup_stm32f051.o(.text)
    ADC1_COMP_IRQHandler                     0x080002db   Thumb Code     0  startup_stm32f051.o(.text)
    CEC_IRQHandler                           0x080002db   Thumb Code     0  startup_stm32f051.o(.text)
    DMA1_Channel1_IRQHandler                 0x080002db   Thumb Code     0  startup_stm32f051.o(.text)
    DMA1_Channel2_3_IRQHandler               0x080002db   Thumb Code     0  startup_stm32f051.o(.text)
    DMA1_Channel4_5_IRQHandler               0x080002db   Thumb Code     0  startup_stm32f051.o(.text)
    EXTI0_1_IRQHandler                       0x080002db   Thumb Code     0  startup_stm32f051.o(.text)
    EXTI2_3_IRQHandler                       0x080002db   Thumb Code     0  startup_stm32f051.o(.text)
    EXTI4_15_IRQHandler                      0x080002db   Thumb Code     0  startup_stm32f051.o(.text)
    FLASH_IRQHandler                         0x080002db   Thumb Code     0  startup_stm32f051.o(.text)
    I2C1_IRQHandler                          0x080002db   Thumb Code     0  startup_stm32f051.o(.text)
    I2C2_IRQHandler                          0x080002db   Thumb Code     0  startup_stm32f051.o(.text)
    PVD_IRQHandler                           0x080002db   Thumb Code     0  startup_stm32f051.o(.text)
    RCC_IRQHandler                           0x080002db   Thumb Code     0  startup_stm32f051.o(.text)
    RTC_IRQHandler                           0x080002db   Thumb Code     0  startup_stm32f051.o(.text)
    SPI1_IRQHandler                          0x080002db   Thumb Code     0  startup_stm32f051.o(.text)
    SPI2_IRQHandler                          0x080002db   Thumb Code     0  startup_stm32f051.o(.text)
    TIM14_IRQHandler                         0x080002db   Thumb Code     0  startup_stm32f051.o(.text)
    TIM15_IRQHandler                         0x080002db   Thumb Code     0  startup_stm32f051.o(.text)
    TIM16_IRQHandler                         0x080002db   Thumb Code     0  startup_stm32f051.o(.text)
    TIM17_IRQHandler                         0x080002db   Thumb Code     0  startup_stm32f051.o(.text)
    TIM1_BRK_UP_TRG_COM_IRQHandler           0x080002db   Thumb Code     0  startup_stm32f051.o(.text)
    TIM1_CC_IRQHandler                       0x080002db   Thumb Code     0  startup_stm32f051.o(.text)
    TIM2_IRQHandler                          0x080002db   Thumb Code     0  startup_stm32f051.o(.text)
    TIM3_IRQHandler                          0x080002db   Thumb Code     0  startup_stm32f051.o(.text)
    TIM6_DAC_IRQHandler                      0x080002db   Thumb Code     0  startup_stm32f051.o(.text)
    TS_IRQHandler                            0x080002db   Thumb Code     0  startup_stm32f051.o(.text)
    USART1_IRQHandler                        0x080002db   Thumb Code     0  startup_stm32f051.o(.text)
    USART2_IRQHandler                        0x080002db   Thumb Code     0  startup_stm32f051.o(.text)
    WWDG_IRQHandler                          0x080002db   Thumb Code     0  startup_stm32f051.o(.text)
    ind_hndl                                 0x080002e5   Thumb Code   860  main.o(.text)
    SysTick_Handler                          0x08000641   Thumb Code  1056  main.o(.text)
    Delay                                    0x08000a61   Thumb Code    18  main.o(.text)
    BTN_Init                                 0x08000a73   Thumb Code    52  main.o(.text)
    BTN_Get                                  0x08000aa7   Thumb Code    12  main.o(.text)
    SystemCoreClockSetHSI                    0x08000ab3   Thumb Code   186  main.o(.text)
    main                                     0x08000b6d   Thumb Code   130  main.o(.text)
    lcd_write_4bit                           0x08000ceb   Thumb Code    76  lcd_pal_4_2.o(.text)
    lcd_putchar                              0x08000d63   Thumb Code    12  lcd_pal_4_2.o(.text)
    lcd_write_cmd                            0x08000d6f   Thumb Code    42  lcd_pal_4_2.o(.text)
    set_cursor                               0x08000d99   Thumb Code    28  lcd_pal_4_2.o(.text)
    lcd_clear                                0x08000db5   Thumb Code    18  lcd_pal_4_2.o(.text)
    lcd_out                                  0x08000dc7   Thumb Code    50  lcd_pal_4_2.o(.text)
    lcd_init                                 0x08000df9   Thumb Code   152  lcd_pal_4_2.o(.text)
    abs                                      0x08000ea9   Thumb Code    10  common_func.o(.text)
    clr_scrn                                 0x08000eb3   Thumb Code    20  common_func.o(.text)
    find                                     0x08000ec7   Thumb Code    24  common_func.o(.text)
    bin2bcd_int                              0x08000edf   Thumb Code    42  common_func.o(.text)
    bcd2lcd_zero                             0x08000f09   Thumb Code    78  common_func.o(.text)
    int2lcd_m                                0x08000f57   Thumb Code   186  common_func.o(.text)
    int2lcd_mm                               0x08001011   Thumb Code   210  common_func.o(.text)
    int2lcd_mmm                              0x080010e3   Thumb Code   210  common_func.o(.text)
    long2lcd_mmm                             0x080011b5   Thumb Code   208  common_func.o(.text)
    long2lcdyx_mmm                           0x08001285   Thumb Code   228  common_func.o(.text)
    int2lcdyx                                0x08001369   Thumb Code    98  common_func.o(.text)
    int2lcd                                  0x080013cb   Thumb Code   126  common_func.o(.text)
    long2lcdhyx                              0x08001449   Thumb Code   214  common_func.o(.text)
    char2lcdh                                0x0800151f   Thumb Code    64  common_func.o(.text)
    char2lcdhyx                              0x0800155f   Thumb Code    60  common_func.o(.text)
    int2lcdhyx                               0x0800159b   Thumb Code   128  common_func.o(.text)
    char2lcdbyx                              0x0800161b   Thumb Code   268  common_func.o(.text)
    pointer_set                              0x08001727   Thumb Code   266  common_func.o(.text)
    tree_down                                0x08001831   Thumb Code    64  common_func.o(.text)
    tree_up                                  0x08001871   Thumb Code    62  common_func.o(.text)
    bgnd_par                                 0x080018af   Thumb Code    58  common_func.o(.text)
    sub_bgnd                                 0x080018e9   Thumb Code    44  common_func.o(.text)
    show_mess                                0x08001915   Thumb Code     6  common_func.o(.text)
    ptr_carry                                0x0800191b   Thumb Code    28  common_func.o(.text)
    __aeabi_uidiv                            0x08001949   Thumb Code     0  uidiv.o(.text)
    __aeabi_uidivmod                         0x08001949   Thumb Code    44  uidiv.o(.text)
    __aeabi_idiv                             0x08001975   Thumb Code     0  idiv.o(.text)
    __aeabi_idivmod                          0x08001975   Thumb Code    40  idiv.o(.text)
    __aeabi_memcpy                           0x0800199d   Thumb Code    36  memcpya.o(.text)
    __aeabi_memcpy4                          0x0800199d   Thumb Code     0  memcpya.o(.text)
    __aeabi_memcpy8                          0x0800199d   Thumb Code     0  memcpya.o(.text)
    __scatterload                            0x080019c1   Thumb Code    28  init.o(.text)
    __scatterload_rt2                        0x080019c1   Thumb Code     0  init.o(.text)
    __decompress                             0x080019e5   Thumb Code     0  __dczerorl2.o(.text)
    __decompress1                            0x080019e5   Thumb Code    86  __dczerorl2.o(.text)
    __scatterload_copy                       0x08001a3b   Thumb Code    14  handlers.o(i.__scatterload_copy)
    __scatterload_null                       0x08001a49   Thumb Code     2  handlers.o(i.__scatterload_null)
    __scatterload_zeroinit                   0x08001a4b   Thumb Code    14  handlers.o(i.__scatterload_zeroinit)
    ABCDEF                                   0x08001a58   Data          17  main.o(.constdata)
    Region$$Table$$Base                      0x08001a6c   Number         0  anon$$obj.o(Region$$Table)
    Region$$Table$$Limit                     0x08001a8c   Number         0  anon$$obj.o(Region$$Table)
    SystemCoreClock                          0x20000000   Data           4  system_stm32f0xx.o(.data)
    AHBPrescTable                            0x20000004   Data          16  system_stm32f0xx.o(.data)
    lcd_buffer                               0x20000014   Data          40  main.o(.data)
    mnemo_cnt                                0x2000003c   Data           1  main.o(.data)
    ptr_ind                                  0x2000003e   Data           2  main.o(.data)
    ind_pointer                              0x20000040   Data           2  main.o(.data)
    volume_vector                            0x20000042   Data           1  main.o(.data)
    volume_period_cnt_max                    0x20000044   Data           2  main.o(.data)
    main_demo_cnt                            0x20000046   Data           2  main.o(.data)
    string1                                  0x20000048   Data          17  main.o(.data)
    string2                                  0x20000059   Data          17  main.o(.data)
    string3                                  0x2000006a   Data          17  main.o(.data)
    string4                                  0x2000007b   Data          17  main.o(.data)
    string5                                  0x2000008c   Data          17  main.o(.data)
    b1000Hz                                  0x2000009e   Data           1  main.o(.data)
    b100Hz                                   0x2000009f   Data           1  main.o(.data)
    b50Hz                                    0x200000a0   Data           1  main.o(.data)
    b10Hz                                    0x200000a1   Data           1  main.o(.data)
    b5Hz                                     0x200000a2   Data           1  main.o(.data)
    b2Hz                                     0x200000a3   Data           1  main.o(.data)
    b1Hz                                     0x200000a4   Data           1  main.o(.data)
    time_cnt1                                0x200000a5   Data           1  main.o(.data)
    time_cnt2                                0x200000a6   Data           1  main.o(.data)
    time_cnt3                                0x200000a7   Data           1  main.o(.data)
    time_cnt4                                0x200000a8   Data           1  main.o(.data)
    time_cnt5                                0x200000a9   Data           1  main.o(.data)
    time_cnt6                                0x200000aa   Data           1  main.o(.data)
    time_cnt7                                0x200000ab   Data           1  main.o(.data)
    short_time_cnt                           0x200000ac   Data           2  main.o(.data)
    short_time_cnt_                          0x200000ae   Data           2  main.o(.data)
    bFL5                                     0x200000b0   Data           1  main.o(.data)
    bFL2                                     0x200000b1   Data           1  main.o(.data)
    bFL                                      0x200000b2   Data           1  main.o(.data)
    parol                                    0x200000b3   Data           3  main.o(.data)
    phase                                    0x200000b6   Data           1  main.o(.data)
    dig                                      0x200000b7   Data           5  main.o(.data)
    zero_on                                  0x200000bc   Data           1  main.o(.data)
    simax                                    0x200000bd   Data           1  main.o(.data)
    av_j_si_max                              0x200000be   Data           2  main.o(.data)
    a_ind                                    0x200000c0   Data           5  main.o(.data)
    ret_duty                                 0x200000c5   Data           1  main.o(.data)
    sound_cnt                                0x200000c6   Data           2  main.o(.data)
    bZV                                      0x200000c8   Data           1  main.o(.data)
    bEND                                     0x200000c9   Data           1  main.o(.data)
    bEND_                                    0x200000ca   Data           1  main.o(.data)
    b1                                       0x200000cb   Data           1  main.o(.data)
    b2                                       0x200000cc   Data           1  main.o(.data)
    b1ERR                                    0x200000cd   Data           1  main.o(.data)
    bZV_ERROR                                0x200000ce   Data           1  main.o(.data)
    File_len                                 0x200000d0   Data           4  main.o(.data)
    sound_read_adress                        0x200000d4   Data           4  main.o(.data)
    current_cluster                          0x200000d8   Data           2  main.o(.data)
    current_sector                           0x200000da   Data           1  main.o(.data)
    sound_buffer_                            0x200000dc   Data           2  main.o(.data)
    pbr_adr                                  0x200000e0   Data           4  main.o(.data)
    Sectors_per_Cluster                      0x200000e4   Data           1  main.o(.data)
    Rezerv                                   0x200000e6   Data           2  main.o(.data)
    Number_of_Fat                            0x200000e8   Data           1  main.o(.data)
    Root_dir_entry                           0x200000ea   Data           2  main.o(.data)
    Sectors_per_FAT                          0x200000ec   Data           2  main.o(.data)
    Fat_base                                 0x200000f0   Data           4  main.o(.data)
    Root_base                                0x200000f4   Data           4  main.o(.data)
    Cluster_base                             0x200000f8   Data           4  main.o(.data)
    zv_err_cnt                               0x200000fc   Data           2  main.o(.data)
    unsigned_cnt                             0x200000fe   Data           2  main.o(.data)
    audio_out_cnt                            0x20000100   Data           2  main.o(.data)
    volume                                   0x20000102   Data           2  main.o(.data)
    volume_koef                              0x20000104   Data           2  main.o(.data)
    volume_max                               0x20000106   Data           2  main.o(.data)
    volume_period_cnt                        0x20000108   Data           2  main.o(.data)
    current_sound                            0x2000010a   Data           2  main.o(.data)
    wrk_cnt                                  0x2000010c   Data           2  main.o(.data)
    max_file                                 0x2000010e   Data           2  main.o(.data)
    current_file                             0x20000110   Data           2  main.o(.data)
    current_demo_file                        0x20000112   Data           2  main.o(.data)
    MAIN_TIME                                0x20000114   Data           2  main.o(.data)
    DEMO_TIME                                0x20000116   Data           2  main.o(.data)
    DEMO_PERIOD                              0x20000118   Data           2  main.o(.data)
    NUM_OF_FILES                             0x2000011a   Data           2  main.o(.data)
    MAIN_VOLUME                              0x2000011c   Data           2  main.o(.data)
    MAIN_CNT                                 0x2000011e   Data           2  main.o(.data)
    main_music_cnt                           0x20000120   Data           2  main.o(.data)
    max_main_music_cnt                       0x20000122   Data           2  main.o(.data)
    fade_out_main_music_cnt                  0x20000124   Data           2  main.o(.data)
    msTicks                                  0x20000128   Data           4  main.o(.data)
    b_ind                                    0x2000012c   Data          40  main.o(.bss)
    sound_buffer                             0x20000154   Data        2048  main.o(.bss)
    __initial_sp                             0x20000d58   Data           0  startup_stm32f051.o(STACK)



==============================================================================

Memory Map of the image

  Image Entry point : 0x080000c1

  Load Region LR_IROM1 (Base: 0x08000000, Size: 0x00001bb8, Max: 0x00010000, ABSOLUTE, COMPRESSED[0x00001ae4])

    Execution Region ER_IROM1 (Base: 0x08000000, Size: 0x00001a8c, Max: 0x00010000, ABSOLUTE)

    Base Addr    Size         Type   Attr      Idx    E Section Name        Object

    0x08000000   0x000000c0   Data   RO           47    RESET               startup_stm32f051.o
    0x080000c0   0x00000000   Code   RO          179  * .ARM.Collect$$$$00000000  mc_p.l(entry.o)
    0x080000c0   0x00000004   Code   RO          190    .ARM.Collect$$$$00000001  mc_p.l(entry2.o)
    0x080000c4   0x00000004   Code   RO          193    .ARM.Collect$$$$00000004  mc_p.l(entry5.o)
    0x080000c8   0x00000000   Code   RO          195    .ARM.Collect$$$$00000008  mc_p.l(entry7b.o)
    0x080000c8   0x00000000   Code   RO          197    .ARM.Collect$$$$0000000A  mc_p.l(entry8b.o)
    0x080000c8   0x00000008   Code   RO          198    .ARM.Collect$$$$0000000B  mc_p.l(entry9a.o)
    0x080000d0   0x00000000   Code   RO          200    .ARM.Collect$$$$0000000D  mc_p.l(entry10a.o)
    0x080000d0   0x00000000   Code   RO          202    .ARM.Collect$$$$0000000F  mc_p.l(entry11a.o)
    0x080000d0   0x00000004   Code   RO          191    .ARM.Collect$$$$00002712  mc_p.l(entry2.o)
    0x080000d4   0x000001f4   Code   RO            3    .text               system_stm32f0xx.o
    0x080002c8   0x0000001c   Code   RO           48    .text               startup_stm32f051.o
    0x080002e4   0x000009f8   Code   RO           84    .text               main.o
    0x08000cdc   0x000001cc   Code   RO          127    .text               lcd_pal_4_2.o
    0x08000ea8   0x00000aa0   Code   RO          160    .text               common_func.o
    0x08001948   0x0000002c   Code   RO          182    .text               mc_p.l(uidiv.o)
    0x08001974   0x00000028   Code   RO          184    .text               mc_p.l(idiv.o)
    0x0800199c   0x00000024   Code   RO          186    .text               mc_p.l(memcpya.o)
    0x080019c0   0x00000024   Code   RO          204    .text               mc_p.l(init.o)
    0x080019e4   0x00000056   Code   RO          214    .text               mc_p.l(__dczerorl2.o)
    0x08001a3a   0x0000000e   Code   RO          208    i.__scatterload_copy  mc_p.l(handlers.o)
    0x08001a48   0x00000002   Code   RO          209    i.__scatterload_null  mc_p.l(handlers.o)
    0x08001a4a   0x0000000e   Code   RO          210    i.__scatterload_zeroinit  mc_p.l(handlers.o)
    0x08001a58   0x00000011   Data   RO           86    .constdata          main.o
    0x08001a69   0x00000003   PAD
    0x08001a6c   0x00000020   Data   RO          206    Region$$Table       anon$$obj.o


    Execution Region RW_IRAM1 (Base: 0x20000000, Size: 0x00000d58, Max: 0x00002000, ABSOLUTE, COMPRESSED[0x00000058])

    Base Addr    Size         Type   Attr      Idx    E Section Name        Object

    0x20000000   0x00000014   Data   RW            4    .data               system_stm32f0xx.o
    0x20000014   0x00000118   Data   RW           87    .data               main.o
    0x2000012c   0x00000828   Zero   RW           85    .bss                main.o
    0x20000954   0x00000004   PAD
    0x20000958   0x00000400   Zero   RW           45    STACK               startup_stm32f051.o


==============================================================================

Image component sizes


      Code (inc. data)   RO Data    RW Data    ZI Data      Debug   Object Name

      2720         48          0          0          0       7493   common_func.o
       460         24          0          0          0       1701   lcd_pal_4_2.o
      2552        756         17        280       2088     154931   main.o
        28          8        192          0       1024        524   startup_stm32f051.o
       500         34          0         20          0       5655   system_stm32f0xx.o

    ----------------------------------------------------------------------
      6260        870        244        300       3116     170304   Object Totals
         0          0         32          0          0          0   (incl. Generated)
         0          0          3          0          4          0   (incl. Padding)

    ----------------------------------------------------------------------

      Code (inc. data)   RO Data    RW Data    ZI Data      Debug   Library Member Name

        86          0          0          0          0          0   __dczerorl2.o
         0          0          0          0          0          0   entry.o
         0          0          0          0          0          0   entry10a.o
         0          0          0          0          0          0   entry11a.o
         8          4          0          0          0          0   entry2.o
         4          0          0          0          0          0   entry5.o
         0          0          0          0          0          0   entry7b.o
         0          0          0          0          0          0   entry8b.o
         8          4          0          0          0          0   entry9a.o
        30          0          0          0          0          0   handlers.o
        40          0          0          0          0         72   idiv.o
        36          8          0          0          0         68   init.o
        36          0          0          0          0         60   memcpya.o
        44          0          0          0          0         72   uidiv.o

    ----------------------------------------------------------------------
       292         16          0          0          0        272   Library Totals
         0          0          0          0          0          0   (incl. Padding)

    ----------------------------------------------------------------------

      Code (inc. data)   RO Data    RW Data    ZI Data      Debug   Library Name

       292         16          0          0          0        272   mc_p.l

    ----------------------------------------------------------------------
       292         16          0          0          0        272   Library Totals

    ----------------------------------------------------------------------

==============================================================================


      Code (inc. data)   RO Data    RW Data    ZI Data      Debug   

      6552        886        244        300       3116     170216   Grand Totals
      6552        886        244         88       3116     170216   ELF Image Totals (compressed)
      6552        886        244         88          0          0   ROM Totals

==============================================================================

    Total RO  Size (Code + RO Data)                 6796 (   6.64kB)
    Total RW  Size (RW Data + ZI Data)              3416 (   3.34kB)
    Total ROM Size (Code + RO Data + RW Data)       6884 (   6.72kB)

==============================================================================

