ARM Linker, 4.1 [Build 894] [Standard]

==============================================================================

Section Cross References

    stm32f10x.o(STACK) refers (Special) to heapauxi.o(.text) for __use_two_region_memory
    stm32f10x.o(HEAP) refers (Special) to heapauxi.o(.text) for __use_two_region_memory
    stm32f10x.o(RESET) refers (Special) to heapauxi.o(.text) for __use_two_region_memory
    stm32f10x.o(RESET) refers to stm32f10x.o(STACK) for __initial_sp
    stm32f10x.o(RESET) refers to stm32f10x.o(.text) for Reset_Handler
    stm32f10x.o(RESET) refers to main.o(.text) for SysTick_Handler
    stm32f10x.o(.text) refers (Special) to heapauxi.o(.text) for __use_two_region_memory
    stm32f10x.o(.text) refers to __main.o(!!!main) for __main
    stm32f10x.o(.text) refers to stm32f10x.o(HEAP) for Heap_Mem
    stm32f10x.o(.text) refers to stm32f10x.o(STACK) for Stack_Mem
    main.o(.text) refers to lcd_pal_4_2.o(.text) for lcd_init
    main.o(.text) refers to spi_stm32f103.o(.text) for spi_send
    main.o(.text) refers to strlen.o(.text) for strlen
    main.o(.text) refers to main.o(.data) for max_main_music_cnt
    main.o(.text) refers to main.o(.bss) for memo_out
    main.o(.text) refers to gran.o(.text) for gran_ring
    main.o(.text) refers to 24c01.o(.text) for _24c01_write_2byte
    main.o(.text) refers to common_func.o(.text) for tree_up
    main.o(.text) refers to ruslcd.o(.text) for ruslcd
    main.o(.text) refers to stm32_init.o(.text) for stm32_Init
    main.o(.text) refers to i2c.o(.text) for i2c_init
    main.o(.text) refers to main.o(.data) for dac_cnt
    main.o(.text) refers to spi_stm32f103.o(.text) for spi_init
    main.o(.text) refers to main.o(.text) for SD_Command
    main.o(.text) refers to spi_stm32f103.o(.text) for spi_init
    main.o(.text) refers to main.o(.text) for SD_Command
    common_func.o(.text) refers to main.o(.data) for lcd_buffer
    common_func.o(.text) refers to main.o(.data) for lcd_buffer
    common_func.o(.text) refers to main.o(.bss) for b_ind
    common_func.o(.text) refers to common_func.o(.text) for bin2bcd_int
    common_func.o(.text) refers to main.o(.data) for dig
    common_func.o(.text) refers to common_func.o(.text) for bin2bcd_int
    common_func.o(.text) refers to main.o(.data) for dig
    common_func.o(.text) refers to common_func.o(.text) for find
    common_func.o(.text) refers to main.o(.data) for lcd_buffer
    common_func.o(.text) refers to common_func.o(.text) for find
    common_func.o(.text) refers to main.o(.data) for lcd_buffer
    common_func.o(.text) refers to main.o(.data) for lcd_buffer
    common_func.o(.text) refers to main.o(.constdata) for ABCDEF
    common_func.o(.text) refers to main.o(.data) for lcd_buffer
    common_func.o(.text) refers to common_func.o(.text) for find
    common_func.o(.text) refers to main.o(.constdata) for ABCDEF
    common_func.o(.text) refers to main.o(.data) for lcd_buffer
    common_func.o(.text) refers to main.o(.constdata) for ABCDEF
    common_func.o(.text) refers to main.o(.data) for lcd_buffer
    common_func.o(.text) refers to main.o(.constdata) for ABCDEF
    common_func.o(.text) refers to main.o(.data) for lcd_buffer
    common_func.o(.text) refers to main.o(.constdata) for ABCDEF
    common_func.o(.text) refers to main.o(.data) for lcd_buffer
    common_func.o(.text) refers to main.o(.data) for a_ind
    common_func.o(.text) refers to common_func.o(.text) for find
    common_func.o(.text) refers to main.o(.data) for lcd_buffer
    24c01.o(.text) refers to i2c.o(.text) for i2c_Start
    24c01.o(.text) refers to i2c.o(.text) for i2c_Start
    i2c.o(.text) refers to main.o(.text) for delay_us
    ruslcd.o(.text) refers to ruslcd.o(.constdata) for rus_buff
    __main.o(!!!main) refers to rtentry.o(.ARM.Collect$$rtentry$$00000000) for __rt_entry
    rtentry.o(.ARM.Collect$$rtentry$$00000000) refers (Special) to rtentry2.o(.ARM.Collect$$rtentry$$0000000A) for __rt_entry_li
    rtentry.o(.ARM.Collect$$rtentry$$00000000) refers (Special) to rtentry2.o(.ARM.Collect$$rtentry$$0000000D) for __rt_entry_main
    rtentry.o(.ARM.Collect$$rtentry$$00000000) refers (Special) to rtentry2.o(.ARM.Collect$$rtentry$$0000000C) for __rt_entry_postli_1
    rtentry.o(.ARM.Collect$$rtentry$$00000000) refers (Special) to rtentry2.o(.ARM.Collect$$rtentry$$00000009) for __rt_entry_postsh_1
    rtentry.o(.ARM.Collect$$rtentry$$00000000) refers (Special) to rtentry2.o(.ARM.Collect$$rtentry$$00000002) for __rt_entry_presh_1
    rtentry.o(.ARM.Collect$$rtentry$$00000000) refers (Special) to rtentry4.o(.ARM.Collect$$rtentry$$00000004) for __rt_entry_sh
    rtentry2.o(.ARM.Collect$$rtentry$$00000008) refers to boardinit2.o(.text) for _platform_post_stackheap_init
    rtentry2.o(.ARM.Collect$$rtentry$$0000000A) refers to libinit.o(.ARM.Collect$$libinit$$00000000) for __rt_lib_init
    rtentry2.o(.ARM.Collect$$rtentry$$0000000B) refers to boardinit3.o(.text) for _platform_post_lib_init
    rtentry2.o(.ARM.Collect$$rtentry$$0000000D) refers to main.o(.text) for main
    rtentry2.o(.ARM.Collect$$rtentry$$0000000D) refers to exit.o(.text) for exit
    rtentry2.o(.ARM.exidx) refers to rtentry2.o(.ARM.Collect$$rtentry$$00000001) for .ARM.Collect$$rtentry$$00000001
    rtentry2.o(.ARM.exidx) refers to rtentry2.o(.ARM.Collect$$rtentry$$00000008) for .ARM.Collect$$rtentry$$00000008
    rtentry2.o(.ARM.exidx) refers to rtentry2.o(.ARM.Collect$$rtentry$$0000000A) for .ARM.Collect$$rtentry$$0000000A
    rtentry2.o(.ARM.exidx) refers to rtentry2.o(.ARM.Collect$$rtentry$$0000000B) for .ARM.Collect$$rtentry$$0000000B
    rtentry2.o(.ARM.exidx) refers to rtentry2.o(.ARM.Collect$$rtentry$$0000000D) for .ARM.Collect$$rtentry$$0000000D
    rtentry4.o(.ARM.Collect$$rtentry$$00000004) refers to sys_stackheap_outer.o(.text) for __user_setup_stackheap
    rtentry4.o(.ARM.exidx) refers to rtentry4.o(.ARM.Collect$$rtentry$$00000004) for .ARM.Collect$$rtentry$$00000004
    sys_stackheap_outer.o(.text) refers to libspace.o(.text) for __user_perproc_libspace
    sys_stackheap_outer.o(.text) refers to stm32f10x.o(.text) for __user_initial_stackheap
    exit.o(.text) refers to rtexit.o(.ARM.Collect$$rtexit$$00000000) for __rt_exit
    libinit.o(.ARM.Collect$$libinit$$00000000) refers (Special) to libinit2.o(.ARM.Collect$$libinit$$0000002A) for __rt_lib_init_alloca_1
    libinit.o(.ARM.Collect$$libinit$$00000000) refers (Special) to libinit2.o(.ARM.Collect$$libinit$$00000028) for __rt_lib_init_argv_1
    libinit.o(.ARM.Collect$$libinit$$00000000) refers (Special) to libinit2.o(.ARM.Collect$$libinit$$00000017) for __rt_lib_init_atexit_1
    libinit.o(.ARM.Collect$$libinit$$00000000) refers (Special) to libinit2.o(.ARM.Collect$$libinit$$0000001D) for __rt_lib_init_clock_1
    libinit.o(.ARM.Collect$$libinit$$00000000) refers (Special) to libinit2.o(.ARM.Collect$$libinit$$0000002E) for __rt_lib_init_cpp_1
    libinit.o(.ARM.Collect$$libinit$$00000000) refers (Special) to libinit2.o(.ARM.Collect$$libinit$$0000002C) for __rt_lib_init_exceptions_1
    libinit.o(.ARM.Collect$$libinit$$00000000) refers (Special) to libinit2.o(.ARM.Collect$$libinit$$0000001B) for __rt_lib_init_fp_trap_1
    libinit.o(.ARM.Collect$$libinit$$00000000) refers (Special) to libinit2.o(.ARM.Collect$$libinit$$0000001F) for __rt_lib_init_getenv_1
    libinit.o(.ARM.Collect$$libinit$$00000000) refers (Special) to libinit2.o(.ARM.Collect$$libinit$$00000006) for __rt_lib_init_heap_1
    libinit.o(.ARM.Collect$$libinit$$00000000) refers (Special) to libinit2.o(.ARM.Collect$$libinit$$0000000D) for __rt_lib_init_lc_collate_1
    libinit.o(.ARM.Collect$$libinit$$00000000) refers (Special) to libinit2.o(.ARM.Collect$$libinit$$0000000F) for __rt_lib_init_lc_ctype_1
    libinit.o(.ARM.Collect$$libinit$$00000000) refers (Special) to libinit2.o(.ARM.Collect$$libinit$$00000011) for __rt_lib_init_lc_monetary_1
    libinit.o(.ARM.Collect$$libinit$$00000000) refers (Special) to libinit2.o(.ARM.Collect$$libinit$$00000013) for __rt_lib_init_lc_numeric_1
    libinit.o(.ARM.Collect$$libinit$$00000000) refers (Special) to libinit2.o(.ARM.Collect$$libinit$$00000015) for __rt_lib_init_lc_time_1
    libinit.o(.ARM.Collect$$libinit$$00000000) refers (Special) to libinit2.o(.ARM.Collect$$libinit$$0000000A) for __rt_lib_init_rand_1
    libinit.o(.ARM.Collect$$libinit$$00000000) refers (Special) to libinit2.o(.ARM.Collect$$libinit$$0000002F) for __rt_lib_init_return
    libinit.o(.ARM.Collect$$libinit$$00000000) refers (Special) to libinit2.o(.ARM.Collect$$libinit$$00000019) for __rt_lib_init_signal_1
    libinit.o(.ARM.Collect$$libinit$$00000000) refers (Special) to libinit2.o(.ARM.Collect$$libinit$$00000021) for __rt_lib_init_stdio_1
    libinit.o(.ARM.Collect$$libinit$$00000000) refers (Special) to libinit2.o(.ARM.Collect$$libinit$$00000008) for __rt_lib_init_user_alloc_1
    libinit.o(.ARM.Collect$$libinit$$00000000) refers to fpinit.o(x$fpl$fpinit) for _fp_init
    libspace.o(.text) refers to libspace.o(.bss) for __libspace_start
    rtexit.o(.ARM.Collect$$rtexit$$00000000) refers (Special) to rtexit2.o(.ARM.Collect$$rtexit$$00000004) for __rt_exit_exit
    rtexit.o(.ARM.Collect$$rtexit$$00000000) refers (Special) to rtexit2.o(.ARM.Collect$$rtexit$$00000003) for __rt_exit_ls
    rtexit.o(.ARM.Collect$$rtexit$$00000000) refers (Special) to rtexit2.o(.ARM.Collect$$rtexit$$00000002) for __rt_exit_prels_1
    rtexit.o(.ARM.exidx) refers (Special) to rtexit2.o(.ARM.Collect$$rtexit$$00000004) for __rt_exit_exit
    rtexit.o(.ARM.exidx) refers (Special) to rtexit2.o(.ARM.Collect$$rtexit$$00000003) for __rt_exit_ls
    rtexit.o(.ARM.exidx) refers (Special) to rtexit2.o(.ARM.Collect$$rtexit$$00000002) for __rt_exit_prels_1
    rtexit.o(.ARM.exidx) refers to rtexit.o(.ARM.Collect$$rtexit$$00000000) for .ARM.Collect$$rtexit$$00000000
    libinit2.o(.ARM.Collect$$libinit$$0000000C) refers to libinit2.o(.ARM.Collect$$libinit$$0000000B) for .ARM.Collect$$libinit$$0000000B
    libinit2.o(.ARM.Collect$$libinit$$0000000E) refers to libinit2.o(.ARM.Collect$$libinit$$0000000B) for .ARM.Collect$$libinit$$0000000B
    libinit2.o(.ARM.Collect$$libinit$$00000010) refers to libinit2.o(.ARM.Collect$$libinit$$0000000B) for .ARM.Collect$$libinit$$0000000B
    libinit2.o(.ARM.Collect$$libinit$$00000012) refers to libinit2.o(.ARM.Collect$$libinit$$0000000B) for .ARM.Collect$$libinit$$0000000B
    libinit2.o(.ARM.Collect$$libinit$$00000014) refers to libinit2.o(.ARM.Collect$$libinit$$0000000B) for .ARM.Collect$$libinit$$0000000B
    libinit2.o(.ARM.Collect$$libinit$$00000022) refers to argv_veneer.o(.emb_text) for __ARM_argv_veneer
    libinit2.o(.ARM.Collect$$libinit$$00000023) refers to argv_veneer.o(.emb_text) for __ARM_argv_veneer
    fpinit.o(x$fpl$fpinit) refers to rt_fp_status_addr_intlibspace.o(.text) for __rt_fp_status_addr
    rtexit2.o(.ARM.Collect$$rtexit$$00000003) refers to libshutdown.o(.ARM.Collect$$libshutdown$$00000000) for __rt_lib_shutdown
    rtexit2.o(.ARM.Collect$$rtexit$$00000004) refers to sys_exit.o(.text) for _sys_exit
    rtexit2.o(.ARM.exidx) refers to rtexit2.o(.ARM.Collect$$rtexit$$00000001) for .ARM.Collect$$rtexit$$00000001
    rtexit2.o(.ARM.exidx) refers to rtexit2.o(.ARM.Collect$$rtexit$$00000003) for .ARM.Collect$$rtexit$$00000003
    rtexit2.o(.ARM.exidx) refers to rtexit2.o(.ARM.Collect$$rtexit$$00000004) for .ARM.Collect$$rtexit$$00000004
    rt_fp_status_addr.o(.text) refers to rt_fp_status_addr.o(.bss) for __rt_fp_status_addr_data
    rt_fp_status_addr_intlibspace.o(.text) refers to libspace.o(.bss) for __libspace_start
    argv_veneer.o(.emb_text) refers to no_argv.o(.text) for __ARM_get_argv
    sys_exit.o(.text) refers (Special) to use_no_semi.o(.text) for __I$use$semihosting
    sys_exit.o(.text) refers (Special) to indicate_semi.o(.text) for __semihosting_library_function
    _get_argv_nomalloc.o(.text) refers (Special) to hrguard.o(.text) for __heap_region$guard
    _get_argv_nomalloc.o(.text) refers to defsig_rtmem_outer.o(.text) for __rt_SIGRTMEM
    _get_argv_nomalloc.o(.text) refers to sys_command.o(.text) for _sys_command_string
    libshutdown.o(.ARM.Collect$$libshutdown$$00000000) refers (Special) to libshutdown2.o(.ARM.Collect$$libshutdown$$00000006) for __rt_lib_shutdown_fp_trap_1
    libshutdown.o(.ARM.Collect$$libshutdown$$00000000) refers (Special) to libshutdown2.o(.ARM.Collect$$libshutdown$$0000000E) for __rt_lib_shutdown_heap_1
    libshutdown.o(.ARM.Collect$$libshutdown$$00000000) refers (Special) to libshutdown2.o(.ARM.Collect$$libshutdown$$0000000F) for __rt_lib_shutdown_return
    libshutdown.o(.ARM.Collect$$libshutdown$$00000000) refers (Special) to libshutdown2.o(.ARM.Collect$$libshutdown$$00000009) for __rt_lib_shutdown_signal_1
    libshutdown.o(.ARM.Collect$$libshutdown$$00000000) refers (Special) to libshutdown2.o(.ARM.Collect$$libshutdown$$00000003) for __rt_lib_shutdown_stdio_1
    libshutdown.o(.ARM.Collect$$libshutdown$$00000000) refers (Special) to libshutdown2.o(.ARM.Collect$$libshutdown$$0000000B) for __rt_lib_shutdown_user_alloc_1
    sys_command.o(.text) refers (Special) to use_no_semi.o(.text) for __I$use$semihosting
    sys_command.o(.text) refers (Special) to indicate_semi.o(.text) for __semihosting_library_function
    defsig_rtmem_outer.o(.text) refers to defsig_rtmem_inner.o(.text) for __rt_SIGRTMEM_inner
    defsig_rtmem_outer.o(.text) refers to defsig_exit.o(.text) for __sig_exit
    defsig_rtmem_formal.o(.text) refers to rt_raise.o(.text) for __rt_raise
    rt_raise.o(.text) refers to __raise.o(.text) for __raise
    rt_raise.o(.text) refers to sys_exit.o(.text) for _sys_exit
    defsig_exit.o(.text) refers to sys_exit.o(.text) for _sys_exit
    defsig_rtmem_inner.o(.text) refers to defsig_general.o(.text) for __default_signal_display
    __raise.o(.text) refers to defsig.o(CL$$defsig) for __default_signal_handler
    defsig_general.o(.text) refers to sys_wrch.o(.text) for _ttywrch
    sys_wrch.o(.text) refers (Special) to use_no_semi.o(.text) for __I$use$semihosting
    sys_wrch.o(.text) refers (Special) to indicate_semi.o(.text) for __semihosting_library_function
    defsig.o(CL$$defsig) refers to defsig_rtmem_inner.o(.text) for __rt_SIGRTMEM_inner
    defsig_abrt_inner.o(.text) refers to defsig_general.o(.text) for __default_signal_display
    defsig_fpe_inner.o(.text) refers to defsig_general.o(.text) for __default_signal_display
    defsig_rtred_inner.o(.text) refers to defsig_general.o(.text) for __default_signal_display
    defsig_stak_inner.o(.text) refers to defsig_general.o(.text) for __default_signal_display
    defsig_pvfn_inner.o(.text) refers to defsig_general.o(.text) for __default_signal_display
    defsig_cppl_inner.o(.text) refers to defsig_general.o(.text) for __default_signal_display
    defsig_segv_inner.o(.text) refers to defsig_general.o(.text) for __default_signal_display
    defsig_other.o(.text) refers to defsig_general.o(.text) for __default_signal_display


==============================================================================

Removing Unused input sections from the image.

    Removing stm32_init.o(.text), (8 bytes).
    Removing stm32_init.o(.text), (8 bytes).
    Removing main.o(.text), (64 bytes).
    Removing main.o(.text), (102 bytes).
    Removing main.o(.text), (106 bytes).
    Removing main.o(.constdata), (69 bytes).
    Removing common_func.o(.text), (10 bytes).
    Removing common_func.o(.text), (24 bytes).
    Removing common_func.o(.text), (192 bytes).
    Removing common_func.o(.text), (220 bytes).
    Removing common_func.o(.text), (212 bytes).
    Removing common_func.o(.text), (208 bytes).
    Removing common_func.o(.text), (260 bytes).
    Removing common_func.o(.text), (232 bytes).
    Removing common_func.o(.text), (72 bytes).
    Removing common_func.o(.text), (72 bytes).
    Removing common_func.o(.text), (140 bytes).
    Removing common_func.o(.text), (280 bytes).
    Removing common_func.o(.text), (264 bytes).
    Removing common_func.o(.text), (48 bytes).
    Removing common_func.o(.text), (6 bytes).
    Removing common_func.o(.text), (28 bytes).
    Removing 24c01.o(.text), (4 bytes).
    Removing 24c01.o(.text), (96 bytes).

24 unused section(s) (total 2725 bytes) removed from the image.

==============================================================================

Image Symbol Table

    Local Symbols

    Symbol Name                              Value     Ov Type        Size  Object(Section)

    ../../angel/boardlib.s                   0x00000000   Number         0  boardinit2.o ABSOLUTE
    ../../angel/boardlib.s                   0x00000000   Number         0  boardinit1.o ABSOLUTE
    ../../angel/boardlib.s                   0x00000000   Number         0  boardinit3.o ABSOLUTE
    ../../angel/boardlib.s                   0x00000000   Number         0  boardshut.o ABSOLUTE
    ../../angel/handlers.s                   0x00000000   Number         0  __scatter_zi.o ABSOLUTE
    ../../angel/handlers.s                   0x00000000   Number         0  __scatter_copy.o ABSOLUTE
    ../../angel/kernel.s                     0x00000000   Number         0  rtentry2.o ABSOLUTE
    ../../angel/kernel.s                     0x00000000   Number         0  rtexit2.o ABSOLUTE
    ../../angel/kernel.s                     0x00000000   Number         0  rtentry4.o ABSOLUTE
    ../../angel/kernel.s                     0x00000000   Number         0  rtexit.o ABSOLUTE
    ../../angel/kernel.s                     0x00000000   Number         0  rtentry.o ABSOLUTE
    ../../angel/rt.s                         0x00000000   Number         0  rt_raise.o ABSOLUTE
    ../../angel/rt.s                         0x00000000   Number         0  rt_fp_status_addr_intlibspace.o ABSOLUTE
    ../../angel/rt.s                         0x00000000   Number         0  rt_fp_status_addr.o ABSOLUTE
    ../../angel/scatter.s                    0x00000000   Number         0  __scatter.o ABSOLUTE
    ../../angel/startup.s                    0x00000000   Number         0  __main.o ABSOLUTE
    ../../angel/sys.s                        0x00000000   Number         0  sys_stackheap_outer.o ABSOLUTE
    ../../angel/sys.s                        0x00000000   Number         0  use_no_semi.o ABSOLUTE
    ../../angel/sys.s                        0x00000000   Number         0  libspace.o ABSOLUTE
    ../../angel/sys.s                        0x00000000   Number         0  indicate_semi.o ABSOLUTE
    ../../angel/sysapp.c                     0x00000000   Number         0  sys_exit.o ABSOLUTE
    ../../angel/sysapp.c                     0x00000000   Number         0  sys_command.o ABSOLUTE
    ../../angel/sysapp.c                     0x00000000   Number         0  sys_wrch.o ABSOLUTE
    ../../armsys.c                           0x00000000   Number         0  no_argv.o ABSOLUTE
    ../../armsys.c                           0x00000000   Number         0  argv_veneer.o ABSOLUTE
    ../../armsys.c                           0x00000000   Number         0  argv_veneer.o ABSOLUTE
    ../../armsys.c                           0x00000000   Number         0  _get_argv_nomalloc.o ABSOLUTE
    ../../fpinit.s                           0x00000000   Number         0  fpinit.o ABSOLUTE
    ../../heapalloc.c                        0x00000000   Number         0  hrguard.o ABSOLUTE
    ../../heapaux.c                          0x00000000   Number         0  heapauxi.o ABSOLUTE
    ../../libinit.s                          0x00000000   Number         0  libshutdown.o ABSOLUTE
    ../../libinit.s                          0x00000000   Number         0  libinit.o ABSOLUTE
    ../../libinit.s                          0x00000000   Number         0  libinit2.o ABSOLUTE
    ../../libinit.s                          0x00000000   Number         0  libshutdown2.o ABSOLUTE
    ../../signal.c                           0x00000000   Number         0  defsig_cppl_inner.o ABSOLUTE
    ../../signal.c                           0x00000000   Number         0  defsig_pvfn_inner.o ABSOLUTE
    ../../signal.c                           0x00000000   Number         0  defsig_stak_inner.o ABSOLUTE
    ../../signal.c                           0x00000000   Number         0  defsig_rtred_inner.o ABSOLUTE
    ../../signal.c                           0x00000000   Number         0  defsig_fpe_inner.o ABSOLUTE
    ../../signal.c                           0x00000000   Number         0  defsig_abrt_inner.o ABSOLUTE
    ../../signal.c                           0x00000000   Number         0  defsig_segv_inner.o ABSOLUTE
    ../../signal.c                           0x00000000   Number         0  defsig_general.o ABSOLUTE
    ../../signal.c                           0x00000000   Number         0  defsig_rtmem_inner.o ABSOLUTE
    ../../signal.c                           0x00000000   Number         0  defsig_exit.o ABSOLUTE
    ../../signal.c                           0x00000000   Number         0  __raise.o ABSOLUTE
    ../../signal.c                           0x00000000   Number         0  defsig_other.o ABSOLUTE
    ../../signal.c                           0x00000000   Number         0  defsig_rtmem_formal.o ABSOLUTE
    ../../signal.c                           0x00000000   Number         0  defsig_rtmem_outer.o ABSOLUTE
    ../../signal.s                           0x00000000   Number         0  defsig.o ABSOLUTE
    ../../stdlib.c                           0x00000000   Number         0  exit.o ABSOLUTE
    ../../string.c                           0x00000000   Number         0  strlen.o ABSOLUTE
    24c01.c                                  0x00000000   Number         0  24c01.o ABSOLUTE
    SPI_STM32F103.c                          0x00000000   Number         0  spi_stm32f103.o ABSOLUTE
    STM32F10x.s                              0x00000000   Number         0  stm32f10x.o ABSOLUTE
    STM32_Init.c                             0x00000000   Number         0  stm32_init.o ABSOLUTE
    common_func.c                            0x00000000   Number         0  common_func.o ABSOLUTE
    dc.s                                     0x00000000   Number         0  dc.o ABSOLUTE
    gran.c                                   0x00000000   Number         0  gran.o ABSOLUTE
    i2c.c                                    0x00000000   Number         0  i2c.o ABSOLUTE
    lcd_pal_4_2.c                            0x00000000   Number         0  lcd_pal_4_2.o ABSOLUTE
    main.c                                   0x00000000   Number         0  main.o ABSOLUTE
    ruslcd.c                                 0x00000000   Number         0  ruslcd.o ABSOLUTE
    RESET                                    0x08000000   Section      236  stm32f10x.o(RESET)
    !!!main                                  0x080000ec   Section        8  __main.o(!!!main)
    !!!scatter                               0x080000f4   Section       52  __scatter.o(!!!scatter)
    !!handler_copy                           0x08000128   Section       26  __scatter_copy.o(!!handler_copy)
    !!handler_zi                             0x08000144   Section       28  __scatter_zi.o(!!handler_zi)
    .ARM.Collect$$libinit$$00000000          0x08000160   Section        6  libinit.o(.ARM.Collect$$libinit$$00000000)
    .ARM.Collect$$libinit$$00000006          0x08000166   Section        0  libinit2.o(.ARM.Collect$$libinit$$00000006)
    .ARM.Collect$$libinit$$00000008          0x08000166   Section        0  libinit2.o(.ARM.Collect$$libinit$$00000008)
    .ARM.Collect$$libinit$$0000000A          0x08000166   Section        0  libinit2.o(.ARM.Collect$$libinit$$0000000A)
    .ARM.Collect$$libinit$$0000000D          0x08000166   Section        0  libinit2.o(.ARM.Collect$$libinit$$0000000D)
    .ARM.Collect$$libinit$$0000000F          0x08000166   Section        0  libinit2.o(.ARM.Collect$$libinit$$0000000F)
    .ARM.Collect$$libinit$$00000011          0x08000166   Section        0  libinit2.o(.ARM.Collect$$libinit$$00000011)
    .ARM.Collect$$libinit$$00000013          0x08000166   Section        0  libinit2.o(.ARM.Collect$$libinit$$00000013)
    .ARM.Collect$$libinit$$00000015          0x08000166   Section        0  libinit2.o(.ARM.Collect$$libinit$$00000015)
    .ARM.Collect$$libinit$$00000017          0x08000166   Section        0  libinit2.o(.ARM.Collect$$libinit$$00000017)
    .ARM.Collect$$libinit$$00000019          0x08000166   Section        0  libinit2.o(.ARM.Collect$$libinit$$00000019)
    .ARM.Collect$$libinit$$0000001B          0x08000166   Section        0  libinit2.o(.ARM.Collect$$libinit$$0000001B)
    .ARM.Collect$$libinit$$0000001D          0x08000166   Section        0  libinit2.o(.ARM.Collect$$libinit$$0000001D)
    .ARM.Collect$$libinit$$0000001F          0x08000166   Section        0  libinit2.o(.ARM.Collect$$libinit$$0000001F)
    .ARM.Collect$$libinit$$00000021          0x08000166   Section        0  libinit2.o(.ARM.Collect$$libinit$$00000021)
    .ARM.Collect$$libinit$$00000028          0x08000166   Section        0  libinit2.o(.ARM.Collect$$libinit$$00000028)
    .ARM.Collect$$libinit$$0000002A          0x08000166   Section        0  libinit2.o(.ARM.Collect$$libinit$$0000002A)
    .ARM.Collect$$libinit$$0000002C          0x08000166   Section        0  libinit2.o(.ARM.Collect$$libinit$$0000002C)
    .ARM.Collect$$libinit$$0000002E          0x08000166   Section        0  libinit2.o(.ARM.Collect$$libinit$$0000002E)
    .ARM.Collect$$libinit$$0000002F          0x08000166   Section        2  libinit2.o(.ARM.Collect$$libinit$$0000002F)
    .ARM.Collect$$libshutdown$$00000000      0x08000168   Section        2  libshutdown.o(.ARM.Collect$$libshutdown$$00000000)
    .ARM.Collect$$libshutdown$$00000003      0x0800016a   Section        0  libshutdown2.o(.ARM.Collect$$libshutdown$$00000003)
    .ARM.Collect$$libshutdown$$00000006      0x0800016a   Section        0  libshutdown2.o(.ARM.Collect$$libshutdown$$00000006)
    .ARM.Collect$$libshutdown$$00000009      0x0800016a   Section        0  libshutdown2.o(.ARM.Collect$$libshutdown$$00000009)
    .ARM.Collect$$libshutdown$$0000000B      0x0800016a   Section        0  libshutdown2.o(.ARM.Collect$$libshutdown$$0000000B)
    .ARM.Collect$$libshutdown$$0000000E      0x0800016a   Section        0  libshutdown2.o(.ARM.Collect$$libshutdown$$0000000E)
    .ARM.Collect$$libshutdown$$0000000F      0x0800016a   Section        2  libshutdown2.o(.ARM.Collect$$libshutdown$$0000000F)
    .ARM.Collect$$rtentry$$00000000          0x0800016c   Section        0  rtentry.o(.ARM.Collect$$rtentry$$00000000)
    .ARM.Collect$$rtentry$$00000002          0x0800016c   Section        0  rtentry2.o(.ARM.Collect$$rtentry$$00000002)
    .ARM.Collect$$rtentry$$00000004          0x0800016c   Section        6  rtentry4.o(.ARM.Collect$$rtentry$$00000004)
    .ARM.Collect$$rtentry$$00000009          0x08000172   Section        0  rtentry2.o(.ARM.Collect$$rtentry$$00000009)
    .ARM.Collect$$rtentry$$0000000A          0x08000172   Section        4  rtentry2.o(.ARM.Collect$$rtentry$$0000000A)
    .ARM.Collect$$rtentry$$0000000C          0x08000176   Section        0  rtentry2.o(.ARM.Collect$$rtentry$$0000000C)
    .ARM.Collect$$rtentry$$0000000D          0x08000176   Section        8  rtentry2.o(.ARM.Collect$$rtentry$$0000000D)
    .ARM.Collect$$rtexit$$00000000           0x0800017e   Section        2  rtexit.o(.ARM.Collect$$rtexit$$00000000)
    .ARM.Collect$$rtexit$$00000002           0x08000180   Section        0  rtexit2.o(.ARM.Collect$$rtexit$$00000002)
    .ARM.Collect$$rtexit$$00000003           0x08000180   Section        4  rtexit2.o(.ARM.Collect$$rtexit$$00000003)
    .ARM.Collect$$rtexit$$00000004           0x08000184   Section        6  rtexit2.o(.ARM.Collect$$rtexit$$00000004)
    .text                                    0x0800018c   Section       52  stm32f10x.o(.text)
    .text                                    0x080001c0   Section        0  stm32_init.o(.text)
    .text                                    0x08000264   Section        0  main.o(.text)
    init_display                             0x08000265   Thumb Code    20  main.o(.text)
    .text                                    0x08002010   Section        0  common_func.o(.text)
    .text                                    0x08002240   Section        0  24c01.o(.text)
    .text                                    0x080022f0   Section        0  i2c.o(.text)
    .text                                    0x080025fc   Section        0  spi_stm32f103.o(.text)
    .text                                    0x080026cc   Section        0  lcd_pal_4_2.o(.text)
    delay                                    0x080026cd   Thumb Code    14  lcd_pal_4_2.o(.text)
    lcd_write_data                           0x0800270f   Thumb Code    36  lcd_pal_4_2.o(.text)
    .text                                    0x0800285c   Section        0  ruslcd.o(.text)
    .text                                    0x08002880   Section        0  gran.o(.text)
    .text                                    0x080028d8   Section        0  strlen.o(.text)
    .text                                    0x08002916   Section        0  heapauxi.o(.text)
    .text                                    0x0800291c   Section       74  sys_stackheap_outer.o(.text)
    .text                                    0x08002966   Section        0  exit.o(.text)
    .text                                    0x08002974   Section        8  libspace.o(.text)
    .text                                    0x0800297c   Section        8  rt_fp_status_addr_intlibspace.o(.text)
    .text                                    0x08002984   Section        0  sys_exit.o(.text)
    .text                                    0x08002990   Section        2  use_no_semi.o(.text)
    .text                                    0x08002992   Section        0  indicate_semi.o(.text)
    x$fpl$fpinit                             0x08002992   Section       14  fpinit.o(x$fpl$fpinit)
    .constdata                               0x080029a0   Section       89  ruslcd.o(.constdata)
    .data                                    0x20000000   Section      249  main.o(.data)
    cnt__                                    0x20000039   Data           1  main.o(.data)
    .bss                                     0x200000fc   Section     3222  main.o(.bss)
    .bss                                     0x20000d94   Section       96  libspace.o(.bss)
    HEAP                                     0x20000df8   Section        0  stm32f10x.o(HEAP)
    STACK                                    0x20000df8   Section      512  stm32f10x.o(STACK)
    Heap_Mem                                 0x20000df8   Data           0  stm32f10x.o(HEAP)
    Stack_Mem                                0x20000df8   Data         512  stm32f10x.o(STACK)
    __initial_sp                             0x20000ff8   Data           0  stm32f10x.o(STACK)

    Global Symbols

    Symbol Name                              Value     Ov Type        Size  Object(Section)

    BuildAttributes$$THM_ISAv4$P$D$K$B$S$PE$A:L22UL41UL21$X:L11$S22US41US21$IEEE1$IW$USESV6$~STKCKD$USESV7$~SHL$OSPACE$ROPI$EBA8$UX$STANDARDLIB$REQ8$PRES8$EABIv2 0x00000000   Number         0  anon$$obj.o ABSOLUTE
    __ARM_use_no_argv                        0x00000000   Number         0  main.o ABSOLUTE
    __ARM_exceptions_init                     - Undefined Weak Reference
    __alloca_initialize                       - Undefined Weak Reference
    __cpp_initialize__aeabi_                  - Undefined Weak Reference
    __cxa_finalize                            - Undefined Weak Reference
    __rt_locale                               - Undefined Weak Reference
    __sigvec_lookup                           - Undefined Weak Reference
    _atexit_init                              - Undefined Weak Reference
    _call_atexit_fns                          - Undefined Weak Reference
    _clock_init                               - Undefined Weak Reference
    _fp_trap_init                             - Undefined Weak Reference
    _fp_trap_shutdown                         - Undefined Weak Reference
    _get_lc_collate                           - Undefined Weak Reference
    _get_lc_ctype                             - Undefined Weak Reference
    _get_lc_monetary                          - Undefined Weak Reference
    _get_lc_numeric                           - Undefined Weak Reference
    _get_lc_time                              - Undefined Weak Reference
    _getenv_init                              - Undefined Weak Reference
    _handle_redirection                       - Undefined Weak Reference
    _init_alloc                               - Undefined Weak Reference
    _init_user_alloc                          - Undefined Weak Reference
    _initio                                   - Undefined Weak Reference
    _rand_init                                - Undefined Weak Reference
    _signal_finish                            - Undefined Weak Reference
    _signal_init                              - Undefined Weak Reference
    _terminate_alloc                          - Undefined Weak Reference
    _terminate_user_alloc                     - Undefined Weak Reference
    _terminateio                              - Undefined Weak Reference
    __Vectors                                0x08000000   Data           4  stm32f10x.o(RESET)
    __main                                   0x080000ed   Thumb Code     8  __main.o(!!!main)
    __scatterload                            0x080000f5   Thumb Code     0  __scatter.o(!!!scatter)
    __scatterload_rt2                        0x080000f5   Thumb Code    44  __scatter.o(!!!scatter)
    __scatterload_rt2_thumb_only             0x080000f5   Thumb Code     0  __scatter.o(!!!scatter)
    __scatterload_null                       0x08000103   Thumb Code     0  __scatter.o(!!!scatter)
    __scatterload_copy                       0x08000129   Thumb Code    26  __scatter_copy.o(!!handler_copy)
    __scatterload_zeroinit                   0x08000145   Thumb Code    28  __scatter_zi.o(!!handler_zi)
    __rt_lib_init                            0x08000161   Thumb Code     0  libinit.o(.ARM.Collect$$libinit$$00000000)
    __rt_lib_init_alloca_1                   0x08000167   Thumb Code     0  libinit2.o(.ARM.Collect$$libinit$$0000002A)
    __rt_lib_init_argv_1                     0x08000167   Thumb Code     0  libinit2.o(.ARM.Collect$$libinit$$00000028)
    __rt_lib_init_atexit_1                   0x08000167   Thumb Code     0  libinit2.o(.ARM.Collect$$libinit$$00000017)
    __rt_lib_init_clock_1                    0x08000167   Thumb Code     0  libinit2.o(.ARM.Collect$$libinit$$0000001D)
    __rt_lib_init_cpp_1                      0x08000167   Thumb Code     0  libinit2.o(.ARM.Collect$$libinit$$0000002E)
    __rt_lib_init_exceptions_1               0x08000167   Thumb Code     0  libinit2.o(.ARM.Collect$$libinit$$0000002C)
    __rt_lib_init_fp_trap_1                  0x08000167   Thumb Code     0  libinit2.o(.ARM.Collect$$libinit$$0000001B)
    __rt_lib_init_getenv_1                   0x08000167   Thumb Code     0  libinit2.o(.ARM.Collect$$libinit$$0000001F)
    __rt_lib_init_heap_1                     0x08000167   Thumb Code     0  libinit2.o(.ARM.Collect$$libinit$$00000006)
    __rt_lib_init_lc_collate_1               0x08000167   Thumb Code     0  libinit2.o(.ARM.Collect$$libinit$$0000000D)
    __rt_lib_init_lc_ctype_1                 0x08000167   Thumb Code     0  libinit2.o(.ARM.Collect$$libinit$$0000000F)
    __rt_lib_init_lc_monetary_1              0x08000167   Thumb Code     0  libinit2.o(.ARM.Collect$$libinit$$00000011)
    __rt_lib_init_lc_numeric_1               0x08000167   Thumb Code     0  libinit2.o(.ARM.Collect$$libinit$$00000013)
    __rt_lib_init_lc_time_1                  0x08000167   Thumb Code     0  libinit2.o(.ARM.Collect$$libinit$$00000015)
    __rt_lib_init_rand_1                     0x08000167   Thumb Code     0  libinit2.o(.ARM.Collect$$libinit$$0000000A)
    __rt_lib_init_return                     0x08000167   Thumb Code     0  libinit2.o(.ARM.Collect$$libinit$$0000002F)
    __rt_lib_init_signal_1                   0x08000167   Thumb Code     0  libinit2.o(.ARM.Collect$$libinit$$00000019)
    __rt_lib_init_stdio_1                    0x08000167   Thumb Code     0  libinit2.o(.ARM.Collect$$libinit$$00000021)
    __rt_lib_init_user_alloc_1               0x08000167   Thumb Code     0  libinit2.o(.ARM.Collect$$libinit$$00000008)
    __rt_lib_shutdown                        0x08000169   Thumb Code     0  libshutdown.o(.ARM.Collect$$libshutdown$$00000000)
    __rt_lib_shutdown_fp_trap_1              0x0800016b   Thumb Code     0  libshutdown2.o(.ARM.Collect$$libshutdown$$00000006)
    __rt_lib_shutdown_heap_1                 0x0800016b   Thumb Code     0  libshutdown2.o(.ARM.Collect$$libshutdown$$0000000E)
    __rt_lib_shutdown_return                 0x0800016b   Thumb Code     0  libshutdown2.o(.ARM.Collect$$libshutdown$$0000000F)
    __rt_lib_shutdown_signal_1               0x0800016b   Thumb Code     0  libshutdown2.o(.ARM.Collect$$libshutdown$$00000009)
    __rt_lib_shutdown_stdio_1                0x0800016b   Thumb Code     0  libshutdown2.o(.ARM.Collect$$libshutdown$$00000003)
    __rt_lib_shutdown_user_alloc_1           0x0800016b   Thumb Code     0  libshutdown2.o(.ARM.Collect$$libshutdown$$0000000B)
    __rt_entry                               0x0800016d   Thumb Code     0  rtentry.o(.ARM.Collect$$rtentry$$00000000)
    __rt_entry_presh_1                       0x0800016d   Thumb Code     0  rtentry2.o(.ARM.Collect$$rtentry$$00000002)
    __rt_entry_sh                            0x0800016d   Thumb Code     0  rtentry4.o(.ARM.Collect$$rtentry$$00000004)
    __rt_entry_li                            0x08000173   Thumb Code     0  rtentry2.o(.ARM.Collect$$rtentry$$0000000A)
    __rt_entry_postsh_1                      0x08000173   Thumb Code     0  rtentry2.o(.ARM.Collect$$rtentry$$00000009)
    __rt_entry_main                          0x08000177   Thumb Code     0  rtentry2.o(.ARM.Collect$$rtentry$$0000000D)
    __rt_entry_postli_1                      0x08000177   Thumb Code     0  rtentry2.o(.ARM.Collect$$rtentry$$0000000C)
    __rt_exit                                0x0800017f   Thumb Code     0  rtexit.o(.ARM.Collect$$rtexit$$00000000)
    __rt_exit_ls                             0x08000181   Thumb Code     0  rtexit2.o(.ARM.Collect$$rtexit$$00000003)
    __rt_exit_prels_1                        0x08000181   Thumb Code     0  rtexit2.o(.ARM.Collect$$rtexit$$00000002)
    __rt_exit_exit                           0x08000185   Thumb Code     0  rtexit2.o(.ARM.Collect$$rtexit$$00000004)
    Reset_Handler                            0x0800018d   Thumb Code     4  stm32f10x.o(.text)
    NMI_Handler                              0x08000191   Thumb Code     2  stm32f10x.o(.text)
    HardFault_Handler                        0x08000193   Thumb Code     2  stm32f10x.o(.text)
    MemManage_Handler                        0x08000195   Thumb Code     2  stm32f10x.o(.text)
    BusFault_Handler                         0x08000197   Thumb Code     2  stm32f10x.o(.text)
    UsageFault_Handler                       0x08000199   Thumb Code     2  stm32f10x.o(.text)
    SVC_Handler                              0x0800019b   Thumb Code     2  stm32f10x.o(.text)
    DebugMon_Handler                         0x0800019d   Thumb Code     2  stm32f10x.o(.text)
    PendSV_Handler                           0x0800019f   Thumb Code     2  stm32f10x.o(.text)
    ADC_IRQHandler                           0x080001a3   Thumb Code     0  stm32f10x.o(.text)
    CAN_RX1_IRQHandler                       0x080001a3   Thumb Code     0  stm32f10x.o(.text)
    CAN_SCE_IRQHandler                       0x080001a3   Thumb Code     0  stm32f10x.o(.text)
    DMAChannel1_IRQHandler                   0x080001a3   Thumb Code     0  stm32f10x.o(.text)
    DMAChannel2_IRQHandler                   0x080001a3   Thumb Code     0  stm32f10x.o(.text)
    DMAChannel3_IRQHandler                   0x080001a3   Thumb Code     0  stm32f10x.o(.text)
    DMAChannel4_IRQHandler                   0x080001a3   Thumb Code     0  stm32f10x.o(.text)
    DMAChannel5_IRQHandler                   0x080001a3   Thumb Code     0  stm32f10x.o(.text)
    DMAChannel6_IRQHandler                   0x080001a3   Thumb Code     0  stm32f10x.o(.text)
    DMAChannel7_IRQHandler                   0x080001a3   Thumb Code     0  stm32f10x.o(.text)
    EXTI0_IRQHandler                         0x080001a3   Thumb Code     0  stm32f10x.o(.text)
    EXTI15_10_IRQHandler                     0x080001a3   Thumb Code     0  stm32f10x.o(.text)
    EXTI1_IRQHandler                         0x080001a3   Thumb Code     0  stm32f10x.o(.text)
    EXTI2_IRQHandler                         0x080001a3   Thumb Code     0  stm32f10x.o(.text)
    EXTI3_IRQHandler                         0x080001a3   Thumb Code     0  stm32f10x.o(.text)
    EXTI4_IRQHandler                         0x080001a3   Thumb Code     0  stm32f10x.o(.text)
    EXTI9_5_IRQHandler                       0x080001a3   Thumb Code     0  stm32f10x.o(.text)
    FLASH_IRQHandler                         0x080001a3   Thumb Code     0  stm32f10x.o(.text)
    I2C1_ER_IRQHandler                       0x080001a3   Thumb Code     0  stm32f10x.o(.text)
    I2C1_EV_IRQHandler                       0x080001a3   Thumb Code     0  stm32f10x.o(.text)
    I2C2_ER_IRQHandler                       0x080001a3   Thumb Code     0  stm32f10x.o(.text)
    I2C2_EV_IRQHandler                       0x080001a3   Thumb Code     0  stm32f10x.o(.text)
    PVD_IRQHandler                           0x080001a3   Thumb Code     0  stm32f10x.o(.text)
    RCC_IRQHandler                           0x080001a3   Thumb Code     0  stm32f10x.o(.text)
    RTCAlarm_IRQHandler                      0x080001a3   Thumb Code     0  stm32f10x.o(.text)
    RTC_IRQHandler                           0x080001a3   Thumb Code     0  stm32f10x.o(.text)
    SPI1_IRQHandler                          0x080001a3   Thumb Code     0  stm32f10x.o(.text)
    SPI2_IRQHandler                          0x080001a3   Thumb Code     0  stm32f10x.o(.text)
    TAMPER_IRQHandler                        0x080001a3   Thumb Code     0  stm32f10x.o(.text)
    TIM1_BRK_IRQHandler                      0x080001a3   Thumb Code     0  stm32f10x.o(.text)
    TIM1_CC_IRQHandler                       0x080001a3   Thumb Code     0  stm32f10x.o(.text)
    TIM1_TRG_COM_IRQHandler                  0x080001a3   Thumb Code     0  stm32f10x.o(.text)
    TIM1_UP_IRQHandler                       0x080001a3   Thumb Code     0  stm32f10x.o(.text)
    TIM2_IRQHandler                          0x080001a3   Thumb Code     0  stm32f10x.o(.text)
    TIM3_IRQHandler                          0x080001a3   Thumb Code     0  stm32f10x.o(.text)
    TIM4_IRQHandler                          0x080001a3   Thumb Code     0  stm32f10x.o(.text)
    USART1_IRQHandler                        0x080001a3   Thumb Code     0  stm32f10x.o(.text)
    USART2_IRQHandler                        0x080001a3   Thumb Code     0  stm32f10x.o(.text)
    USART3_IRQHandler                        0x080001a3   Thumb Code     0  stm32f10x.o(.text)
    USBWakeUp_IRQHandler                     0x080001a3   Thumb Code     0  stm32f10x.o(.text)
    USB_HP_CAN_TX_IRQHandler                 0x080001a3   Thumb Code     0  stm32f10x.o(.text)
    USB_LP_CAN_RX0_IRQHandler                0x080001a3   Thumb Code     0  stm32f10x.o(.text)
    WWDG_IRQHandler                          0x080001a3   Thumb Code     0  stm32f10x.o(.text)
    __user_initial_stackheap                 0x080001a5   Thumb Code     0  stm32f10x.o(.text)
    stm32_Init                               0x080001c1   Thumb Code   136  stm32_init.o(.text)
    delay_us                                 0x08000279   Thumb Code    14  main.o(.text)
    dac_init                                 0x08000287   Thumb Code    20  main.o(.text)
    SD_FileNameCompare                       0x0800029b   Thumb Code    30  main.o(.text)
    SD_Command                               0x080002b9   Thumb Code    80  main.o(.text)
    SD_Read32Bytes                           0x08000309   Thumb Code    98  main.o(.text)
    SD_SendCommand                           0x0800036b   Thumb Code    42  main.o(.text)
    music_start                              0x08000395   Thumb Code   684  main.o(.text)
    music_hndl                               0x08000641   Thumb Code   264  main.o(.text)
    music_stop                               0x08000749   Thumb Code    14  main.o(.text)
    wrk_drv                                  0x08000757   Thumb Code   144  main.o(.text)
    volume_drv                               0x080007e7   Thumb Code   116  main.o(.text)
    demo_hndl                                0x0800085b   Thumb Code   142  main.o(.text)
    in_drv                                   0x080008e9   Thumb Code   142  main.o(.text)
    in_an                                    0x08000977   Thumb Code   114  main.o(.text)
    SD_Reset                                 0x080009e9   Thumb Code   360  main.o(.text)
    sd_card_insert_drv                       0x08000b51   Thumb Code   210  main.o(.text)
    SD_Read2Bytes                            0x08000c23   Thumb Code    96  main.o(.text)
    SD_Read512Bytes                          0x08000c83   Thumb Code   104  main.o(.text)
    ret                                      0x08000ceb   Thumb Code     6  main.o(.text)
    ret_hndl                                 0x08000cf1   Thumb Code    34  main.o(.text)
    ind_hndl                                 0x08000d13   Thumb Code  1396  main.o(.text)
    but_drv                                  0x08001287   Thumb Code   366  main.o(.text)
    but_an                                   0x080013f5   Thumb Code  1746  main.o(.text)
    SysTick_Handler                          0x08001ac7   Thumb Code   362  main.o(.text)
    main                                     0x08001c31   Thumb Code   914  main.o(.text)
    find                                     0x08002011   Thumb Code    24  common_func.o(.text)
    bin2bcd_int                              0x08002029   Thumb Code    36  common_func.o(.text)
    bcd2lcd_zero                             0x0800204d   Thumb Code    74  common_func.o(.text)
    int2lcdyx                                0x08002097   Thumb Code    98  common_func.o(.text)
    int2lcd                                  0x080020f9   Thumb Code   130  common_func.o(.text)
    tree_down                                0x0800217b   Thumb Code    60  common_func.o(.text)
    tree_up                                  0x080021b7   Thumb Code    56  common_func.o(.text)
    bgnd_par                                 0x080021ef   Thumb Code    58  common_func.o(.text)
    _24c01_write_2byte                       0x08002241   Thumb Code    68  24c01.o(.text)
    _24c01_read_nbyte                        0x08002285   Thumb Code   108  24c01.o(.text)
    i2c_init                                 0x080022f1   Thumb Code    52  i2c.o(.text)
    i2c_Start                                0x08002325   Thumb Code    58  i2c.o(.text)
    i2c_Restart                              0x0800235f   Thumb Code    80  i2c.o(.text)
    i2c_ReadAcknowledge                      0x080023af   Thumb Code   100  i2c.o(.text)
    i2c_ReadByte                             0x08002413   Thumb Code   138  i2c.o(.text)
    i2c_SendAcknowledge                      0x0800249d   Thumb Code   118  i2c.o(.text)
    i2c_SendByte                             0x08002513   Thumb Code   152  i2c.o(.text)
    i2c_Stop                                 0x080025ab   Thumb Code    74  i2c.o(.text)
    spi_init                                 0x080025fd   Thumb Code    96  spi_stm32f103.o(.text)
    spi_hi_speed                             0x0800265d   Thumb Code    32  spi_stm32f103.o(.text)
    spi_ss                                   0x0800267d   Thumb Code    16  spi_stm32f103.o(.text)
    spi_send                                 0x0800268d   Thumb Code    38  spi_stm32f103.o(.text)
    lcd_write_4bit                           0x080026db   Thumb Code    52  lcd_pal_4_2.o(.text)
    lcd_putchar                              0x08002733   Thumb Code    12  lcd_pal_4_2.o(.text)
    lcd_write_cmd                            0x0800273f   Thumb Code    38  lcd_pal_4_2.o(.text)
    set_cursor                               0x08002765   Thumb Code    32  lcd_pal_4_2.o(.text)
    lcd_clear                                0x08002785   Thumb Code    18  lcd_pal_4_2.o(.text)
    lcd_out                                  0x08002797   Thumb Code    48  lcd_pal_4_2.o(.text)
    lcd_init                                 0x080027c7   Thumb Code   138  lcd_pal_4_2.o(.text)
    ruslcd                                   0x0800285d   Thumb Code    32  ruslcd.o(.text)
    gran_ring_char                           0x08002881   Thumb Code    22  gran.o(.text)
    gran_char                                0x08002897   Thumb Code    22  gran.o(.text)
    gran                                     0x080028ad   Thumb Code    22  gran.o(.text)
    gran_ring                                0x080028c3   Thumb Code    22  gran.o(.text)
    strlen                                   0x080028d9   Thumb Code    62  strlen.o(.text)
    __use_two_region_memory                  0x08002917   Thumb Code     2  heapauxi.o(.text)
    __rt_heap_escrow$2region                 0x08002919   Thumb Code     2  heapauxi.o(.text)
    __rt_heap_expand$2region                 0x0800291b   Thumb Code     2  heapauxi.o(.text)
    __user_setup_stackheap                   0x0800291d   Thumb Code    74  sys_stackheap_outer.o(.text)
    exit                                     0x08002967   Thumb Code    12  exit.o(.text)
    __user_libspace                          0x08002975   Thumb Code     8  libspace.o(.text)
    __user_perproc_libspace                  0x08002975   Thumb Code     0  libspace.o(.text)
    __user_perthread_libspace                0x08002975   Thumb Code     0  libspace.o(.text)
    __rt_fp_status_addr                      0x0800297d   Thumb Code     8  rt_fp_status_addr_intlibspace.o(.text)
    _sys_exit                                0x08002985   Thumb Code     8  sys_exit.o(.text)
    __I$use$semihosting                      0x08002991   Thumb Code     0  use_no_semi.o(.text)
    __use_no_semihosting_swi                 0x08002991   Thumb Code     2  use_no_semi.o(.text)
    __semihosting_library_function           0x08002993   Thumb Code     0  indicate_semi.o(.text)
    _fp_init                                 0x08002993   Thumb Code    14  fpinit.o(x$fpl$fpinit)
    __fplib_config_pureend_doubles           0x0800299f   Thumb Code     0  fpinit.o(x$fpl$fpinit)
    rus_buff                                 0x080029a0   Data          89  ruslcd.o(.constdata)
    Region$$Table$$Base                      0x080029fc   Number         0  anon$$obj.o(Region$$Table)
    Region$$Table$$Limit                     0x08002a1c   Number         0  anon$$obj.o(Region$$Table)
    lcd_buffer                               0x20000000   Data          40  main.o(.data)
    mnemo_cnt                                0x20000028   Data           1  main.o(.data)
    ptr_ind                                  0x2000002a   Data           2  main.o(.data)
    ind_pointer                              0x2000002c   Data           2  main.o(.data)
    sd_card_insert_drv_cnt                   0x2000002e   Data           2  main.o(.data)
    sd_card_insert_stat                      0x20000030   Data           1  main.o(.data)
    sd_card_insert_stat_old                  0x20000031   Data           1  main.o(.data)
    volume_vector                            0x20000032   Data           1  main.o(.data)
    volume_period_cnt_max                    0x20000034   Data           2  main.o(.data)
    main_demo_cnt                            0x20000036   Data           2  main.o(.data)
    plazma3                                  0x20000038   Data           1  main.o(.data)
    b1000Hz                                  0x2000003a   Data           1  main.o(.data)
    b100Hz                                   0x2000003b   Data           1  main.o(.data)
    b50Hz                                    0x2000003c   Data           1  main.o(.data)
    b10Hz                                    0x2000003d   Data           1  main.o(.data)
    b5Hz                                     0x2000003e   Data           1  main.o(.data)
    b2Hz                                     0x2000003f   Data           1  main.o(.data)
    b1Hz                                     0x20000040   Data           1  main.o(.data)
    time_cnt1                                0x20000041   Data           1  main.o(.data)
    time_cnt2                                0x20000042   Data           1  main.o(.data)
    time_cnt3                                0x20000043   Data           1  main.o(.data)
    time_cnt4                                0x20000044   Data           1  main.o(.data)
    time_cnt5                                0x20000045   Data           1  main.o(.data)
    time_cnt6                                0x20000046   Data           1  main.o(.data)
    time_cnt7                                0x20000047   Data           1  main.o(.data)
    short_time_cnt                           0x20000048   Data           2  main.o(.data)
    bFL5                                     0x2000004a   Data           1  main.o(.data)
    bFL2                                     0x2000004b   Data           1  main.o(.data)
    bFL                                      0x2000004c   Data           1  main.o(.data)
    parol                                    0x2000004d   Data           3  main.o(.data)
    phase                                    0x20000050   Data           1  main.o(.data)
    dig                                      0x20000051   Data           5  main.o(.data)
    zero_on                                  0x20000056   Data           1  main.o(.data)
    simax                                    0x20000057   Data           1  main.o(.data)
    av_j_si_max                              0x20000058   Data           2  main.o(.data)
    a_ind                                    0x2000005a   Data           5  main.o(.data)
    ret_duty                                 0x2000005f   Data           1  main.o(.data)
    but                                      0x20000060   Data           1  main.o(.data)
    but_n                                    0x20000064   Data           4  main.o(.data)
    but_s                                    0x20000068   Data           4  main.o(.data)
    but0_cnt                                 0x2000006c   Data           1  main.o(.data)
    but1_cnt                                 0x2000006d   Data           1  main.o(.data)
    but_onL_temp                             0x2000006e   Data           1  main.o(.data)
    speed                                    0x2000006f   Data           1  main.o(.data)
    l_but                                    0x20000070   Data           1  main.o(.data)
    n_but                                    0x20000071   Data           1  main.o(.data)
    in_drv_cnt                               0x20000072   Data           1  main.o(.data)
    in_stop_drv_cnt                          0x20000073   Data           1  main.o(.data)
    bIN                                      0x20000074   Data           1  main.o(.data)
    bIN_STOP                                 0x20000075   Data           1  main.o(.data)
    MAIN_TIME                                0x20000076   Data           2  main.o(.data)
    DEMO_TIME                                0x20000078   Data           2  main.o(.data)
    DEMO_PERIOD                              0x2000007a   Data           2  main.o(.data)
    NUM_OF_FILES                             0x2000007c   Data           2  main.o(.data)
    MAIN_VOLUME                              0x2000007e   Data           2  main.o(.data)
    MAIN_CNT                                 0x20000080   Data           2  main.o(.data)
    sound_cnt                                0x20000082   Data           2  main.o(.data)
    bZV                                      0x20000084   Data           4  main.o(.data)
    bEND                                     0x20000088   Data           4  main.o(.data)
    bEND_                                    0x2000008c   Data           4  main.o(.data)
    b1                                       0x20000090   Data           4  main.o(.data)
    b2                                       0x20000094   Data           4  main.o(.data)
    b1ERR                                    0x20000098   Data           4  main.o(.data)
    bZV_ERROR                                0x2000009c   Data           4  main.o(.data)
    File_len                                 0x200000a0   Data           4  main.o(.data)
    sound_read_adress                        0x200000a4   Data           4  main.o(.data)
    current_cluster                          0x200000a8   Data           2  main.o(.data)
    current_sector                           0x200000aa   Data           1  main.o(.data)
    sound_buffer_                            0x200000ac   Data           2  main.o(.data)
    pbr_adr                                  0x200000b0   Data           4  main.o(.data)
    Sectors_per_Cluster                      0x200000b4   Data           1  main.o(.data)
    Rezerv                                   0x200000b6   Data           2  main.o(.data)
    Number_of_Fat                            0x200000b8   Data           1  main.o(.data)
    Root_dir_entry                           0x200000ba   Data           2  main.o(.data)
    Sectors_per_FAT                          0x200000bc   Data           2  main.o(.data)
    Fat_base                                 0x200000c0   Data           4  main.o(.data)
    Root_base                                0x200000c4   Data           4  main.o(.data)
    Cluster_base                             0x200000c8   Data           4  main.o(.data)
    zv_err_cnt                               0x200000cc   Data           2  main.o(.data)
    unsigned_cnt                             0x200000ce   Data           2  main.o(.data)
    audio_out_cnt                            0x200000d0   Data           2  main.o(.data)
    main_music_cnt                           0x200000d2   Data           2  main.o(.data)
    max_main_music_cnt                       0x200000d4   Data           2  main.o(.data)
    fade_out_main_music_cnt                  0x200000d6   Data           2  main.o(.data)
    volume                                   0x200000d8   Data           2  main.o(.data)
    volume_koef                              0x200000da   Data           2  main.o(.data)
    volume_max                               0x200000dc   Data           2  main.o(.data)
    volume_period_cnt                        0x200000de   Data           2  main.o(.data)
    current_sound                            0x200000e0   Data           2  main.o(.data)
    wrk_cnt                                  0x200000e2   Data           2  main.o(.data)
    max_file                                 0x200000e4   Data           2  main.o(.data)
    current_file                             0x200000e6   Data           2  main.o(.data)
    current_demo_file                        0x200000e8   Data           2  main.o(.data)
    main_cnt                                 0x200000ea   Data           2  main.o(.data)
    plazma                                   0x200000ec   Data           1  main.o(.data)
    plazma1                                  0x200000ed   Data           1  main.o(.data)
    plazma2                                  0x200000ee   Data           1  main.o(.data)
    plazma_long                              0x200000f0   Data           4  main.o(.data)
    read_adress                              0x200000f4   Data           2  main.o(.data)
    dac_cnt                                  0x200000f6   Data           2  main.o(.data)
    plazma_cnt                               0x200000f8   Data           1  main.o(.data)
    lcd_bitmap                               0x200000fc   Data        1024  main.o(.bss)
    b_ind                                    0x200004fc   Data          50  main.o(.bss)
    sound_buffer                             0x2000052e   Data        2048  main.o(.bss)
    sound_control_buffer                     0x20000d2e   Data          50  main.o(.bss)
    memo_out                                 0x20000d60   Data          50  main.o(.bss)
    __libspace_start                         0x20000d94   Data          96  libspace.o(.bss)
    __temporary_stack_top$libspace           0x20000df4   Data           0  libspace.o(.bss)



==============================================================================

Memory Map of the image

  Image Entry point : 0x080000ed

  Load Region LR_IROM1 (Base: 0x08000000, Size: 0x00002b18, Max: 0x00004000, ABSOLUTE)

    Execution Region ER_IROM1 (Base: 0x08000000, Size: 0x00002a1c, Max: 0x00004000, ABSOLUTE)

    Base Addr    Size         Type   Attr      Idx    E Section Name        Object

    0x08000000   0x000000ec   Data   RO            3    RESET               stm32f10x.o
    0x080000ec   0x00000008   Code   RO          390  * !!!main             c_w.l(__main.o)
    0x080000f4   0x00000034   Code   RO          547    !!!scatter          c_w.l(__scatter.o)
    0x08000128   0x0000001a   Code   RO          549    !!handler_copy      c_w.l(__scatter_copy.o)
    0x08000142   0x00000002   PAD
    0x08000144   0x0000001c   Code   RO          551    !!handler_zi        c_w.l(__scatter_zi.o)
    0x08000160   0x00000006   Code   RO          417    .ARM.Collect$$libinit$$00000000  c_w.l(libinit.o)
    0x08000166   0x00000000   Code   RO          425    .ARM.Collect$$libinit$$00000006  c_w.l(libinit2.o)
    0x08000166   0x00000000   Code   RO          427    .ARM.Collect$$libinit$$00000008  c_w.l(libinit2.o)
    0x08000166   0x00000000   Code   RO          429    .ARM.Collect$$libinit$$0000000A  c_w.l(libinit2.o)
    0x08000166   0x00000000   Code   RO          432    .ARM.Collect$$libinit$$0000000D  c_w.l(libinit2.o)
    0x08000166   0x00000000   Code   RO          434    .ARM.Collect$$libinit$$0000000F  c_w.l(libinit2.o)
    0x08000166   0x00000000   Code   RO          436    .ARM.Collect$$libinit$$00000011  c_w.l(libinit2.o)
    0x08000166   0x00000000   Code   RO          438    .ARM.Collect$$libinit$$00000013  c_w.l(libinit2.o)
    0x08000166   0x00000000   Code   RO          440    .ARM.Collect$$libinit$$00000015  c_w.l(libinit2.o)
    0x08000166   0x00000000   Code   RO          442    .ARM.Collect$$libinit$$00000017  c_w.l(libinit2.o)
    0x08000166   0x00000000   Code   RO          444    .ARM.Collect$$libinit$$00000019  c_w.l(libinit2.o)
    0x08000166   0x00000000   Code   RO          446    .ARM.Collect$$libinit$$0000001B  c_w.l(libinit2.o)
    0x08000166   0x00000000   Code   RO          448    .ARM.Collect$$libinit$$0000001D  c_w.l(libinit2.o)
    0x08000166   0x00000000   Code   RO          450    .ARM.Collect$$libinit$$0000001F  c_w.l(libinit2.o)
    0x08000166   0x00000000   Code   RO          452    .ARM.Collect$$libinit$$00000021  c_w.l(libinit2.o)
    0x08000166   0x00000000   Code   RO          456    .ARM.Collect$$libinit$$00000028  c_w.l(libinit2.o)
    0x08000166   0x00000000   Code   RO          458    .ARM.Collect$$libinit$$0000002A  c_w.l(libinit2.o)
    0x08000166   0x00000000   Code   RO          460    .ARM.Collect$$libinit$$0000002C  c_w.l(libinit2.o)
    0x08000166   0x00000000   Code   RO          462    .ARM.Collect$$libinit$$0000002E  c_w.l(libinit2.o)
    0x08000166   0x00000002   Code   RO          463    .ARM.Collect$$libinit$$0000002F  c_w.l(libinit2.o)
    0x08000168   0x00000002   Code   RO          488    .ARM.Collect$$libshutdown$$00000000  c_w.l(libshutdown.o)
    0x0800016a   0x00000000   Code   RO          502    .ARM.Collect$$libshutdown$$00000003  c_w.l(libshutdown2.o)
    0x0800016a   0x00000000   Code   RO          505    .ARM.Collect$$libshutdown$$00000006  c_w.l(libshutdown2.o)
    0x0800016a   0x00000000   Code   RO          508    .ARM.Collect$$libshutdown$$00000009  c_w.l(libshutdown2.o)
    0x0800016a   0x00000000   Code   RO          510    .ARM.Collect$$libshutdown$$0000000B  c_w.l(libshutdown2.o)
    0x0800016a   0x00000000   Code   RO          513    .ARM.Collect$$libshutdown$$0000000E  c_w.l(libshutdown2.o)
    0x0800016a   0x00000002   Code   RO          514    .ARM.Collect$$libshutdown$$0000000F  c_w.l(libshutdown2.o)
    0x0800016c   0x00000000   Code   RO          392    .ARM.Collect$$rtentry$$00000000  c_w.l(rtentry.o)
    0x0800016c   0x00000000   Code   RO          394    .ARM.Collect$$rtentry$$00000002  c_w.l(rtentry2.o)
    0x0800016c   0x00000006   Code   RO          406    .ARM.Collect$$rtentry$$00000004  c_w.l(rtentry4.o)
    0x08000172   0x00000000   Code   RO          396    .ARM.Collect$$rtentry$$00000009  c_w.l(rtentry2.o)
    0x08000172   0x00000004   Code   RO          397    .ARM.Collect$$rtentry$$0000000A  c_w.l(rtentry2.o)
    0x08000176   0x00000000   Code   RO          399    .ARM.Collect$$rtentry$$0000000C  c_w.l(rtentry2.o)
    0x08000176   0x00000008   Code   RO          400    .ARM.Collect$$rtentry$$0000000D  c_w.l(rtentry2.o)
    0x0800017e   0x00000002   Code   RO          421    .ARM.Collect$$rtexit$$00000000  c_w.l(rtexit.o)
    0x08000180   0x00000000   Code   RO          467    .ARM.Collect$$rtexit$$00000002  c_w.l(rtexit2.o)
    0x08000180   0x00000004   Code   RO          468    .ARM.Collect$$rtexit$$00000003  c_w.l(rtexit2.o)
    0x08000184   0x00000006   Code   RO          469    .ARM.Collect$$rtexit$$00000004  c_w.l(rtexit2.o)
    0x0800018a   0x00000002   PAD
    0x0800018c   0x00000034   Code   RO            4    .text               stm32f10x.o
    0x080001c0   0x000000a4   Code   RO           10    .text               stm32_init.o
    0x08000264   0x00001dac   Code   RO          122    .text               main.o
    0x08002010   0x00000230   Code   RO          185    .text               common_func.o
    0x08002240   0x000000b0   Code   RO          296    .text               24c01.o
    0x080022f0   0x0000030c   Code   RO          319    .text               i2c.o
    0x080025fc   0x000000d0   Code   RO          331    .text               spi_stm32f103.o
    0x080026cc   0x00000190   Code   RO          347    .text               lcd_pal_4_2.o
    0x0800285c   0x00000024   Code   RO          359    .text               ruslcd.o
    0x08002880   0x00000058   Code   RO          374    .text               gran.o
    0x080028d8   0x0000003e   Code   RO          386    .text               c_w.l(strlen.o)
    0x08002916   0x00000006   Code   RO          388    .text               c_w.l(heapauxi.o)
    0x0800291c   0x0000004a   Code   RO          408    .text               c_w.l(sys_stackheap_outer.o)
    0x08002966   0x0000000c   Code   RO          410    .text               c_w.l(exit.o)
    0x08002972   0x00000002   PAD
    0x08002974   0x00000008   Code   RO          418    .text               c_w.l(libspace.o)
    0x0800297c   0x00000008   Code   RO          476    .text               c_w.l(rt_fp_status_addr_intlibspace.o)
    0x08002984   0x0000000c   Code   RO          480    .text               c_w.l(sys_exit.o)
    0x08002990   0x00000002   Code   RO          491    .text               c_w.l(use_no_semi.o)
    0x08002992   0x00000000   Code   RO          493    .text               c_w.l(indicate_semi.o)
    0x08002992   0x0000000e   Code   RO          464    x$fpl$fpinit        fz_ws.l(fpinit.o)
    0x080029a0   0x00000059   Data   RO          360    .constdata          ruslcd.o
    0x080029f9   0x00000003   PAD
    0x080029fc   0x00000020   Data   RO          545    Region$$Table       anon$$obj.o


    Execution Region RW_IRAM1 (Base: 0x20000000, Size: 0x00000ff8, Max: 0x00001000, ABSOLUTE)

    Base Addr    Size         Type   Attr      Idx    E Section Name        Object

    0x20000000   0x000000f9   Data   RW          128    .data               main.o
    0x200000f9   0x00000003   PAD
    0x200000fc   0x00000c96   Zero   RW          126    .bss                main.o
    0x20000d92   0x00000002   PAD
    0x20000d94   0x00000060   Zero   RW          419    .bss                c_w.l(libspace.o)
    0x20000df4   0x00000004   PAD
    0x20000df8   0x00000000   Zero   RW            2    HEAP                stm32f10x.o
    0x20000df8   0x00000200   Zero   RW            1    STACK               stm32f10x.o


==============================================================================

Image component sizes


      Code (inc. data)   RO Data    RW Data    ZI Data      Debug   Object Name

       176          0          0          0          0        875   24c01.o
       560         24          0          0          0       2377   common_func.o
        88          0          0          0          0       1026   gran.o
       780          8          0          0          0       1712   i2c.o
       400         12          0          0          0       1785   lcd_pal_4_2.o
      7596       1258          0        249       3222      19884   main.o
        36          4         89          0          0        776   ruslcd.o
       208         26          0          0          0        872   spi_stm32f103.o
       164         28          0          0          0       7669   stm32_init.o
        52         18        236          0        512        724   stm32f10x.o

    ----------------------------------------------------------------------
     10060       1378        360        252       3736      37700   Object Totals
         0          0         32          0          0          0   (incl. Generated)
         0          0          3          3          2          0   (incl. Padding)

    ----------------------------------------------------------------------

      Code (inc. data)   RO Data    RW Data    ZI Data      Debug   Library Member Name

         8          0          0          0          0         68   __main.o
        52          8          0          0          0          0   __scatter.o
        26          0          0          0          0          0   __scatter_copy.o
        28          0          0          0          0          0   __scatter_zi.o
        12          0          0          0          0         72   exit.o
         6          0          0          0          0        152   heapauxi.o
         0          0          0          0          0          0   indicate_semi.o
         6          0          0          0          0          0   libinit.o
         2          0          0          0          0          0   libinit2.o
         2          0          0          0          0          0   libshutdown.o
         2          0          0          0          0          0   libshutdown2.o
         8          4          0          0         96         68   libspace.o
         8          4          0          0          0         68   rt_fp_status_addr_intlibspace.o
         0          0          0          0          0          0   rtentry.o
        12          0          0          0          0          0   rtentry2.o
         6          0          0          0          0          0   rtentry4.o
         2          0          0          0          0          0   rtexit.o
        10          0          0          0          0          0   rtexit2.o
        62          0          0          0          0         76   strlen.o
        12          4          0          0          0         68   sys_exit.o
        74          0          0          0          0         80   sys_stackheap_outer.o
         2          0          0          0          0         68   use_no_semi.o
        14          0          0          0          0         76   fpinit.o

    ----------------------------------------------------------------------
       360         20          0          0        100        796   Library Totals
         6          0          0          0          4          0   (incl. Padding)

    ----------------------------------------------------------------------

      Code (inc. data)   RO Data    RW Data    ZI Data      Debug   Library Name

       340         20          0          0         96        720   c_w.l
        14          0          0          0          0         76   fz_ws.l

    ----------------------------------------------------------------------
       360         20          0          0        100        796   Library Totals

    ----------------------------------------------------------------------

==============================================================================


      Code (inc. data)   RO Data    RW Data    ZI Data      Debug   

     10420       1398        360        252       3836      37404   Grand Totals
     10420       1398        360        252       3836      37404   ELF Image Totals
     10420       1398        360        252          0          0   ROM Totals

==============================================================================

    Total RO  Size (Code + RO Data)                10780 (  10.53kB)
    Total RW  Size (RW Data + ZI Data)              4088 (   3.99kB)
    Total ROM Size (Code + RO Data + RW Data)      11032 (  10.77kB)

==============================================================================

