<html>
<body>
<pre>
<h1>µVision Build Log</h1>
<h2>Project:</h2>
E:\Users\Pal\DEVICES\FAT34_dev\SOFT\1FATFS\FAT34_1.uvproj
Project File Date:  02/02/2015

<h2>Output:</h2>
Build target 'Release'
assembling STM32F10x.s...
compiling STM32_Init.c...
compiling main.c...
main.c(112): warning:  #188-D: enumerated type mixed with another type
main.c(196): warning:  #177-D: variable "n" was declared but never referenced
main.c(196): warning:  #177-D: variable "r1" was declared but never referenced
main.c(1241): warning:  #188-D: enumerated type mixed with another type
main.c(1514): warning:  #223-D: function "disk_timerproc" declared implicitly
compiling common_func.c...
compiling 24c01.c...
compiling i2c.c...
compiling SPI_STM32F103.c...
compiling lcd_pal_4_2.c...
compiling ruslcd.c...
compiling gran.c...
compiling ff.c...
compiling mmc_32f1.c...
FAT\mmc_32f1.c(136): warning:  #61-D: integer operation result is out of range
FAT\mmc_32f1.c(136): warning:  #61-D: integer operation result is out of range
FAT\mmc_32f1.c(136): warning:  #68-D: integer conversion resulted in a change of sign
linking...
Program Size: Code=14344 RO-data=360 RW-data=284 ZI-data=3796  
FromELF: creating hex file...
"FAT34_1.axf" - 0 Error(s), 8 Warning(s).
Load "E:\\Users\\Pal\\DEVICES\\FAT34_dev\\SOFT\\1FATFS\\FAT34_1.AXF" 
Set JLink Project File to "E:\Users\Pal\DEVICES\FAT34_dev\SOFT\1FATFS\JLinkSettings.ini"
 
JLink info:
------------
DLL: V4.24b, compiled Feb 22 2011 20:47:17
Firmware: J-Link ARM V8 compiled Sep 22 2011 16:23:23
Hardware: V8.00
S/N : 58001139 
Feature(s) : RDI,FlashDL,FlashBP,JFlash 
 
* JLink Info: TotalIRLen = 9, IRPrint = 0x0011
* JLink Info: Found Cortex-M3 r1p1, Little endian.
* JLink Info: TPIU fitted.
* JLink Info:   FPUnit: 6 code (BP) slots and 2 literal slots
ROMTableAddr = 0xE00FF003
* JLink Info: TotalIRLen = 9, IRPrint = 0x0011
* JLink Info: Found Cortex-M3 r1p1, Little endian.
* JLink Info: TPIU fitted.
* JLink Info:   FPUnit: 6 code (BP) slots and 2 literal slots
* JLink Info: TotalIRLen = 9, IRPrint = 0x0011
* JLink Info: Found Cortex-M3 r1p1, Little endian.
* JLink Info: TPIU fitted.
* JLink Info:   FPUnit: 6 code (BP) slots and 2 literal slots
 
Target info:
------------
Device: STM32F100R4
VTarget = 3.267V
State of Pins: 
TCK: 1, TDI: 0, TDO: 0, TMS: 0, TRES: 1, TRST: 1
Hardware-Breakpoints: 6
Software-Breakpoints: 2048
Watchpoints:          4
JTAG speed: 500 kHz
 
Erase Done.
Programming Done.
Verify OK.
* JLink Info: TotalIRLen = 9, IRPrint = 0x0011
* JLink Info: Found Cortex-M3 r1p1, Little endian.
* JLink Info: TPIU fitted.
* JLink Info:   FPUnit: 6 code (BP) slots and 2 literal slots
Application running ...
Build target 'Release'
assembling STM32F10x.s...
compiling STM32_Init.c...
compiling main.c...
main.c(112): warning:  #188-D: enumerated type mixed with another type
main.c(196): warning:  #177-D: variable "n" was declared but never referenced
main.c(196): warning:  #177-D: variable "r1" was declared but never referenced
main.c(1241): warning:  #188-D: enumerated type mixed with another type
main.c(1514): warning:  #223-D: function "disk_timerproc" declared implicitly
compiling common_func.c...
compiling 24c01.c...
compiling i2c.c...
compiling SPI_STM32F103.c...
compiling lcd_pal_4_2.c...
compiling ruslcd.c...
compiling gran.c...
compiling ff.c...
compiling mmc_32f1.c...
FAT\mmc_32f1.c(136): warning:  #61-D: integer operation result is out of range
FAT\mmc_32f1.c(136): warning:  #61-D: integer operation result is out of range
FAT\mmc_32f1.c(136): warning:  #68-D: integer conversion resulted in a change of sign
linking...
Program Size: Code=14360 RO-data=360 RW-data=284 ZI-data=3796  
FromELF: creating hex file...
"FAT34_1.axf" - 0 Error(s), 8 Warning(s).
Build target 'Release'
assembling STM32F10x.s...
compiling STM32_Init.c...
compiling main.c...
main.c(112): warning:  #188-D: enumerated type mixed with another type
main.c(196): warning:  #177-D: variable "n" was declared but never referenced
main.c(196): warning:  #177-D: variable "r1" was declared but never referenced
main.c(1241): warning:  #188-D: enumerated type mixed with another type
main.c(1514): warning:  #223-D: function "disk_timerproc" declared implicitly
compiling common_func.c...
compiling 24c01.c...
compiling i2c.c...
compiling SPI_STM32F103.c...
compiling lcd_pal_4_2.c...
compiling ruslcd.c...
compiling gran.c...
compiling ff.c...
compiling mmc_32f1.c...
FAT\mmc_32f1.c(136): warning:  #61-D: integer operation result is out of range
FAT\mmc_32f1.c(136): warning:  #61-D: integer operation result is out of range
FAT\mmc_32f1.c(136): warning:  #68-D: integer conversion resulted in a change of sign
linking...
Program Size: Code=14412 RO-data=360 RW-data=284 ZI-data=3796  
FromELF: creating hex file...
"FAT34_1.axf" - 0 Error(s), 8 Warning(s).
Load "E:\\Users\\Pal\\DEVICES\\FAT34_dev\\SOFT\\1FATFS\\FAT34_1.AXF" 
Set JLink Project File to "E:\Users\Pal\DEVICES\FAT34_dev\SOFT\1FATFS\JLinkSettings.ini"
 
JLink info:
------------
DLL: V4.24b, compiled Feb 22 2011 20:47:17
Firmware: J-Link ARM V8 compiled Sep 22 2011 16:23:23
Hardware: V8.00
S/N : 58001139 
Feature(s) : RDI,FlashDL,FlashBP,JFlash 
 
* JLink Info: TotalIRLen = 9, IRPrint = 0x0011
* JLink Info: Found Cortex-M3 r1p1, Little endian.
* JLink Info: TPIU fitted.
* JLink Info:   FPUnit: 6 code (BP) slots and 2 literal slots
ROMTableAddr = 0xE00FF003
* JLink Info: TotalIRLen = 9, IRPrint = 0x0011
* JLink Info: Found Cortex-M3 r1p1, Little endian.
* JLink Info: TPIU fitted.
* JLink Info:   FPUnit: 6 code (BP) slots and 2 literal slots
* JLink Info: TotalIRLen = 9, IRPrint = 0x0011
* JLink Info: Found Cortex-M3 r1p1, Little endian.
* JLink Info: TPIU fitted.
* JLink Info:   FPUnit: 6 code (BP) slots and 2 literal slots
 
Target info:
------------
Device: STM32F100R4
VTarget = 3.274V
State of Pins: 
TCK: 1, TDI: 0, TDO: 0, TMS: 0, TRES: 1, TRST: 1
Hardware-Breakpoints: 6
Software-Breakpoints: 2048
Watchpoints:          4
JTAG speed: 500 kHz
 
Erase Done.
Programming Done.
Verify OK.
* JLink Info: TotalIRLen = 9, IRPrint = 0x0011
* JLink Info: Found Cortex-M3 r1p1, Little endian.
* JLink Info: TPIU fitted.
* JLink Info:   FPUnit: 6 code (BP) slots and 2 literal slots
Application running ...
Build target 'Release'
assembling STM32F10x.s...
compiling STM32_Init.c...
compiling main.c...
main.c(112): warning:  #188-D: enumerated type mixed with another type
main.c(196): warning:  #177-D: variable "n" was declared but never referenced
main.c(196): warning:  #177-D: variable "r1" was declared but never referenced
main.c(1242): warning:  #188-D: enumerated type mixed with another type
main.c(1515): warning:  #223-D: function "disk_timerproc" declared implicitly
compiling common_func.c...
compiling 24c01.c...
compiling i2c.c...
compiling SPI_STM32F103.c...
compiling lcd_pal_4_2.c...
compiling ruslcd.c...
compiling gran.c...
compiling ff.c...
compiling mmc_32f1.c...
FAT\mmc_32f1.c(136): warning:  #61-D: integer operation result is out of range
FAT\mmc_32f1.c(136): warning:  #61-D: integer operation result is out of range
FAT\mmc_32f1.c(136): warning:  #68-D: integer conversion resulted in a change of sign
linking...
Program Size: Code=14416 RO-data=360 RW-data=284 ZI-data=3796  
FromELF: creating hex file...
"FAT34_1.axf" - 0 Error(s), 8 Warning(s).
Load "E:\\Users\\Pal\\DEVICES\\FAT34_dev\\SOFT\\1FATFS\\FAT34_1.AXF" 
Set JLink Project File to "E:\Users\Pal\DEVICES\FAT34_dev\SOFT\1FATFS\JLinkSettings.ini"
 
JLink info:
------------
DLL: V4.24b, compiled Feb 22 2011 20:47:17
Firmware: J-Link ARM V8 compiled Sep 22 2011 16:23:23
Hardware: V8.00
S/N : 58001139 
Feature(s) : RDI,FlashDL,FlashBP,JFlash 
 
* JLink Info: TotalIRLen = 9, IRPrint = 0x0011
* JLink Info: Found Cortex-M3 r1p1, Little endian.
* JLink Info: TPIU fitted.
* JLink Info:   FPUnit: 6 code (BP) slots and 2 literal slots
ROMTableAddr = 0xE00FF003
* JLink Info: TotalIRLen = 9, IRPrint = 0x0011
* JLink Info: Found Cortex-M3 r1p1, Little endian.
* JLink Info: TPIU fitted.
* JLink Info:   FPUnit: 6 code (BP) slots and 2 literal slots
* JLink Info: TotalIRLen = 9, IRPrint = 0x0011
* JLink Info: Found Cortex-M3 r1p1, Little endian.
* JLink Info: TPIU fitted.
* JLink Info:   FPUnit: 6 code (BP) slots and 2 literal slots
 
Target info:
------------
Device: STM32F100R4
VTarget = 3.274V
State of Pins: 
TCK: 1, TDI: 0, TDO: 0, TMS: 0, TRES: 1, TRST: 1
Hardware-Breakpoints: 6
Software-Breakpoints: 2048
Watchpoints:          4
JTAG speed: 500 kHz
 
Erase Done.
Programming Done.
Verify OK.
* JLink Info: TotalIRLen = 9, IRPrint = 0x0011
* JLink Info: Found Cortex-M3 r1p1, Little endian.
* JLink Info: TPIU fitted.
* JLink Info:   FPUnit: 6 code (BP) slots and 2 literal slots
Application running ...
Load "E:\\Users\\Pal\\DEVICES\\FAT34_dev\\SOFT\\1FATFS\\FAT34_1.AXF" 
Set JLink Project File to "E:\Users\Pal\DEVICES\FAT34_dev\SOFT\1FATFS\JLinkSettings.ini"
 
JLink info:
------------
DLL: V4.24b, compiled Feb 22 2011 20:47:17
Firmware: J-Link ARM V8 compiled Sep 22 2011 16:23:23
Hardware: V8.00
S/N : 58001139 
Feature(s) : RDI,FlashDL,FlashBP,JFlash 
 
* JLink Info: TotalIRLen = 9, IRPrint = 0x0011
* JLink Info: Found Cortex-M3 r1p1, Little endian.
* JLink Info: TPIU fitted.
* JLink Info:   FPUnit: 6 code (BP) slots and 2 literal slots
ROMTableAddr = 0xE00FF003
* JLink Info: TotalIRLen = 9, IRPrint = 0x0011
* JLink Info: Found Cortex-M3 r1p1, Little endian.
* JLink Info: TPIU fitted.
* JLink Info:   FPUnit: 6 code (BP) slots and 2 literal slots
* JLink Info: TotalIRLen = 9, IRPrint = 0x0011
* JLink Info: Found Cortex-M3 r1p1, Little endian.
* JLink Info: TPIU fitted.
* JLink Info:   FPUnit: 6 code (BP) slots and 2 literal slots
 
Target info:
------------
Device: STM32F100R4
VTarget = 3.267V
State of Pins: 
TCK: 1, TDI: 0, TDO: 1, TMS: 0, TRES: 1, TRST: 1
Hardware-Breakpoints: 6
Software-Breakpoints: 2048
Watchpoints:          4
JTAG speed: 500 kHz
 
Erase Done.
Programming Done.
Verify OK.
* JLink Info: TotalIRLen = 9, IRPrint = 0x0011
* JLink Info: Found Cortex-M3 r1p1, Little endian.
* JLink Info: TPIU fitted.
* JLink Info:   FPUnit: 6 code (BP) slots and 2 literal slots
Application running ...
Build target 'Release'
assembling STM32F10x.s...
compiling STM32_Init.c...
compiling main.c...
main.c(112): warning:  #188-D: enumerated type mixed with another type
main.c(196): warning:  #177-D: variable "n" was declared but never referenced
main.c(196): warning:  #177-D: variable "r1" was declared but never referenced
main.c(1242): warning:  #188-D: enumerated type mixed with another type
main.c(1515): warning:  #223-D: function "disk_timerproc" declared implicitly
compiling common_func.c...
compiling 24c01.c...
compiling i2c.c...
compiling SPI_STM32F103.c...
compiling lcd_pal_4_2.c...
compiling ruslcd.c...
compiling gran.c...
compiling ff.c...
compiling mmc_32f1.c...
FAT\mmc_32f1.c(136): warning:  #61-D: integer operation result is out of range
FAT\mmc_32f1.c(136): warning:  #61-D: integer operation result is out of range
FAT\mmc_32f1.c(136): warning:  #68-D: integer conversion resulted in a change of sign
linking...
Program Size: Code=14356 RO-data=360 RW-data=284 ZI-data=3796  
FromELF: creating hex file...
"FAT34_1.axf" - 0 Error(s), 8 Warning(s).
Build target 'Release'
assembling STM32F10x.s...
compiling STM32_Init.c...
compiling main.c...
main.c(112): warning:  #188-D: enumerated type mixed with another type
main.c(196): warning:  #177-D: variable "n" was declared but never referenced
main.c(196): warning:  #177-D: variable "r1" was declared but never referenced
main.c(363): error:  #20: identifier "wrk_cnt_up" is undefined
main.c(365): error:  #20: identifier "wrk_cnt_up" is undefined
main.c(1255): warning:  #188-D: enumerated type mixed with another type
main.c(1528): warning:  #223-D: function "disk_timerproc" declared implicitly
compiling common_func.c...
compiling 24c01.c...
compiling i2c.c...
compiling SPI_STM32F103.c...
compiling lcd_pal_4_2.c...
compiling ruslcd.c...
compiling gran.c...
compiling ff.c...
compiling mmc_32f1.c...
FAT\mmc_32f1.c(136): warning:  #61-D: integer operation result is out of range
FAT\mmc_32f1.c(136): warning:  #61-D: integer operation result is out of range
FAT\mmc_32f1.c(136): warning:  #68-D: integer conversion resulted in a change of sign
Target not created
Build target 'Release'
assembling STM32F10x.s...
compiling STM32_Init.c...
compiling main.c...
main.c(112): warning:  #188-D: enumerated type mixed with another type
main.c(196): warning:  #177-D: variable "n" was declared but never referenced
main.c(196): warning:  #177-D: variable "r1" was declared but never referenced
main.c(1255): warning:  #188-D: enumerated type mixed with another type
main.c(1528): warning:  #223-D: function "disk_timerproc" declared implicitly
compiling common_func.c...
compiling 24c01.c...
compiling i2c.c...
compiling SPI_STM32F103.c...
compiling lcd_pal_4_2.c...
compiling ruslcd.c...
compiling gran.c...
compiling ff.c...
compiling mmc_32f1.c...
FAT\mmc_32f1.c(136): warning:  #61-D: integer operation result is out of range
FAT\mmc_32f1.c(136): warning:  #61-D: integer operation result is out of range
FAT\mmc_32f1.c(136): warning:  #68-D: integer conversion resulted in a change of sign
linking...
Program Size: Code=14264 RO-data=360 RW-data=288 ZI-data=3792  
FromELF: creating hex file...
"FAT34_1.axf" - 0 Error(s), 8 Warning(s).
Load "E:\\Users\\Pal\\DEVICES\\FAT34_dev\\SOFT\\1FATFS\\FAT34_1.AXF" 
Set JLink Project File to "E:\Users\Pal\DEVICES\FAT34_dev\SOFT\1FATFS\JLinkSettings.ini"
Build target 'Release'
assembling STM32F10x.s...
compiling STM32_Init.c...
compiling main.c...
main.c(112): warning:  #188-D: enumerated type mixed with another type
main.c(196): warning:  #177-D: variable "n" was declared but never referenced
main.c(196): warning:  #177-D: variable "r1" was declared but never referenced
main.c(1255): warning:  #188-D: enumerated type mixed with another type
main.c(1528): warning:  #223-D: function "disk_timerproc" declared implicitly
compiling common_func.c...
compiling 24c01.c...
compiling i2c.c...
compiling SPI_STM32F103.c...
compiling lcd_pal_4_2.c...
compiling ruslcd.c...
compiling gran.c...
compiling ff.c...
compiling mmc_32f1.c...
FAT\mmc_32f1.c(136): warning:  #61-D: integer operation result is out of range
FAT\mmc_32f1.c(136): warning:  #61-D: integer operation result is out of range
FAT\mmc_32f1.c(136): warning:  #68-D: integer conversion resulted in a change of sign
linking...
Program Size: Code=14264 RO-data=360 RW-data=288 ZI-data=3792  
FromELF: creating hex file...
"FAT34_1.axf" - 0 Error(s), 8 Warning(s).
Load "E:\\Users\\Pal\\DEVICES\\FAT34_dev\\SOFT\\1FATFS\\FAT34_1.AXF" 
Set JLink Project File to "E:\Users\Pal\DEVICES\FAT34_dev\SOFT\1FATFS\JLinkSettings.ini"
 
JLink info:
------------
DLL: V4.24b, compiled Feb 22 2011 20:47:17
Firmware: J-Link ARM V8 compiled Sep 22 2011 16:23:23
Hardware: V8.00
S/N : 58001139 
Feature(s) : RDI,FlashDL,FlashBP,JFlash 
 
* JLink Info: TotalIRLen = 9, IRPrint = 0x0011
* JLink Info: Found Cortex-M3 r1p1, Little endian.
* JLink Info: TPIU fitted.
* JLink Info:   FPUnit: 6 code (BP) slots and 2 literal slots
ROMTableAddr = 0xE00FF003
* JLink Info: TotalIRLen = 9, IRPrint = 0x0011
* JLink Info: Found Cortex-M3 r1p1, Little endian.
* JLink Info: TPIU fitted.
* JLink Info:   FPUnit: 6 code (BP) slots and 2 literal slots
* JLink Info: TotalIRLen = 9, IRPrint = 0x0011
* JLink Info: Found Cortex-M3 r1p1, Little endian.
* JLink Info: TPIU fitted.
* JLink Info:   FPUnit: 6 code (BP) slots and 2 literal slots
 
Target info:
------------
Device: STM32F100R4
VTarget = 3.274V
State of Pins: 
TCK: 1, TDI: 0, TDO: 0, TMS: 0, TRES: 1, TRST: 1
Hardware-Breakpoints: 6
Software-Breakpoints: 2048
Watchpoints:          4
JTAG speed: 500 kHz
 
Erase Done.
Programming Done.
Verify OK.
* JLink Info: TotalIRLen = 9, IRPrint = 0x0011
* JLink Info: Found Cortex-M3 r1p1, Little endian.
* JLink Info: TPIU fitted.
* JLink Info:   FPUnit: 6 code (BP) slots and 2 literal slots
Application running ...
Build target 'Release'
assembling STM32F10x.s...
compiling STM32_Init.c...
compiling main.c...
main.c(112): warning:  #188-D: enumerated type mixed with another type
main.c(196): warning:  #177-D: variable "n" was declared but never referenced
main.c(196): warning:  #177-D: variable "r1" was declared but never referenced
main.c(1255): warning:  #188-D: enumerated type mixed with another type
main.c(1528): warning:  #223-D: function "disk_timerproc" declared implicitly
compiling common_func.c...
compiling 24c01.c...
compiling i2c.c...
compiling SPI_STM32F103.c...
compiling lcd_pal_4_2.c...
compiling ruslcd.c...
compiling gran.c...
compiling ff.c...
compiling mmc_32f1.c...
FAT\mmc_32f1.c(136): warning:  #61-D: integer operation result is out of range
FAT\mmc_32f1.c(136): warning:  #61-D: integer operation result is out of range
FAT\mmc_32f1.c(136): warning:  #68-D: integer conversion resulted in a change of sign
linking...
Program Size: Code=14296 RO-data=360 RW-data=288 ZI-data=3792  
FromELF: creating hex file...
"FAT34_1.axf" - 0 Error(s), 8 Warning(s).
Load "E:\\Users\\Pal\\DEVICES\\FAT34_dev\\SOFT\\1FATFS\\FAT34_1.AXF" 
Set JLink Project File to "E:\Users\Pal\DEVICES\FAT34_dev\SOFT\1FATFS\JLinkSettings.ini"
 
JLink info:
------------
DLL: V4.24b, compiled Feb 22 2011 20:47:17
Firmware: J-Link ARM V8 compiled Sep 22 2011 16:23:23
Hardware: V8.00
S/N : 58001139 
Feature(s) : RDI,FlashDL,FlashBP,JFlash 
 
* JLink Info: TotalIRLen = 9, IRPrint = 0x0011
* JLink Info: Found Cortex-M3 r1p1, Little endian.
* JLink Info: TPIU fitted.
* JLink Info:   FPUnit: 6 code (BP) slots and 2 literal slots
ROMTableAddr = 0xE00FF003
* JLink Info: TotalIRLen = 9, IRPrint = 0x0011
* JLink Info: Found Cortex-M3 r1p1, Little endian.
* JLink Info: TPIU fitted.
* JLink Info:   FPUnit: 6 code (BP) slots and 2 literal slots
* JLink Info: TotalIRLen = 9, IRPrint = 0x0011
* JLink Info: Found Cortex-M3 r1p1, Little endian.
* JLink Info: TPIU fitted.
* JLink Info:   FPUnit: 6 code (BP) slots and 2 literal slots
 
Target info:
------------
Device: STM32F100R4
VTarget = 3.267V
State of Pins: 
TCK: 1, TDI: 0, TDO: 0, TMS: 0, TRES: 1, TRST: 1
Hardware-Breakpoints: 6
Software-Breakpoints: 2048
Watchpoints:          4
JTAG speed: 500 kHz
 
Erase Done.
Programming Done.
Verify OK.
* JLink Info: TotalIRLen = 9, IRPrint = 0x0011
* JLink Info: Found Cortex-M3 r1p1, Little endian.
* JLink Info: TPIU fitted.
* JLink Info:   FPUnit: 6 code (BP) slots and 2 literal slots
Application running ...
Build target 'Release'
assembling STM32F10x.s...
compiling STM32_Init.c...
compiling main.c...
main.c(112): warning:  #188-D: enumerated type mixed with another type
main.c(196): warning:  #177-D: variable "n" was declared but never referenced
main.c(196): warning:  #177-D: variable "r1" was declared but never referenced
main.c(1255): warning:  #188-D: enumerated type mixed with another type
main.c(1528): warning:  #223-D: function "disk_timerproc" declared implicitly
compiling common_func.c...
compiling 24c01.c...
compiling i2c.c...
compiling SPI_STM32F103.c...
compiling lcd_pal_4_2.c...
compiling ruslcd.c...
compiling gran.c...
compiling ff.c...
compiling mmc_32f1.c...
FAT\mmc_32f1.c(136): warning:  #61-D: integer operation result is out of range
FAT\mmc_32f1.c(136): warning:  #61-D: integer operation result is out of range
FAT\mmc_32f1.c(136): warning:  #68-D: integer conversion resulted in a change of sign
linking...
Program Size: Code=14304 RO-data=360 RW-data=288 ZI-data=3792  
FromELF: creating hex file...
"FAT34_1.axf" - 0 Error(s), 8 Warning(s).
Load "E:\\Users\\Pal\\DEVICES\\FAT34_dev\\SOFT\\1FATFS\\FAT34_1.AXF" 
Set JLink Project File to "E:\Users\Pal\DEVICES\FAT34_dev\SOFT\1FATFS\JLinkSettings.ini"
 
JLink info:
------------
DLL: V4.24b, compiled Feb 22 2011 20:47:17
Firmware: J-Link ARM V8 compiled Sep 22 2011 16:23:23
Hardware: V8.00
S/N : 58001139 
Feature(s) : RDI,FlashDL,FlashBP,JFlash 
 
* JLink Info: TotalIRLen = 9, IRPrint = 0x0011
* JLink Info: Found Cortex-M3 r1p1, Little endian.
* JLink Info: TPIU fitted.
* JLink Info:   FPUnit: 6 code (BP) slots and 2 literal slots
ROMTableAddr = 0xE00FF003
* JLink Info: TotalIRLen = 9, IRPrint = 0x0011
* JLink Info: Found Cortex-M3 r1p1, Little endian.
* JLink Info: TPIU fitted.
* JLink Info:   FPUnit: 6 code (BP) slots and 2 literal slots
* JLink Info: TotalIRLen = 9, IRPrint = 0x0011
* JLink Info: Found Cortex-M3 r1p1, Little endian.
* JLink Info: TPIU fitted.
* JLink Info:   FPUnit: 6 code (BP) slots and 2 literal slots
 
Target info:
------------
Device: STM32F100R4
VTarget = 3.274V
State of Pins: 
TCK: 1, TDI: 0, TDO: 0, TMS: 0, TRES: 1, TRST: 1
Hardware-Breakpoints: 6
Software-Breakpoints: 2048
Watchpoints:          4
JTAG speed: 500 kHz
 
Erase Done.
Programming Done.
Verify OK.
* JLink Info: TotalIRLen = 9, IRPrint = 0x0011
* JLink Info: Found Cortex-M3 r1p1, Little endian.
* JLink Info: TPIU fitted.
* JLink Info:   FPUnit: 6 code (BP) slots and 2 literal slots
Application running ...
Build target 'Release'
assembling STM32F10x.s...
compiling STM32_Init.c...
compiling main.c...
main.c(112): warning:  #188-D: enumerated type mixed with another type
main.c(196): warning:  #177-D: variable "n" was declared but never referenced
main.c(196): warning:  #177-D: variable "r1" was declared but never referenced
main.c(1255): warning:  #188-D: enumerated type mixed with another type
main.c(1528): warning:  #223-D: function "disk_timerproc" declared implicitly
compiling common_func.c...
compiling 24c01.c...
compiling i2c.c...
compiling SPI_STM32F103.c...
compiling lcd_pal_4_2.c...
compiling ruslcd.c...
compiling gran.c...
compiling ff.c...
compiling mmc_32f1.c...
FAT\mmc_32f1.c(136): warning:  #61-D: integer operation result is out of range
FAT\mmc_32f1.c(136): warning:  #61-D: integer operation result is out of range
FAT\mmc_32f1.c(136): warning:  #68-D: integer conversion resulted in a change of sign
linking...
Program Size: Code=14296 RO-data=360 RW-data=288 ZI-data=3792  
FromELF: creating hex file...
"FAT34_1.axf" - 0 Error(s), 8 Warning(s).
Load "E:\\Users\\Pal\\DEVICES\\FAT34_dev\\SOFT\\1FATFS\\FAT34_1.AXF" 
Set JLink Project File to "E:\Users\Pal\DEVICES\FAT34_dev\SOFT\1FATFS\JLinkSettings.ini"
 
JLink info:
------------
DLL: V4.24b, compiled Feb 22 2011 20:47:17
Firmware: J-Link ARM V8 compiled Sep 22 2011 16:23:23
Hardware: V8.00
S/N : 58001139 
Feature(s) : RDI,FlashDL,FlashBP,JFlash 
 
* JLink Info: TotalIRLen = 9, IRPrint = 0x0011
* JLink Info: Found Cortex-M3 r1p1, Little endian.
* JLink Info: TPIU fitted.
* JLink Info:   FPUnit: 6 code (BP) slots and 2 literal slots
ROMTableAddr = 0xE00FF003
* JLink Info: TotalIRLen = 9, IRPrint = 0x0011
* JLink Info: Found Cortex-M3 r1p1, Little endian.
* JLink Info: TPIU fitted.
* JLink Info:   FPUnit: 6 code (BP) slots and 2 literal slots
* JLink Info: TotalIRLen = 9, IRPrint = 0x0011
* JLink Info: Found Cortex-M3 r1p1, Little endian.
* JLink Info: TPIU fitted.
* JLink Info:   FPUnit: 6 code (BP) slots and 2 literal slots
 
Target info:
------------
Device: STM32F100R4
VTarget = 3.274V
State of Pins: 
TCK: 1, TDI: 0, TDO: 0, TMS: 0, TRES: 1, TRST: 1
Hardware-Breakpoints: 6
Software-Breakpoints: 2048
Watchpoints:          4
JTAG speed: 500 kHz
 
Erase Done.
Programming Done.
Verify OK.
* JLink Info: TotalIRLen = 9, IRPrint = 0x0011
* JLink Info: Found Cortex-M3 r1p1, Little endian.
* JLink Info: TPIU fitted.
* JLink Info:   FPUnit: 6 code (BP) slots and 2 literal slots
Application running ...
Build target 'Release'
assembling STM32F10x.s...
compiling STM32_Init.c...
compiling main.c...
main.c(112): warning:  #188-D: enumerated type mixed with another type
main.c(196): warning:  #177-D: variable "n" was declared but never referenced
main.c(196): warning:  #177-D: variable "r1" was declared but never referenced
main.c(1255): warning:  #188-D: enumerated type mixed with another type
main.c(1528): warning:  #223-D: function "disk_timerproc" declared implicitly
compiling common_func.c...
compiling 24c01.c...
compiling i2c.c...
compiling SPI_STM32F103.c...
compiling lcd_pal_4_2.c...
compiling ruslcd.c...
compiling gran.c...
compiling ff.c...
compiling mmc_32f1.c...
FAT\mmc_32f1.c(136): warning:  #61-D: integer operation result is out of range
FAT\mmc_32f1.c(136): warning:  #61-D: integer operation result is out of range
FAT\mmc_32f1.c(136): warning:  #68-D: integer conversion resulted in a change of sign
linking...
Program Size: Code=14296 RO-data=360 RW-data=288 ZI-data=3792  
FromELF: creating hex file...
"FAT34_1.axf" - 0 Error(s), 8 Warning(s).
Load "E:\\Users\\Pal\\DEVICES\\FAT34_dev\\SOFT\\1FATFS\\FAT34_1.AXF" 
Set JLink Project File to "E:\Users\Pal\DEVICES\FAT34_dev\SOFT\1FATFS\JLinkSettings.ini"
 
JLink info:
------------
DLL: V4.24b, compiled Feb 22 2011 20:47:17
Firmware: J-Link ARM V8 compiled Sep 22 2011 16:23:23
Hardware: V8.00
S/N : 58001139 
Feature(s) : RDI,FlashDL,FlashBP,JFlash 
 
* JLink Info: TotalIRLen = 9, IRPrint = 0x0011
* JLink Info: Found Cortex-M3 r1p1, Little endian.
* JLink Info: TPIU fitted.
* JLink Info:   FPUnit: 6 code (BP) slots and 2 literal slots
ROMTableAddr = 0xE00FF003
* JLink Info: TotalIRLen = 9, IRPrint = 0x0011
* JLink Info: Found Cortex-M3 r1p1, Little endian.
* JLink Info: TPIU fitted.
* JLink Info:   FPUnit: 6 code (BP) slots and 2 literal slots
* JLink Info: TotalIRLen = 9, IRPrint = 0x0011
* JLink Info: Found Cortex-M3 r1p1, Little endian.
* JLink Info: TPIU fitted.
* JLink Info:   FPUnit: 6 code (BP) slots and 2 literal slots
 
Target info:
------------
Device: STM32F100R4
VTarget = 3.274V
State of Pins: 
TCK: 1, TDI: 0, TDO: 0, TMS: 0, TRES: 1, TRST: 1
Hardware-Breakpoints: 6
Software-Breakpoints: 2048
Watchpoints:          4
JTAG speed: 500 kHz
 
Erase Done.
Programming Done.
Verify OK.
* JLink Info: TotalIRLen = 9, IRPrint = 0x0011
* JLink Info: Found Cortex-M3 r1p1, Little endian.
* JLink Info: TPIU fitted.
* JLink Info:   FPUnit: 6 code (BP) slots and 2 literal slots
Application running ...
Build target 'Release'
assembling STM32F10x.s...
compiling STM32_Init.c...
compiling main.c...
main.c(112): warning:  #188-D: enumerated type mixed with another type
main.c(196): warning:  #177-D: variable "n" was declared but never referenced
main.c(196): warning:  #177-D: variable "r1" was declared but never referenced
main.c(1255): warning:  #188-D: enumerated type mixed with another type
main.c(1528): warning:  #223-D: function "disk_timerproc" declared implicitly
compiling common_func.c...
compiling 24c01.c...
compiling i2c.c...
compiling SPI_STM32F103.c...
compiling lcd_pal_4_2.c...
compiling ruslcd.c...
compiling gran.c...
compiling ff.c...
compiling mmc_32f1.c...
FAT\mmc_32f1.c(136): warning:  #61-D: integer operation result is out of range
FAT\mmc_32f1.c(136): warning:  #61-D: integer operation result is out of range
FAT\mmc_32f1.c(136): warning:  #68-D: integer conversion resulted in a change of sign
linking...
Program Size: Code=14264 RO-data=360 RW-data=288 ZI-data=3792  
FromELF: creating hex file...
"FAT34_1.axf" - 0 Error(s), 8 Warning(s).
Load "E:\\Users\\Pal\\DEVICES\\FAT34_dev\\SOFT\\1FATFS\\FAT34_1.AXF" 
Set JLink Project File to "E:\Users\Pal\DEVICES\FAT34_dev\SOFT\1FATFS\JLinkSettings.ini"
 
JLink info:
------------
DLL: V4.24b, compiled Feb 22 2011 20:47:17
Firmware: J-Link ARM V8 compiled Sep 22 2011 16:23:23
Hardware: V8.00
S/N : 58001139 
Feature(s) : RDI,FlashDL,FlashBP,JFlash 
 
* JLink Info: TotalIRLen = 9, IRPrint = 0x0011
* JLink Info: Found Cortex-M3 r1p1, Little endian.
* JLink Info: TPIU fitted.
* JLink Info:   FPUnit: 6 code (BP) slots and 2 literal slots
ROMTableAddr = 0xE00FF003
* JLink Info: TotalIRLen = 9, IRPrint = 0x0011
* JLink Info: Found Cortex-M3 r1p1, Little endian.
* JLink Info: TPIU fitted.
* JLink Info:   FPUnit: 6 code (BP) slots and 2 literal slots
* JLink Info: TotalIRLen = 9, IRPrint = 0x0011
* JLink Info: Found Cortex-M3 r1p1, Little endian.
* JLink Info: TPIU fitted.
* JLink Info:   FPUnit: 6 code (BP) slots and 2 literal slots
 
Target info:
------------
Device: STM32F100R4
VTarget = 3.274V
State of Pins: 
TCK: 1, TDI: 0, TDO: 0, TMS: 0, TRES: 1, TRST: 1
Hardware-Breakpoints: 6
Software-Breakpoints: 2048
Watchpoints:          4
JTAG speed: 500 kHz
 
Erase Done.
Programming Done.
Verify OK.
* JLink Info: TotalIRLen = 9, IRPrint = 0x0011
* JLink Info: Found Cortex-M3 r1p1, Little endian.
* JLink Info: TPIU fitted.
* JLink Info:   FPUnit: 6 code (BP) slots and 2 literal slots
Application running ...
