ARM Linker, 4.1 [Build 644] [Standard]

==============================================================================

Section Cross References

    stm32f10x.o(STACK) refers (Special) to heapauxi.o(.text) for __use_two_region_memory
    stm32f10x.o(HEAP) refers (Special) to heapauxi.o(.text) for __use_two_region_memory
    stm32f10x.o(RESET) refers (Special) to heapauxi.o(.text) for __use_two_region_memory
    stm32f10x.o(RESET) refers to stm32f10x.o(STACK) for __initial_sp
    stm32f10x.o(RESET) refers to stm32f10x.o(.text) for Reset_Handler
    stm32f10x.o(RESET) refers to main.o(.text) for SysTick_Handler
    stm32f10x.o(.text) refers (Special) to heapauxi.o(.text) for __use_two_region_memory
    stm32f10x.o(.text) refers to __main.o(!!!main) for __main
    stm32f10x.o(.text) refers to stm32f10x.o(HEAP) for Heap_Mem
    stm32f10x.o(.text) refers to stm32f10x.o(STACK) for Stack_Mem
    main.o(.text) refers to lcd_pal_4_2.o(.text) for lcd_init
    main.o(.text) refers to ff.o(.text) for f_open
    main.o(.text) refers to gran.o(.text) for gran_ring
    main.o(.text) refers to 24c01.o(.text) for _24c01_write_2byte
    main.o(.text) refers to main.o(.data) for max_main_music_cnt
    main.o(.text) refers to main.o(.bss) for fil
    main.o(.text) refers to common_func.o(.text) for tree_down
    main.o(.text) refers to ruslcd.o(.text) for ruslcd
    main.o(.text) refers to mmc_32f1.o(.text) for disk_timerproc
    main.o(.text) refers to stm32_init.o(.text) for stm32_Init
    main.o(.text) refers to i2c.o(.text) for i2c_init
    main.o(.text) refers to main.o(.data) for dac_cnt
    main.o(.text) refers to gran.o(.text) for gran_ring
    main.o(.text) refers to main.o(.text) for music_start
    main.o(.text) refers to main.o(.data) for DEMO_TIME
    main.o(.text) refers to main.o(.data) for in_drv_cnt
    main.o(.text) refers to main.o(.text) for music_stop
    main.o(.text) refers to main.o(.data) for bIN_STEP
    main.o(.text) refers to spi_stm32f103.o(.text) for spi_send
    main.o(.text) refers to spi_stm32f103.o(.text) for spi_init
    main.o(.text) refers to spi_stm32f103.o(.text) for spi_ss
    main.o(.text) refers to main.o(.text) for SD_Command
    main.o(.text) refers to spi_stm32f103.o(.text) for spi_send
    main.o(.text) refers to spi_stm32f103.o(.text) for spi_init
    main.o(.text) refers to spi_stm32f103.o(.text) for spi_ss
    main.o(.text) refers to spi_stm32f103.o(.text) for spi_send
    main.o(.text) refers to main.o(.text) for SD_SendCommand
    main.o(.text) refers to spi_stm32f103.o(.text) for spi_hi_speed
    main.o(.text) refers to common_func.o(.text) for tree_up
    main.o(.text) refers to main.o(.text) for SD_Reset
    main.o(.text) refers to main.o(.data) for sd_card_insert_drv_cnt
    main.o(.text) refers to spi_stm32f103.o(.text) for spi_init
    main.o(.text) refers to spi_stm32f103.o(.text) for spi_hi_speed
    main.o(.text) refers to spi_stm32f103.o(.text) for spi_ss
    main.o(.text) refers to main.o(.text) for SD_Command
    main.o(.text) refers to spi_stm32f103.o(.text) for spi_send
    main.o(.text) refers to spi_stm32f103.o(.text) for spi_init
    main.o(.text) refers to spi_stm32f103.o(.text) for spi_ss
    main.o(.text) refers to main.o(.text) for SD_Command
    main.o(.text) refers to spi_stm32f103.o(.text) for spi_send
    main.o(.text) refers to spi_stm32f103.o(.text) for spi_init
    main.o(.text) refers to spi_stm32f103.o(.text) for spi_hi_speed
    main.o(.text) refers to spi_stm32f103.o(.text) for spi_ss
    main.o(.text) refers to main.o(.text) for SD_Command
    main.o(.text) refers to spi_stm32f103.o(.text) for spi_send
    main.o(.text) refers to spi_stm32f103.o(.text) for spi_init
    main.o(.text) refers to spi_stm32f103.o(.text) for spi_hi_speed
    main.o(.text) refers to spi_stm32f103.o(.text) for spi_ss
    main.o(.text) refers to main.o(.text) for SD_Command
    main.o(.text) refers to spi_stm32f103.o(.text) for spi_send
    main.o(.text) refers to spi_stm32f103.o(.text) for spi_init
    main.o(.text) refers to spi_stm32f103.o(.text) for spi_hi_speed
    main.o(.text) refers to spi_stm32f103.o(.text) for spi_ss
    main.o(.text) refers to main.o(.text) for SD_Command
    main.o(.text) refers to spi_stm32f103.o(.text) for spi_send
    common_func.o(.text) refers to main.o(.data) for lcd_buffer
    common_func.o(.text) refers to main.o(.data) for lcd_buffer
    common_func.o(.text) refers to main.o(.bss) for b_ind
    common_func.o(.text) refers to common_func.o(.text) for bin2bcd_int
    common_func.o(.text) refers to main.o(.data) for dig
    common_func.o(.text) refers to common_func.o(.text) for bin2bcd_int
    common_func.o(.text) refers to main.o(.data) for dig
    common_func.o(.text) refers to common_func.o(.text) for find
    common_func.o(.text) refers to main.o(.data) for lcd_buffer
    common_func.o(.text) refers to common_func.o(.text) for find
    common_func.o(.text) refers to main.o(.data) for lcd_buffer
    common_func.o(.text) refers to main.o(.data) for lcd_buffer
    common_func.o(.text) refers to main.o(.constdata) for ABCDEF
    common_func.o(.text) refers to main.o(.data) for lcd_buffer
    common_func.o(.text) refers to common_func.o(.text) for find
    common_func.o(.text) refers to main.o(.constdata) for ABCDEF
    common_func.o(.text) refers to main.o(.data) for lcd_buffer
    common_func.o(.text) refers to main.o(.constdata) for ABCDEF
    common_func.o(.text) refers to main.o(.data) for lcd_buffer
    common_func.o(.text) refers to main.o(.constdata) for ABCDEF
    common_func.o(.text) refers to main.o(.data) for lcd_buffer
    common_func.o(.text) refers to main.o(.constdata) for ABCDEF
    common_func.o(.text) refers to main.o(.data) for lcd_buffer
    common_func.o(.text) refers to main.o(.data) for a_ind
    common_func.o(.text) refers to common_func.o(.text) for find
    common_func.o(.text) refers to main.o(.data) for lcd_buffer
    24c01.o(.text) refers to i2c.o(.text) for i2c_Start
    24c01.o(.text) refers to i2c.o(.text) for i2c_Start
    i2c.o(.text) refers to main.o(.text) for delay_us
    ruslcd.o(.text) refers to ruslcd.o(.constdata) for rus_buff
    ff.o(.text) refers to mmc_32f1.o(.text) for disk_read
    ff.o(.text) refers to ff.o(.data) for FatFs
    ff.o(.text) refers to ff.o(.text) for validate
    ff.o(.text) refers to ff.o(.text) for find_volume
    ff.o(.text) refers to ff.o(.text) for find_volume
    ff.o(.text) refers to ff.o(.text) for validate
    ff.o(.text) refers to mmc_32f1.o(.text) for disk_read
    ff.o(.text) refers to ff.o(.text) for find_volume
    mmc_32f1.o(.text) refers to mmc_32f1.o(.data) for Timer1
    mmc_32f1.o(.text) refers to main.o(.data) for bB
    mmc_32f1.o(.text) refers to mmc_32f1.o(.text) for send_cmd
    mmc_32f1.o(.text) refers to mmc_32f1.o(.data) for Stat
    mmc_32f1.o(.text) refers to mmc_32f1.o(.text) for select
    mmc_32f1.o(.text) refers to mmc_32f1.o(.data) for Stat
    __main.o(!!!main) refers to rtentry.o(.ARM.Collect$$rtentry$$00000000) for __rt_entry
    rtentry.o(.ARM.Collect$$rtentry$$00000000) refers (Special) to rtentry2.o(.ARM.Collect$$rtentry$$0000000A) for __rt_entry_li
    rtentry.o(.ARM.Collect$$rtentry$$00000000) refers (Special) to rtentry2.o(.ARM.Collect$$rtentry$$0000000D) for __rt_entry_main
    rtentry.o(.ARM.Collect$$rtentry$$00000000) refers (Special) to rtentry2.o(.ARM.Collect$$rtentry$$0000000C) for __rt_entry_postli_1
    rtentry.o(.ARM.Collect$$rtentry$$00000000) refers (Special) to rtentry2.o(.ARM.Collect$$rtentry$$00000009) for __rt_entry_postsh_1
    rtentry.o(.ARM.Collect$$rtentry$$00000000) refers (Special) to rtentry2.o(.ARM.Collect$$rtentry$$00000002) for __rt_entry_presh_1
    rtentry.o(.ARM.Collect$$rtentry$$00000000) refers (Special) to rtentry4.o(.ARM.Collect$$rtentry$$00000004) for __rt_entry_sh
    rtentry.o(.ARM.exidx) refers (Special) to rtentry2.o(.ARM.Collect$$rtentry$$0000000A) for __rt_entry_li
    rtentry.o(.ARM.exidx) refers (Special) to rtentry2.o(.ARM.Collect$$rtentry$$0000000D) for __rt_entry_main
    rtentry.o(.ARM.exidx) refers (Special) to rtentry2.o(.ARM.Collect$$rtentry$$0000000C) for __rt_entry_postli_1
    rtentry.o(.ARM.exidx) refers (Special) to rtentry2.o(.ARM.Collect$$rtentry$$00000009) for __rt_entry_postsh_1
    rtentry.o(.ARM.exidx) refers (Special) to rtentry2.o(.ARM.Collect$$rtentry$$00000002) for __rt_entry_presh_1
    rtentry.o(.ARM.exidx) refers (Special) to rtentry4.o(.ARM.Collect$$rtentry$$00000004) for __rt_entry_sh
    rtentry.o(.ARM.exidx) refers to rtentry.o(.ARM.Collect$$rtentry$$00000000) for .ARM.Collect$$rtentry$$00000000
    rtentry2.o(.ARM.Collect$$rtentry$$00000008) refers to boardinit2.o(.text) for _platform_post_stackheap_init
    rtentry2.o(.ARM.Collect$$rtentry$$0000000A) refers to libinit.o(.ARM.Collect$$libinit$$00000000) for __rt_lib_init
    rtentry2.o(.ARM.Collect$$rtentry$$0000000B) refers to boardinit3.o(.text) for _platform_post_lib_init
    rtentry2.o(.ARM.Collect$$rtentry$$0000000D) refers to main.o(.text) for main
    rtentry2.o(.ARM.Collect$$rtentry$$0000000D) refers to exit.o(.text) for exit
    rtentry2.o(.ARM.exidx) refers to rtentry2.o(.ARM.Collect$$rtentry$$00000001) for .ARM.Collect$$rtentry$$00000001
    rtentry2.o(.ARM.exidx) refers to rtentry2.o(.ARM.Collect$$rtentry$$00000002) for .ARM.Collect$$rtentry$$00000002
    rtentry2.o(.ARM.exidx) refers to rtentry2.o(.ARM.Collect$$rtentry$$00000008) for .ARM.Collect$$rtentry$$00000008
    rtentry2.o(.ARM.exidx) refers to rtentry2.o(.ARM.Collect$$rtentry$$00000009) for .ARM.Collect$$rtentry$$00000009
    rtentry2.o(.ARM.exidx) refers to rtentry2.o(.ARM.Collect$$rtentry$$0000000A) for .ARM.Collect$$rtentry$$0000000A
    rtentry2.o(.ARM.exidx) refers to rtentry2.o(.ARM.Collect$$rtentry$$0000000B) for .ARM.Collect$$rtentry$$0000000B
    rtentry2.o(.ARM.exidx) refers to rtentry2.o(.ARM.Collect$$rtentry$$0000000C) for .ARM.Collect$$rtentry$$0000000C
    rtentry2.o(.ARM.exidx) refers to rtentry2.o(.ARM.Collect$$rtentry$$0000000D) for .ARM.Collect$$rtentry$$0000000D
    rtentry4.o(.ARM.Collect$$rtentry$$00000004) refers to sys_stackheap_outer.o(.text) for __user_setup_stackheap
    rtentry4.o(.ARM.exidx) refers to rtentry4.o(.ARM.Collect$$rtentry$$00000004) for .ARM.Collect$$rtentry$$00000004
    sys_stackheap_outer.o(.text) refers to libspace.o(.text) for __user_perproc_libspace
    sys_stackheap_outer.o(.text) refers to stm32f10x.o(.text) for __user_initial_stackheap
    exit.o(.text) refers to rtexit.o(.ARM.Collect$$rtexit$$00000000) for __rt_exit
    libinit.o(.ARM.Collect$$libinit$$00000000) refers (Special) to libinit2.o(.ARM.Collect$$libinit$$0000002A) for __rt_lib_init_alloca_1
    libinit.o(.ARM.Collect$$libinit$$00000000) refers (Special) to libinit2.o(.ARM.Collect$$libinit$$00000028) for __rt_lib_init_argv_1
    libinit.o(.ARM.Collect$$libinit$$00000000) refers (Special) to libinit2.o(.ARM.Collect$$libinit$$00000017) for __rt_lib_init_atexit_1
    libinit.o(.ARM.Collect$$libinit$$00000000) refers (Special) to libinit2.o(.ARM.Collect$$libinit$$0000001D) for __rt_lib_init_clock_1
    libinit.o(.ARM.Collect$$libinit$$00000000) refers (Special) to libinit2.o(.ARM.Collect$$libinit$$0000002E) for __rt_lib_init_cpp_1
    libinit.o(.ARM.Collect$$libinit$$00000000) refers (Special) to libinit2.o(.ARM.Collect$$libinit$$0000002C) for __rt_lib_init_exceptions_1
    libinit.o(.ARM.Collect$$libinit$$00000000) refers (Special) to libinit2.o(.ARM.Collect$$libinit$$0000001B) for __rt_lib_init_fp_trap_1
    libinit.o(.ARM.Collect$$libinit$$00000000) refers (Special) to libinit2.o(.ARM.Collect$$libinit$$0000001F) for __rt_lib_init_getenv_1
    libinit.o(.ARM.Collect$$libinit$$00000000) refers (Special) to libinit2.o(.ARM.Collect$$libinit$$00000006) for __rt_lib_init_heap_1
    libinit.o(.ARM.Collect$$libinit$$00000000) refers (Special) to libinit2.o(.ARM.Collect$$libinit$$0000000D) for __rt_lib_init_lc_collate_1
    libinit.o(.ARM.Collect$$libinit$$00000000) refers (Special) to libinit2.o(.ARM.Collect$$libinit$$0000000F) for __rt_lib_init_lc_ctype_1
    libinit.o(.ARM.Collect$$libinit$$00000000) refers (Special) to libinit2.o(.ARM.Collect$$libinit$$00000011) for __rt_lib_init_lc_monetary_1
    libinit.o(.ARM.Collect$$libinit$$00000000) refers (Special) to libinit2.o(.ARM.Collect$$libinit$$00000013) for __rt_lib_init_lc_numeric_1
    libinit.o(.ARM.Collect$$libinit$$00000000) refers (Special) to libinit2.o(.ARM.Collect$$libinit$$00000015) for __rt_lib_init_lc_time_1
    libinit.o(.ARM.Collect$$libinit$$00000000) refers (Special) to libinit2.o(.ARM.Collect$$libinit$$0000000A) for __rt_lib_init_rand_1
    libinit.o(.ARM.Collect$$libinit$$00000000) refers (Special) to libinit2.o(.ARM.Collect$$libinit$$0000002F) for __rt_lib_init_return
    libinit.o(.ARM.Collect$$libinit$$00000000) refers (Special) to libinit2.o(.ARM.Collect$$libinit$$00000019) for __rt_lib_init_signal_1
    libinit.o(.ARM.Collect$$libinit$$00000000) refers (Special) to libinit2.o(.ARM.Collect$$libinit$$00000021) for __rt_lib_init_stdio_1
    libinit.o(.ARM.Collect$$libinit$$00000000) refers (Special) to libinit2.o(.ARM.Collect$$libinit$$00000008) for __rt_lib_init_user_alloc_1
    libinit.o(.ARM.Collect$$libinit$$00000000) refers to fpinit.o(x$fpl$fpinit) for _fp_init
    libspace.o(.text) refers to libspace.o(.bss) for __libspace_start
    rtexit.o(.ARM.Collect$$rtexit$$00000000) refers (Special) to rtexit2.o(.ARM.Collect$$rtexit$$00000004) for __rt_exit_exit
    rtexit.o(.ARM.Collect$$rtexit$$00000000) refers (Special) to rtexit2.o(.ARM.Collect$$rtexit$$00000003) for __rt_exit_ls
    rtexit.o(.ARM.Collect$$rtexit$$00000000) refers (Special) to rtexit2.o(.ARM.Collect$$rtexit$$00000002) for __rt_exit_prels_1
    rtexit.o(.ARM.exidx) refers (Special) to rtexit2.o(.ARM.Collect$$rtexit$$00000004) for __rt_exit_exit
    rtexit.o(.ARM.exidx) refers (Special) to rtexit2.o(.ARM.Collect$$rtexit$$00000003) for __rt_exit_ls
    rtexit.o(.ARM.exidx) refers (Special) to rtexit2.o(.ARM.Collect$$rtexit$$00000002) for __rt_exit_prels_1
    rtexit.o(.ARM.exidx) refers to rtexit.o(.ARM.Collect$$rtexit$$00000000) for .ARM.Collect$$rtexit$$00000000
    libinit2.o(.ARM.Collect$$libinit$$0000000C) refers to libinit2.o(.ARM.Collect$$libinit$$0000000B) for .ARM.Collect$$libinit$$0000000B
    libinit2.o(.ARM.Collect$$libinit$$0000000E) refers to libinit2.o(.ARM.Collect$$libinit$$0000000B) for .ARM.Collect$$libinit$$0000000B
    libinit2.o(.ARM.Collect$$libinit$$00000010) refers to libinit2.o(.ARM.Collect$$libinit$$0000000B) for .ARM.Collect$$libinit$$0000000B
    libinit2.o(.ARM.Collect$$libinit$$00000012) refers to libinit2.o(.ARM.Collect$$libinit$$0000000B) for .ARM.Collect$$libinit$$0000000B
    libinit2.o(.ARM.Collect$$libinit$$00000014) refers to libinit2.o(.ARM.Collect$$libinit$$0000000B) for .ARM.Collect$$libinit$$0000000B
    libinit2.o(.ARM.Collect$$libinit$$00000022) refers to argv_veneer.o(.emb_text) for __ARM_argv_veneer
    libinit2.o(.ARM.Collect$$libinit$$00000023) refers to argv_veneer.o(.emb_text) for __ARM_argv_veneer
    fpinit.o(x$fpl$fpinit) refers to rt_fp_status_addr_intlibspace.o(.text) for __rt_fp_status_addr
    rtexit2.o(.ARM.Collect$$rtexit$$00000003) refers to libshutdown.o(.ARM.Collect$$libshutdown$$00000000) for __rt_lib_shutdown
    rtexit2.o(.ARM.Collect$$rtexit$$00000004) refers to sys_exit.o(.text) for _sys_exit
    rtexit2.o(.ARM.exidx) refers to rtexit2.o(.ARM.Collect$$rtexit$$00000001) for .ARM.Collect$$rtexit$$00000001
    rtexit2.o(.ARM.exidx) refers to rtexit2.o(.ARM.Collect$$rtexit$$00000002) for .ARM.Collect$$rtexit$$00000002
    rtexit2.o(.ARM.exidx) refers to rtexit2.o(.ARM.Collect$$rtexit$$00000003) for .ARM.Collect$$rtexit$$00000003
    rtexit2.o(.ARM.exidx) refers to rtexit2.o(.ARM.Collect$$rtexit$$00000004) for .ARM.Collect$$rtexit$$00000004
    rt_fp_status_addr.o(.text) refers to rt_fp_status_addr.o(.bss) for __rt_fp_status_addr_data
    rt_fp_status_addr_intlibspace.o(.text) refers to libspace.o(.bss) for __libspace_start
    argv_veneer.o(.emb_text) refers to no_argv.o(.text) for __ARM_get_argv
    sys_exit.o(.text) refers (Special) to use_no_semi.o(.text) for __I$use$semihosting
    _get_argv_nomalloc.o(.text) refers (Special) to hrguard.o(.text) for __heap_region$guard
    _get_argv_nomalloc.o(.text) refers to defsig_rtmem_outer.o(.text) for __rt_SIGRTMEM
    _get_argv_nomalloc.o(.text) refers to sys_command.o(.text) for _sys_command_string
    libshutdown.o(.ARM.Collect$$libshutdown$$00000000) refers (Special) to libshutdown2.o(.ARM.Collect$$libshutdown$$00000006) for __rt_lib_shutdown_fp_trap_1
    libshutdown.o(.ARM.Collect$$libshutdown$$00000000) refers (Special) to libshutdown2.o(.ARM.Collect$$libshutdown$$0000000E) for __rt_lib_shutdown_heap_1
    libshutdown.o(.ARM.Collect$$libshutdown$$00000000) refers (Special) to libshutdown2.o(.ARM.Collect$$libshutdown$$0000000F) for __rt_lib_shutdown_return
    libshutdown.o(.ARM.Collect$$libshutdown$$00000000) refers (Special) to libshutdown2.o(.ARM.Collect$$libshutdown$$00000009) for __rt_lib_shutdown_signal_1
    libshutdown.o(.ARM.Collect$$libshutdown$$00000000) refers (Special) to libshutdown2.o(.ARM.Collect$$libshutdown$$00000003) for __rt_lib_shutdown_stdio_1
    libshutdown.o(.ARM.Collect$$libshutdown$$00000000) refers (Special) to libshutdown2.o(.ARM.Collect$$libshutdown$$0000000B) for __rt_lib_shutdown_user_alloc_1
    sys_command.o(.text) refers (Special) to use_no_semi.o(.text) for __I$use$semihosting
    defsig_rtmem_outer.o(.text) refers to defsig_rtmem_inner.o(.text) for __rt_SIGRTMEM_inner
    defsig_rtmem_outer.o(.text) refers to defsig_exit.o(.text) for __sig_exit
    defsig_rtmem_formal.o(.text) refers to rt_raise.o(.text) for __rt_raise
    rt_raise.o(.text) refers to __raise.o(.text) for __raise
    rt_raise.o(.text) refers to sys_exit.o(.text) for _sys_exit
    defsig_exit.o(.text) refers to sys_exit.o(.text) for _sys_exit
    defsig_rtmem_inner.o(.text) refers to defsig_general.o(.text) for __default_signal_display
    __raise.o(.text) refers to defsig.o(CL$$defsig) for __default_signal_handler
    defsig_general.o(.text) refers to sys_wrch.o(.text) for _ttywrch
    sys_wrch.o(.text) refers (Special) to use_no_semi.o(.text) for __I$use$semihosting
    defsig.o(CL$$defsig) refers to defsig_rtmem_inner.o(.text) for __rt_SIGRTMEM_inner
    defsig_abrt_inner.o(.text) refers to defsig_general.o(.text) for __default_signal_display
    defsig_fpe_inner.o(.text) refers to defsig_general.o(.text) for __default_signal_display
    defsig_rtred_inner.o(.text) refers to defsig_general.o(.text) for __default_signal_display
    defsig_stak_inner.o(.text) refers to defsig_general.o(.text) for __default_signal_display
    defsig_pvfn_inner.o(.text) refers to defsig_general.o(.text) for __default_signal_display
    defsig_cppl_inner.o(.text) refers to defsig_general.o(.text) for __default_signal_display
    defsig_segv_inner.o(.text) refers to defsig_general.o(.text) for __default_signal_display
    defsig_other.o(.text) refers to defsig_general.o(.text) for __default_signal_display


==============================================================================

Removing Unused input sections from the image.

    Removing stm32_init.o(.text), (8 bytes).
    Removing stm32_init.o(.text), (8 bytes).
    Removing main.o(.text), (72 bytes).
    Removing main.o(.text), (180 bytes).
    Removing main.o(.text), (184 bytes).
    Removing main.o(.text), (56 bytes).
    Removing main.o(.text), (96 bytes).
    Removing main.o(.text), (44 bytes).
    Removing main.o(.text), (290 bytes).
    Removing main.o(.text), (252 bytes).
    Removing main.o(.text), (42 bytes).
    Removing main.o(.text), (96 bytes).
    Removing main.o(.text), (104 bytes).
    Removing main.o(.text), (108 bytes).
    Removing main.o(.text), (110 bytes).
    Removing main.o(.text), (112 bytes).
    Removing main.o(.constdata), (17 bytes).
    Removing common_func.o(.text), (14 bytes).
    Removing common_func.o(.text), (36 bytes).
    Removing common_func.o(.text), (228 bytes).
    Removing common_func.o(.text), (252 bytes).
    Removing common_func.o(.text), (280 bytes).
    Removing common_func.o(.text), (276 bytes).
    Removing common_func.o(.text), (304 bytes).
    Removing common_func.o(.text), (308 bytes).
    Removing common_func.o(.text), (88 bytes).
    Removing common_func.o(.text), (92 bytes).
    Removing common_func.o(.text), (188 bytes).
    Removing common_func.o(.text), (376 bytes).
    Removing common_func.o(.text), (292 bytes).
    Removing common_func.o(.text), (60 bytes).
    Removing common_func.o(.text), (6 bytes).
    Removing common_func.o(.text), (40 bytes).
    Removing 24c01.o(.text), (4 bytes).
    Removing 24c01.o(.text), (108 bytes).
    Removing spi_stm32f103.o(.text), (132 bytes).
    Removing spi_stm32f103.o(.text), (36 bytes).
    Removing spi_stm32f103.o(.text), (24 bytes).
    Removing spi_stm32f103.o(.text), (44 bytes).
    Removing ff.o(.text), (24 bytes).
    Removing ff.o(.text), (96 bytes).
    Removing ff.o(.text), (328 bytes).
    Removing ff.o(.text), (286 bytes).
    Removing ff.o(.text), (222 bytes).
    Removing mmc_32f1.o(.text), (196 bytes).
    Removing mmc_32f1.o(.text), (616 bytes).

46 unused section(s) (total 6735 bytes) removed from the image.

==============================================================================

Image Symbol Table

    Local Symbols

    Symbol Name                              Value     Ov Type        Size  Object(Section)

    ../../angel/boardlib.s                   0x00000000   Number         0  boardshut.o ABSOLUTE
    ../../angel/boardlib.s                   0x00000000   Number         0  boardinit3.o ABSOLUTE
    ../../angel/boardlib.s                   0x00000000   Number         0  boardinit2.o ABSOLUTE
    ../../angel/boardlib.s                   0x00000000   Number         0  boardinit1.o ABSOLUTE
    ../../angel/dczerorl2.s                  0x00000000   Number         0  __dczerorl2.o ABSOLUTE
    ../../angel/handlers.s                   0x00000000   Number         0  __scatter_zi.o ABSOLUTE
    ../../angel/kernel.s                     0x00000000   Number         0  rtentry4.o ABSOLUTE
    ../../angel/kernel.s                     0x00000000   Number         0  rtexit2.o ABSOLUTE
    ../../angel/kernel.s                     0x00000000   Number         0  rtentry.o ABSOLUTE
    ../../angel/kernel.s                     0x00000000   Number         0  rtentry2.o ABSOLUTE
    ../../angel/kernel.s                     0x00000000   Number         0  rtexit.o ABSOLUTE
    ../../angel/rt.s                         0x00000000   Number         0  rt_fp_status_addr_intlibspace.o ABSOLUTE
    ../../angel/rt.s                         0x00000000   Number         0  rt_fp_status_addr.o ABSOLUTE
    ../../angel/rt.s                         0x00000000   Number         0  rt_raise.o ABSOLUTE
    ../../angel/scatter.s                    0x00000000   Number         0  __scatter.o ABSOLUTE
    ../../angel/startup.s                    0x00000000   Number         0  __main.o ABSOLUTE
    ../../angel/sys.s                        0x00000000   Number         0  sys_stackheap_outer.o ABSOLUTE
    ../../angel/sys.s                        0x00000000   Number         0  libspace.o ABSOLUTE
    ../../angel/sys.s                        0x00000000   Number         0  use_no_semi.o ABSOLUTE
    ../../angel/sysapp.c                     0x00000000   Number         0  sys_wrch.o ABSOLUTE
    ../../angel/sysapp.c                     0x00000000   Number         0  sys_exit.o ABSOLUTE
    ../../angel/sysapp.c                     0x00000000   Number         0  sys_command.o ABSOLUTE
    ../../armsys.c                           0x00000000   Number         0  no_argv.o ABSOLUTE
    ../../armsys.c                           0x00000000   Number         0  _get_argv_nomalloc.o ABSOLUTE
    ../../armsys.c                           0x00000000   Number         0  argv_veneer.o ABSOLUTE
    ../../armsys.c                           0x00000000   Number         0  argv_veneer.o ABSOLUTE
    ../../fpinit.s                           0x00000000   Number         0  fpinit.o ABSOLUTE
    ../../heapalloc.c                        0x00000000   Number         0  hrguard.o ABSOLUTE
    ../../heapaux.c                          0x00000000   Number         0  heapauxi.o ABSOLUTE
    ../../libinit.s                          0x00000000   Number         0  libshutdown2.o ABSOLUTE
    ../../libinit.s                          0x00000000   Number         0  libinit.o ABSOLUTE
    ../../libinit.s                          0x00000000   Number         0  libshutdown.o ABSOLUTE
    ../../libinit.s                          0x00000000   Number         0  libinit2.o ABSOLUTE
    ../../signal.c                           0x00000000   Number         0  defsig_rtmem_formal.o ABSOLUTE
    ../../signal.c                           0x00000000   Number         0  defsig_rtmem_outer.o ABSOLUTE
    ../../signal.c                           0x00000000   Number         0  defsig_general.o ABSOLUTE
    ../../signal.c                           0x00000000   Number         0  defsig_fpe_inner.o ABSOLUTE
    ../../signal.c                           0x00000000   Number         0  defsig_rtred_inner.o ABSOLUTE
    ../../signal.c                           0x00000000   Number         0  defsig_stak_inner.o ABSOLUTE
    ../../signal.c                           0x00000000   Number         0  defsig_pvfn_inner.o ABSOLUTE
    ../../signal.c                           0x00000000   Number         0  defsig_cppl_inner.o ABSOLUTE
    ../../signal.c                           0x00000000   Number         0  defsig_segv_inner.o ABSOLUTE
    ../../signal.c                           0x00000000   Number         0  defsig_other.o ABSOLUTE
    ../../signal.c                           0x00000000   Number         0  defsig_abrt_inner.o ABSOLUTE
    ../../signal.c                           0x00000000   Number         0  defsig_exit.o ABSOLUTE
    ../../signal.c                           0x00000000   Number         0  defsig_rtmem_inner.o ABSOLUTE
    ../../signal.c                           0x00000000   Number         0  __raise.o ABSOLUTE
    ../../signal.s                           0x00000000   Number         0  defsig.o ABSOLUTE
    ../../stdlib.c                           0x00000000   Number         0  exit.o ABSOLUTE
    24c01.c                                  0x00000000   Number         0  24c01.o ABSOLUTE
    FAT\ff.c                                 0x00000000   Number         0  ff.o ABSOLUTE
    FAT\mmc_32f1.c                           0x00000000   Number         0  mmc_32f1.o ABSOLUTE
    SPI_STM32F103.c                          0x00000000   Number         0  spi_stm32f103.o ABSOLUTE
    STM32F10x.s                              0x00000000   Number         0  stm32f10x.o ABSOLUTE
    STM32_Init.c                             0x00000000   Number         0  stm32_init.o ABSOLUTE
    common_func.c                            0x00000000   Number         0  common_func.o ABSOLUTE
    dc.s                                     0x00000000   Number         0  dc.o ABSOLUTE
    gran.c                                   0x00000000   Number         0  gran.o ABSOLUTE
    i2c.c                                    0x00000000   Number         0  i2c.o ABSOLUTE
    lcd_pal_4_2.c                            0x00000000   Number         0  lcd_pal_4_2.o ABSOLUTE
    main.c                                   0x00000000   Number         0  main.o ABSOLUTE
    ruslcd.c                                 0x00000000   Number         0  ruslcd.o ABSOLUTE
    RESET                                    0x08000000   Section      236  stm32f10x.o(RESET)
    !!!main                                  0x080000ec   Section        8  __main.o(!!!main)
    !!!scatter                               0x080000f4   Section       52  __scatter.o(!!!scatter)
    !!dczerorl2                              0x08000128   Section       90  __dczerorl2.o(!!dczerorl2)
    !!handler_zi                             0x08000184   Section       28  __scatter_zi.o(!!handler_zi)
    .ARM.Collect$$libinit$$00000000          0x080001a0   Section        6  libinit.o(.ARM.Collect$$libinit$$00000000)
    .ARM.Collect$$libinit$$00000006          0x080001a6   Section        0  libinit2.o(.ARM.Collect$$libinit$$00000006)
    .ARM.Collect$$libinit$$00000008          0x080001a6   Section        0  libinit2.o(.ARM.Collect$$libinit$$00000008)
    .ARM.Collect$$libinit$$0000000A          0x080001a6   Section        0  libinit2.o(.ARM.Collect$$libinit$$0000000A)
    .ARM.Collect$$libinit$$0000000D          0x080001a6   Section        0  libinit2.o(.ARM.Collect$$libinit$$0000000D)
    .ARM.Collect$$libinit$$0000000F          0x080001a6   Section        0  libinit2.o(.ARM.Collect$$libinit$$0000000F)
    .ARM.Collect$$libinit$$00000011          0x080001a6   Section        0  libinit2.o(.ARM.Collect$$libinit$$00000011)
    .ARM.Collect$$libinit$$00000013          0x080001a6   Section        0  libinit2.o(.ARM.Collect$$libinit$$00000013)
    .ARM.Collect$$libinit$$00000015          0x080001a6   Section        0  libinit2.o(.ARM.Collect$$libinit$$00000015)
    .ARM.Collect$$libinit$$00000017          0x080001a6   Section        0  libinit2.o(.ARM.Collect$$libinit$$00000017)
    .ARM.Collect$$libinit$$00000019          0x080001a6   Section        0  libinit2.o(.ARM.Collect$$libinit$$00000019)
    .ARM.Collect$$libinit$$0000001B          0x080001a6   Section        0  libinit2.o(.ARM.Collect$$libinit$$0000001B)
    .ARM.Collect$$libinit$$0000001D          0x080001a6   Section        0  libinit2.o(.ARM.Collect$$libinit$$0000001D)
    .ARM.Collect$$libinit$$0000001F          0x080001a6   Section        0  libinit2.o(.ARM.Collect$$libinit$$0000001F)
    .ARM.Collect$$libinit$$00000021          0x080001a6   Section        0  libinit2.o(.ARM.Collect$$libinit$$00000021)
    .ARM.Collect$$libinit$$00000028          0x080001a6   Section        0  libinit2.o(.ARM.Collect$$libinit$$00000028)
    .ARM.Collect$$libinit$$0000002A          0x080001a6   Section        0  libinit2.o(.ARM.Collect$$libinit$$0000002A)
    .ARM.Collect$$libinit$$0000002C          0x080001a6   Section        0  libinit2.o(.ARM.Collect$$libinit$$0000002C)
    .ARM.Collect$$libinit$$0000002E          0x080001a6   Section        0  libinit2.o(.ARM.Collect$$libinit$$0000002E)
    .ARM.Collect$$libinit$$0000002F          0x080001a6   Section        2  libinit2.o(.ARM.Collect$$libinit$$0000002F)
    .ARM.Collect$$libshutdown$$00000000      0x080001a8   Section        2  libshutdown.o(.ARM.Collect$$libshutdown$$00000000)
    .ARM.Collect$$libshutdown$$00000003      0x080001aa   Section        0  libshutdown2.o(.ARM.Collect$$libshutdown$$00000003)
    .ARM.Collect$$libshutdown$$00000006      0x080001aa   Section        0  libshutdown2.o(.ARM.Collect$$libshutdown$$00000006)
    .ARM.Collect$$libshutdown$$00000009      0x080001aa   Section        0  libshutdown2.o(.ARM.Collect$$libshutdown$$00000009)
    .ARM.Collect$$libshutdown$$0000000B      0x080001aa   Section        0  libshutdown2.o(.ARM.Collect$$libshutdown$$0000000B)
    .ARM.Collect$$libshutdown$$0000000E      0x080001aa   Section        0  libshutdown2.o(.ARM.Collect$$libshutdown$$0000000E)
    .ARM.Collect$$libshutdown$$0000000F      0x080001aa   Section        2  libshutdown2.o(.ARM.Collect$$libshutdown$$0000000F)
    .ARM.Collect$$rtentry$$00000000          0x080001ac   Section        0  rtentry.o(.ARM.Collect$$rtentry$$00000000)
    .ARM.Collect$$rtentry$$00000002          0x080001ac   Section        0  rtentry2.o(.ARM.Collect$$rtentry$$00000002)
    .ARM.Collect$$rtentry$$00000004          0x080001ac   Section        6  rtentry4.o(.ARM.Collect$$rtentry$$00000004)
    .ARM.Collect$$rtentry$$00000009          0x080001b2   Section        0  rtentry2.o(.ARM.Collect$$rtentry$$00000009)
    .ARM.Collect$$rtentry$$0000000A          0x080001b2   Section        4  rtentry2.o(.ARM.Collect$$rtentry$$0000000A)
    .ARM.Collect$$rtentry$$0000000C          0x080001b6   Section        0  rtentry2.o(.ARM.Collect$$rtentry$$0000000C)
    .ARM.Collect$$rtentry$$0000000D          0x080001b6   Section        8  rtentry2.o(.ARM.Collect$$rtentry$$0000000D)
    .ARM.Collect$$rtexit$$00000000           0x080001be   Section        2  rtexit.o(.ARM.Collect$$rtexit$$00000000)
    .ARM.Collect$$rtexit$$00000002           0x080001c0   Section        0  rtexit2.o(.ARM.Collect$$rtexit$$00000002)
    .ARM.Collect$$rtexit$$00000003           0x080001c0   Section        4  rtexit2.o(.ARM.Collect$$rtexit$$00000003)
    .ARM.Collect$$rtexit$$00000004           0x080001c4   Section        6  rtexit2.o(.ARM.Collect$$rtexit$$00000004)
    .text                                    0x080001cc   Section       52  stm32f10x.o(.text)
    .text                                    0x08000200   Section        0  stm32_init.o(.text)
    .text                                    0x080002b4   Section        0  main.o(.text)
    init_display                             0x080002b5   Thumb Code    20  main.o(.text)
    .text                                    0x0800196c   Section        0  common_func.o(.text)
    .text                                    0x08001c0c   Section        0  24c01.o(.text)
    .text                                    0x08001cc4   Section        0  i2c.o(.text)
    .text                                    0x0800201c   Section        0  lcd_pal_4_2.o(.text)
    delay                                    0x0800201d   Thumb Code    16  lcd_pal_4_2.o(.text)
    lcd_write_data                           0x08002065   Thumb Code    42  lcd_pal_4_2.o(.text)
    .text                                    0x080021d0   Section        0  ruslcd.o(.text)
    .text                                    0x08002200   Section        0  gran.o(.text)
    .text                                    0x08002258   Section        0  ff.o(.text)
    mem_cpy                                  0x08002259   Thumb Code    36  ff.o(.text)
    mem_set                                  0x0800227d   Thumb Code    26  ff.o(.text)
    mem_cmp                                  0x08002297   Thumb Code    54  ff.o(.text)
    chk_chr                                  0x080022cd   Thumb Code    24  ff.o(.text)
    move_window                              0x080022e5   Thumb Code    56  ff.o(.text)
    dir_sdi                                  0x0800244d   Thumb Code   172  ff.o(.text)
    dir_next                                 0x080024f9   Thumb Code   162  ff.o(.text)
    ld_clust                                 0x0800259b   Thumb Code    36  ff.o(.text)
    dir_find                                 0x080025bf   Thumb Code   104  ff.o(.text)
    dir_read                                 0x08002627   Thumb Code   126  ff.o(.text)
    get_fileinfo                             0x080026a5   Thumb Code   144  ff.o(.text)
    create_name                              0x08002735   Thumb Code   488  ff.o(.text)
    follow_path                              0x0800291d   Thumb Code   196  ff.o(.text)
    get_ldnumber                             0x080029e1   Thumb Code    90  ff.o(.text)
    check_fs                                 0x08002a3b   Thumb Code   144  ff.o(.text)
    find_volume                              0x08002acb   Thumb Code   782  ff.o(.text)
    validate                                 0x08002dd9   Thumb Code    56  ff.o(.text)
    .text                                    0x08003098   Section        0  mmc_32f1.o(.text)
    init_spi                                 0x08003099   Thumb Code   168  mmc_32f1.o(.text)
    xchg_spi                                 0x08003141   Thumb Code    26  mmc_32f1.o(.text)
    rcvr_spi_multi                           0x0800315b   Thumb Code   136  mmc_32f1.o(.text)
    xmit_spi_multi                           0x080031e3   Thumb Code   136  mmc_32f1.o(.text)
    wait_ready                               0x0800326b   Thumb Code    42  mmc_32f1.o(.text)
    deselect                                 0x08003295   Thumb Code    20  mmc_32f1.o(.text)
    select                                   0x080032a9   Thumb Code    40  mmc_32f1.o(.text)
    rcvr_datablock                           0x080032d1   Thumb Code    68  mmc_32f1.o(.text)
    xmit_datablock                           0x08003315   Thumb Code    76  mmc_32f1.o(.text)
    send_cmd                                 0x08003361   Thumb Code   180  mmc_32f1.o(.text)
    .text                                    0x080036d4   Section        0  heapauxi.o(.text)
    .text                                    0x080036da   Section       74  sys_stackheap_outer.o(.text)
    .text                                    0x08003724   Section        0  exit.o(.text)
    .text                                    0x08003730   Section        8  libspace.o(.text)
    .text                                    0x08003738   Section        8  rt_fp_status_addr_intlibspace.o(.text)
    .text                                    0x08003740   Section        0  sys_exit.o(.text)
    .text                                    0x0800374c   Section        2  use_no_semi.o(.text)
    x$fpl$fpinit                             0x0800374e   Section       14  fpinit.o(x$fpl$fpinit)
    .constdata                               0x0800375c   Section       89  ruslcd.o(.constdata)
    .data                                    0x20000000   Section      274  main.o(.data)
    cnt__                                    0x2000003b   Data           1  main.o(.data)
    .data                                    0x20000114   Section        6  ff.o(.data)
    FatFs                                    0x20000114   Data           4  ff.o(.data)
    Fsid                                     0x20000118   Data           2  ff.o(.data)
    .data                                    0x2000011c   Section       13  mmc_32f1.o(.data)
    Stat                                     0x2000011c   Data           1  mmc_32f1.o(.data)
    CardType                                 0x20000128   Data           1  mmc_32f1.o(.data)
    .bss                                     0x2000012c   Section     3184  main.o(.bss)
    .bss                                     0x20000d9c   Section       96  libspace.o(.bss)
    HEAP                                     0x20000e00   Section        0  stm32f10x.o(HEAP)
    STACK                                    0x20000e00   Section      512  stm32f10x.o(STACK)
    Heap_Mem                                 0x20000e00   Data           0  stm32f10x.o(HEAP)
    Stack_Mem                                0x20000e00   Data         512  stm32f10x.o(STACK)
    __initial_sp                             0x20001000   Data           0  stm32f10x.o(STACK)

    Global Symbols

    Symbol Name                              Value     Ov Type        Size  Object(Section)

    BuildAttributes$$THM_ISAv4$P$D$K$B$S$PE$A:L22UL41UL21$X:L11$S22US41US21$IEEE1$IW$USESV6$~STKCKD$USESV7$~SHL$OSPACE$ROPI$EBA8$UX$STANDARDLIB$REQ8$PRES8$EABIv2 0x00000000   Number         0  anon$$obj.o ABSOLUTE
    __ARM_use_no_argv                        0x00000000   Number         0  main.o ABSOLUTE
    __ARM_exceptions_init                     - Undefined Weak Reference
    __alloca_initialize                       - Undefined Weak Reference
    __cpp_initialize__aeabi_                  - Undefined Weak Reference
    __cxa_finalize                            - Undefined Weak Reference
    __rt_locale                               - Undefined Weak Reference
    __sigvec_lookup                           - Undefined Weak Reference
    _atexit_init                              - Undefined Weak Reference
    _call_atexit_fns                          - Undefined Weak Reference
    _clock_init                               - Undefined Weak Reference
    _fp_trap_init                             - Undefined Weak Reference
    _fp_trap_shutdown                         - Undefined Weak Reference
    _get_lc_collate                           - Undefined Weak Reference
    _get_lc_ctype                             - Undefined Weak Reference
    _get_lc_monetary                          - Undefined Weak Reference
    _get_lc_numeric                           - Undefined Weak Reference
    _get_lc_time                              - Undefined Weak Reference
    _getenv_init                              - Undefined Weak Reference
    _handle_redirection                       - Undefined Weak Reference
    _init_alloc                               - Undefined Weak Reference
    _init_user_alloc                          - Undefined Weak Reference
    _initio                                   - Undefined Weak Reference
    _rand_init                                - Undefined Weak Reference
    _signal_finish                            - Undefined Weak Reference
    _signal_init                              - Undefined Weak Reference
    _terminate_alloc                          - Undefined Weak Reference
    _terminate_user_alloc                     - Undefined Weak Reference
    _terminateio                              - Undefined Weak Reference
    __Vectors                                0x08000000   Data           4  stm32f10x.o(RESET)
    __main                                   0x080000ed   Thumb Code     8  __main.o(!!!main)
    __scatterload                            0x080000f5   Thumb Code     0  __scatter.o(!!!scatter)
    __scatterload_rt2                        0x080000f5   Thumb Code    44  __scatter.o(!!!scatter)
    __scatterload_rt2_thumb_only             0x080000f5   Thumb Code     0  __scatter.o(!!!scatter)
    __scatterload_null                       0x08000103   Thumb Code     0  __scatter.o(!!!scatter)
    __decompress                             0x08000129   Thumb Code    90  __dczerorl2.o(!!dczerorl2)
    __decompress1                            0x08000129   Thumb Code     0  __dczerorl2.o(!!dczerorl2)
    __scatterload_zeroinit                   0x08000185   Thumb Code    28  __scatter_zi.o(!!handler_zi)
    __rt_lib_init                            0x080001a1   Thumb Code     0  libinit.o(.ARM.Collect$$libinit$$00000000)
    __rt_lib_init_alloca_1                   0x080001a7   Thumb Code     0  libinit2.o(.ARM.Collect$$libinit$$0000002A)
    __rt_lib_init_argv_1                     0x080001a7   Thumb Code     0  libinit2.o(.ARM.Collect$$libinit$$00000028)
    __rt_lib_init_atexit_1                   0x080001a7   Thumb Code     0  libinit2.o(.ARM.Collect$$libinit$$00000017)
    __rt_lib_init_clock_1                    0x080001a7   Thumb Code     0  libinit2.o(.ARM.Collect$$libinit$$0000001D)
    __rt_lib_init_cpp_1                      0x080001a7   Thumb Code     0  libinit2.o(.ARM.Collect$$libinit$$0000002E)
    __rt_lib_init_exceptions_1               0x080001a7   Thumb Code     0  libinit2.o(.ARM.Collect$$libinit$$0000002C)
    __rt_lib_init_fp_trap_1                  0x080001a7   Thumb Code     0  libinit2.o(.ARM.Collect$$libinit$$0000001B)
    __rt_lib_init_getenv_1                   0x080001a7   Thumb Code     0  libinit2.o(.ARM.Collect$$libinit$$0000001F)
    __rt_lib_init_heap_1                     0x080001a7   Thumb Code     0  libinit2.o(.ARM.Collect$$libinit$$00000006)
    __rt_lib_init_lc_collate_1               0x080001a7   Thumb Code     0  libinit2.o(.ARM.Collect$$libinit$$0000000D)
    __rt_lib_init_lc_ctype_1                 0x080001a7   Thumb Code     0  libinit2.o(.ARM.Collect$$libinit$$0000000F)
    __rt_lib_init_lc_monetary_1              0x080001a7   Thumb Code     0  libinit2.o(.ARM.Collect$$libinit$$00000011)
    __rt_lib_init_lc_numeric_1               0x080001a7   Thumb Code     0  libinit2.o(.ARM.Collect$$libinit$$00000013)
    __rt_lib_init_lc_time_1                  0x080001a7   Thumb Code     0  libinit2.o(.ARM.Collect$$libinit$$00000015)
    __rt_lib_init_rand_1                     0x080001a7   Thumb Code     0  libinit2.o(.ARM.Collect$$libinit$$0000000A)
    __rt_lib_init_return                     0x080001a7   Thumb Code     0  libinit2.o(.ARM.Collect$$libinit$$0000002F)
    __rt_lib_init_signal_1                   0x080001a7   Thumb Code     0  libinit2.o(.ARM.Collect$$libinit$$00000019)
    __rt_lib_init_stdio_1                    0x080001a7   Thumb Code     0  libinit2.o(.ARM.Collect$$libinit$$00000021)
    __rt_lib_init_user_alloc_1               0x080001a7   Thumb Code     0  libinit2.o(.ARM.Collect$$libinit$$00000008)
    __rt_lib_shutdown                        0x080001a9   Thumb Code     0  libshutdown.o(.ARM.Collect$$libshutdown$$00000000)
    __rt_lib_shutdown_fp_trap_1              0x080001ab   Thumb Code     0  libshutdown2.o(.ARM.Collect$$libshutdown$$00000006)
    __rt_lib_shutdown_heap_1                 0x080001ab   Thumb Code     0  libshutdown2.o(.ARM.Collect$$libshutdown$$0000000E)
    __rt_lib_shutdown_return                 0x080001ab   Thumb Code     0  libshutdown2.o(.ARM.Collect$$libshutdown$$0000000F)
    __rt_lib_shutdown_signal_1               0x080001ab   Thumb Code     0  libshutdown2.o(.ARM.Collect$$libshutdown$$00000009)
    __rt_lib_shutdown_stdio_1                0x080001ab   Thumb Code     0  libshutdown2.o(.ARM.Collect$$libshutdown$$00000003)
    __rt_lib_shutdown_user_alloc_1           0x080001ab   Thumb Code     0  libshutdown2.o(.ARM.Collect$$libshutdown$$0000000B)
    __rt_entry                               0x080001ad   Thumb Code     0  rtentry.o(.ARM.Collect$$rtentry$$00000000)
    __rt_entry_presh_1                       0x080001ad   Thumb Code     0  rtentry2.o(.ARM.Collect$$rtentry$$00000002)
    __rt_entry_sh                            0x080001ad   Thumb Code     0  rtentry4.o(.ARM.Collect$$rtentry$$00000004)
    __rt_entry_li                            0x080001b3   Thumb Code     0  rtentry2.o(.ARM.Collect$$rtentry$$0000000A)
    __rt_entry_postsh_1                      0x080001b3   Thumb Code     0  rtentry2.o(.ARM.Collect$$rtentry$$00000009)
    __rt_entry_main                          0x080001b7   Thumb Code     0  rtentry2.o(.ARM.Collect$$rtentry$$0000000D)
    __rt_entry_postli_1                      0x080001b7   Thumb Code     0  rtentry2.o(.ARM.Collect$$rtentry$$0000000C)
    __rt_exit                                0x080001bf   Thumb Code     0  rtexit.o(.ARM.Collect$$rtexit$$00000000)
    __rt_exit_ls                             0x080001c1   Thumb Code     0  rtexit2.o(.ARM.Collect$$rtexit$$00000003)
    __rt_exit_prels_1                        0x080001c1   Thumb Code     0  rtexit2.o(.ARM.Collect$$rtexit$$00000002)
    __rt_exit_exit                           0x080001c5   Thumb Code     0  rtexit2.o(.ARM.Collect$$rtexit$$00000004)
    Reset_Handler                            0x080001cd   Thumb Code     4  stm32f10x.o(.text)
    NMI_Handler                              0x080001d1   Thumb Code     2  stm32f10x.o(.text)
    HardFault_Handler                        0x080001d3   Thumb Code     2  stm32f10x.o(.text)
    MemManage_Handler                        0x080001d5   Thumb Code     2  stm32f10x.o(.text)
    BusFault_Handler                         0x080001d7   Thumb Code     2  stm32f10x.o(.text)
    UsageFault_Handler                       0x080001d9   Thumb Code     2  stm32f10x.o(.text)
    SVC_Handler                              0x080001db   Thumb Code     2  stm32f10x.o(.text)
    DebugMon_Handler                         0x080001dd   Thumb Code     2  stm32f10x.o(.text)
    PendSV_Handler                           0x080001df   Thumb Code     2  stm32f10x.o(.text)
    ADC_IRQHandler                           0x080001e3   Thumb Code     0  stm32f10x.o(.text)
    CAN_RX1_IRQHandler                       0x080001e3   Thumb Code     0  stm32f10x.o(.text)
    CAN_SCE_IRQHandler                       0x080001e3   Thumb Code     0  stm32f10x.o(.text)
    DMAChannel1_IRQHandler                   0x080001e3   Thumb Code     0  stm32f10x.o(.text)
    DMAChannel2_IRQHandler                   0x080001e3   Thumb Code     0  stm32f10x.o(.text)
    DMAChannel3_IRQHandler                   0x080001e3   Thumb Code     0  stm32f10x.o(.text)
    DMAChannel4_IRQHandler                   0x080001e3   Thumb Code     0  stm32f10x.o(.text)
    DMAChannel5_IRQHandler                   0x080001e3   Thumb Code     0  stm32f10x.o(.text)
    DMAChannel6_IRQHandler                   0x080001e3   Thumb Code     0  stm32f10x.o(.text)
    DMAChannel7_IRQHandler                   0x080001e3   Thumb Code     0  stm32f10x.o(.text)
    EXTI0_IRQHandler                         0x080001e3   Thumb Code     0  stm32f10x.o(.text)
    EXTI15_10_IRQHandler                     0x080001e3   Thumb Code     0  stm32f10x.o(.text)
    EXTI1_IRQHandler                         0x080001e3   Thumb Code     0  stm32f10x.o(.text)
    EXTI2_IRQHandler                         0x080001e3   Thumb Code     0  stm32f10x.o(.text)
    EXTI3_IRQHandler                         0x080001e3   Thumb Code     0  stm32f10x.o(.text)
    EXTI4_IRQHandler                         0x080001e3   Thumb Code     0  stm32f10x.o(.text)
    EXTI9_5_IRQHandler                       0x080001e3   Thumb Code     0  stm32f10x.o(.text)
    FLASH_IRQHandler                         0x080001e3   Thumb Code     0  stm32f10x.o(.text)
    I2C1_ER_IRQHandler                       0x080001e3   Thumb Code     0  stm32f10x.o(.text)
    I2C1_EV_IRQHandler                       0x080001e3   Thumb Code     0  stm32f10x.o(.text)
    I2C2_ER_IRQHandler                       0x080001e3   Thumb Code     0  stm32f10x.o(.text)
    I2C2_EV_IRQHandler                       0x080001e3   Thumb Code     0  stm32f10x.o(.text)
    PVD_IRQHandler                           0x080001e3   Thumb Code     0  stm32f10x.o(.text)
    RCC_IRQHandler                           0x080001e3   Thumb Code     0  stm32f10x.o(.text)
    RTCAlarm_IRQHandler                      0x080001e3   Thumb Code     0  stm32f10x.o(.text)
    RTC_IRQHandler                           0x080001e3   Thumb Code     0  stm32f10x.o(.text)
    SPI1_IRQHandler                          0x080001e3   Thumb Code     0  stm32f10x.o(.text)
    SPI2_IRQHandler                          0x080001e3   Thumb Code     0  stm32f10x.o(.text)
    TAMPER_IRQHandler                        0x080001e3   Thumb Code     0  stm32f10x.o(.text)
    TIM1_BRK_IRQHandler                      0x080001e3   Thumb Code     0  stm32f10x.o(.text)
    TIM1_CC_IRQHandler                       0x080001e3   Thumb Code     0  stm32f10x.o(.text)
    TIM1_TRG_COM_IRQHandler                  0x080001e3   Thumb Code     0  stm32f10x.o(.text)
    TIM1_UP_IRQHandler                       0x080001e3   Thumb Code     0  stm32f10x.o(.text)
    TIM2_IRQHandler                          0x080001e3   Thumb Code     0  stm32f10x.o(.text)
    TIM3_IRQHandler                          0x080001e3   Thumb Code     0  stm32f10x.o(.text)
    TIM4_IRQHandler                          0x080001e3   Thumb Code     0  stm32f10x.o(.text)
    USART1_IRQHandler                        0x080001e3   Thumb Code     0  stm32f10x.o(.text)
    USART2_IRQHandler                        0x080001e3   Thumb Code     0  stm32f10x.o(.text)
    USART3_IRQHandler                        0x080001e3   Thumb Code     0  stm32f10x.o(.text)
    USBWakeUp_IRQHandler                     0x080001e3   Thumb Code     0  stm32f10x.o(.text)
    USB_HP_CAN_TX_IRQHandler                 0x080001e3   Thumb Code     0  stm32f10x.o(.text)
    USB_LP_CAN_RX0_IRQHandler                0x080001e3   Thumb Code     0  stm32f10x.o(.text)
    WWDG_IRQHandler                          0x080001e3   Thumb Code     0  stm32f10x.o(.text)
    __user_initial_stackheap                 0x080001e5   Thumb Code     0  stm32f10x.o(.text)
    stm32_Init                               0x08000201   Thumb Code   146  stm32_init.o(.text)
    delay_us                                 0x080002c9   Thumb Code    18  main.o(.text)
    music_start                              0x080002db   Thumb Code   394  main.o(.text)
    delayOfStartHndl                         0x08000465   Thumb Code   128  main.o(.text)
    delayOfStart                             0x080004e5   Thumb Code    14  main.o(.text)
    dac_init                                 0x080004f3   Thumb Code    22  main.o(.text)
    music_hndl                               0x08000509   Thumb Code   152  main.o(.text)
    music_stop                               0x080005a1   Thumb Code    18  main.o(.text)
    wrk_drv                                  0x080005b3   Thumb Code   180  main.o(.text)
    volume_drv                               0x08000667   Thumb Code   242  main.o(.text)
    in_drv                                   0x08000759   Thumb Code   216  main.o(.text)
    in_an                                    0x08000831   Thumb Code   108  main.o(.text)
    ret                                      0x0800089d   Thumb Code     6  main.o(.text)
    ret_hndl                                 0x080008a3   Thumb Code    36  main.o(.text)
    ind_hndl                                 0x080008c7   Thumb Code  1454  main.o(.text)
    but_drv                                  0x08000e75   Thumb Code   406  main.o(.text)
    but_an                                   0x0800100b   Thumb Code  1392  main.o(.text)
    SysTick_Handler                          0x0800157b   Thumb Code   512  main.o(.text)
    main                                     0x0800177b   Thumb Code   356  main.o(.text)
    find                                     0x0800196d   Thumb Code    32  common_func.o(.text)
    bin2bcd_int                              0x0800198d   Thumb Code    54  common_func.o(.text)
    bcd2lcd_zero                             0x080019c3   Thumb Code    96  common_func.o(.text)
    int2lcdyx                                0x08001a23   Thumb Code   114  common_func.o(.text)
    int2lcd                                  0x08001a95   Thumb Code   148  common_func.o(.text)
    tree_down                                0x08001b29   Thumb Code    62  common_func.o(.text)
    tree_up                                  0x08001b67   Thumb Code    58  common_func.o(.text)
    bgnd_par                                 0x08001ba1   Thumb Code    84  common_func.o(.text)
    _24c01_write_2byte                       0x08001c0d   Thumb Code    70  24c01.o(.text)
    _24c01_read_nbyte                        0x08001c53   Thumb Code   114  24c01.o(.text)
    i2c_init                                 0x08001cc5   Thumb Code    58  i2c.o(.text)
    i2c_Start                                0x08001cff   Thumb Code    64  i2c.o(.text)
    i2c_Restart                              0x08001d3f   Thumb Code    86  i2c.o(.text)
    i2c_ReadAcknowledge                      0x08001d95   Thumb Code   108  i2c.o(.text)
    i2c_ReadByte                             0x08001e01   Thumb Code   160  i2c.o(.text)
    i2c_SendAcknowledge                      0x08001ea1   Thumb Code   116  i2c.o(.text)
    i2c_SendByte                             0x08001f15   Thumb Code   164  i2c.o(.text)
    i2c_Stop                                 0x08001fb9   Thumb Code    78  i2c.o(.text)
    lcd_write_4bit                           0x0800202d   Thumb Code    56  lcd_pal_4_2.o(.text)
    lcd_putchar                              0x0800208f   Thumb Code    12  lcd_pal_4_2.o(.text)
    lcd_write_cmd                            0x0800209b   Thumb Code    42  lcd_pal_4_2.o(.text)
    set_cursor                               0x080020c5   Thumb Code    38  lcd_pal_4_2.o(.text)
    lcd_clear                                0x080020eb   Thumb Code    18  lcd_pal_4_2.o(.text)
    lcd_out                                  0x080020fd   Thumb Code    56  lcd_pal_4_2.o(.text)
    lcd_init                                 0x08002135   Thumb Code   144  lcd_pal_4_2.o(.text)
    ruslcd                                   0x080021d1   Thumb Code    42  ruslcd.o(.text)
    gran_ring_char                           0x08002201   Thumb Code    22  gran.o(.text)
    gran_char                                0x08002217   Thumb Code    22  gran.o(.text)
    gran                                     0x0800222d   Thumb Code    22  gran.o(.text)
    gran_ring                                0x08002243   Thumb Code    22  gran.o(.text)
    clust2sect                               0x0800231d   Thumb Code    32  ff.o(.text)
    get_fat                                  0x0800233d   Thumb Code   272  ff.o(.text)
    f_mount                                  0x08002e11   Thumb Code    90  ff.o(.text)
    f_open                                   0x08002e6b   Thumb Code   162  ff.o(.text)
    f_read                                   0x08002f0d   Thumb Code   388  ff.o(.text)
    disk_initialize                          0x08003415   Thumb Code   412  mmc_32f1.o(.text)
    disk_status                              0x080035b1   Thumb Code    14  mmc_32f1.o(.text)
    disk_read                                0x080035bf   Thumb Code   150  mmc_32f1.o(.text)
    disk_timerproc                           0x08003655   Thumb Code   100  mmc_32f1.o(.text)
    __use_two_region_memory                  0x080036d5   Thumb Code     2  heapauxi.o(.text)
    __rt_heap_escrow$2region                 0x080036d7   Thumb Code     2  heapauxi.o(.text)
    __rt_heap_expand$2region                 0x080036d9   Thumb Code     2  heapauxi.o(.text)
    __user_setup_stackheap                   0x080036db   Thumb Code    74  sys_stackheap_outer.o(.text)
    exit                                     0x08003725   Thumb Code    12  exit.o(.text)
    __user_libspace                          0x08003731   Thumb Code     8  libspace.o(.text)
    __user_perproc_libspace                  0x08003731   Thumb Code     0  libspace.o(.text)
    __user_perthread_libspace                0x08003731   Thumb Code     0  libspace.o(.text)
    __rt_fp_status_addr                      0x08003739   Thumb Code     8  rt_fp_status_addr_intlibspace.o(.text)
    _sys_exit                                0x08003741   Thumb Code     8  sys_exit.o(.text)
    __I$use$semihosting                      0x0800374d   Thumb Code     0  use_no_semi.o(.text)
    __use_no_semihosting_swi                 0x0800374d   Thumb Code     2  use_no_semi.o(.text)
    _fp_init                                 0x0800374f   Thumb Code    14  fpinit.o(x$fpl$fpinit)
    __fplib_config_pureend_doubles           0x0800375b   Thumb Code     0  fpinit.o(x$fpl$fpinit)
    rus_buff                                 0x0800375c   Data          89  ruslcd.o(.constdata)
    Region$$Table$$Base                      0x080037b8   Number         0  anon$$obj.o(Region$$Table)
    Region$$Table$$Limit                     0x080037d8   Number         0  anon$$obj.o(Region$$Table)
    lcd_buffer                               0x20000000   Data          40  main.o(.data)
    mnemo_cnt                                0x20000028   Data           1  main.o(.data)
    ptr_ind                                  0x2000002a   Data           2  main.o(.data)
    ind_pointer                              0x2000002c   Data           2  main.o(.data)
    sd_card_insert_drv_cnt                   0x2000002e   Data           2  main.o(.data)
    sd_card_insert_stat                      0x20000030   Data           1  main.o(.data)
    sd_card_insert_stat_old                  0x20000031   Data           1  main.o(.data)
    volume_vector                            0x20000032   Data           1  main.o(.data)
    volume_period_cnt_max                    0x20000034   Data           2  main.o(.data)
    fr                                       0x20000036   Data           1  main.o(.data)
    main_demo_cnt                            0x20000038   Data           2  main.o(.data)
    plazma3                                  0x2000003a   Data           1  main.o(.data)
    b1000Hz                                  0x2000003c   Data           1  main.o(.data)
    b100Hz                                   0x2000003d   Data           1  main.o(.data)
    b50Hz                                    0x2000003e   Data           1  main.o(.data)
    b10Hz                                    0x2000003f   Data           1  main.o(.data)
    b5Hz                                     0x20000040   Data           1  main.o(.data)
    b2Hz                                     0x20000041   Data           1  main.o(.data)
    b1Hz                                     0x20000042   Data           1  main.o(.data)
    time_cnt1                                0x20000043   Data           1  main.o(.data)
    time_cnt2                                0x20000044   Data           1  main.o(.data)
    time_cnt3                                0x20000045   Data           1  main.o(.data)
    time_cnt4                                0x20000046   Data           1  main.o(.data)
    time_cnt5                                0x20000047   Data           1  main.o(.data)
    time_cnt6                                0x20000048   Data           1  main.o(.data)
    time_cnt7                                0x20000049   Data           1  main.o(.data)
    short_time_cnt                           0x2000004a   Data           2  main.o(.data)
    short_time_cnt_                          0x2000004c   Data           2  main.o(.data)
    bFL5                                     0x2000004e   Data           1  main.o(.data)
    bFL2                                     0x2000004f   Data           1  main.o(.data)
    bFL                                      0x20000050   Data           1  main.o(.data)
    parol                                    0x20000051   Data           3  main.o(.data)
    phase                                    0x20000054   Data           1  main.o(.data)
    dig                                      0x20000055   Data           5  main.o(.data)
    zero_on                                  0x2000005a   Data           1  main.o(.data)
    simax                                    0x2000005b   Data           1  main.o(.data)
    av_j_si_max                              0x2000005c   Data           2  main.o(.data)
    a_ind                                    0x2000005e   Data           5  main.o(.data)
    ret_duty                                 0x20000063   Data           1  main.o(.data)
    but                                      0x20000064   Data           2  main.o(.data)
    but_n                                    0x20000068   Data           4  main.o(.data)
    but_s                                    0x2000006c   Data           4  main.o(.data)
    but0_cnt                                 0x20000070   Data           1  main.o(.data)
    but1_cnt                                 0x20000071   Data           1  main.o(.data)
    but_onL_temp                             0x20000072   Data           1  main.o(.data)
    speed                                    0x20000073   Data           1  main.o(.data)
    l_but                                    0x20000074   Data           1  main.o(.data)
    n_but                                    0x20000075   Data           1  main.o(.data)
    in_drv_cnt                               0x20000076   Data           1  main.o(.data)
    in_step_drv_cnt                          0x20000077   Data           1  main.o(.data)
    in_stop_drv_cnt                          0x20000078   Data           1  main.o(.data)
    bIN                                      0x20000079   Data           1  main.o(.data)
    bIN_STEP                                 0x2000007a   Data           1  main.o(.data)
    bIN_STOP                                 0x2000007b   Data           1  main.o(.data)
    MAIN_TIME                                0x2000007c   Data           2  main.o(.data)
    DEMO_TIME                                0x2000007e   Data           2  main.o(.data)
    DEMO_PERIOD                              0x20000080   Data           2  main.o(.data)
    NUM_OF_FILES                             0x20000082   Data           2  main.o(.data)
    MAIN_VOLUME                              0x20000084   Data           2  main.o(.data)
    MAIN_CNT                                 0x20000086   Data           2  main.o(.data)
    sound_cnt                                0x20000088   Data           2  main.o(.data)
    bZV                                      0x2000008c   Data           4  main.o(.data)
    bEND                                     0x20000090   Data           4  main.o(.data)
    bEND_                                    0x20000094   Data           4  main.o(.data)
    b1                                       0x20000098   Data           4  main.o(.data)
    b2                                       0x2000009c   Data           4  main.o(.data)
    b1ERR                                    0x200000a0   Data           4  main.o(.data)
    bZV_ERROR                                0x200000a4   Data           4  main.o(.data)
    File_len                                 0x200000a8   Data           4  main.o(.data)
    sound_read_adress                        0x200000ac   Data           4  main.o(.data)
    current_cluster                          0x200000b0   Data           2  main.o(.data)
    current_sector                           0x200000b2   Data           1  main.o(.data)
    sound_buffer_                            0x200000b4   Data           2  main.o(.data)
    pbr_adr                                  0x200000b8   Data           4  main.o(.data)
    Sectors_per_Cluster                      0x200000bc   Data           1  main.o(.data)
    Rezerv                                   0x200000be   Data           2  main.o(.data)
    Number_of_Fat                            0x200000c0   Data           1  main.o(.data)
    Root_dir_entry                           0x200000c2   Data           2  main.o(.data)
    Sectors_per_FAT                          0x200000c4   Data           2  main.o(.data)
    Fat_base                                 0x200000c8   Data           4  main.o(.data)
    Root_base                                0x200000cc   Data           4  main.o(.data)
    Cluster_base                             0x200000d0   Data           4  main.o(.data)
    zv_err_cnt                               0x200000d4   Data           2  main.o(.data)
    unsigned_cnt                             0x200000d6   Data           2  main.o(.data)
    audio_out_cnt                            0x200000d8   Data           2  main.o(.data)
    main_music_cnt                           0x200000da   Data           2  main.o(.data)
    max_main_music_cnt                       0x200000dc   Data           2  main.o(.data)
    fade_out_main_music_cnt                  0x200000de   Data           2  main.o(.data)
    volume                                   0x200000e0   Data           2  main.o(.data)
    volume_koef                              0x200000e2   Data           2  main.o(.data)
    volume_max                               0x200000e4   Data           2  main.o(.data)
    volume_period_cnt                        0x200000e6   Data           2  main.o(.data)
    current_sound                            0x200000e8   Data           2  main.o(.data)
    wrk_cnt                                  0x200000ea   Data           2  main.o(.data)
    wrk_cnt_up                               0x200000ec   Data           2  main.o(.data)
    max_file                                 0x200000ee   Data           2  main.o(.data)
    current_file                             0x200000f0   Data           2  main.o(.data)
    current_demo_file                        0x200000f2   Data           2  main.o(.data)
    bWRK                                     0x200000f4   Data           2  main.o(.data)
    main_cnt                                 0x200000f6   Data           2  main.o(.data)
    plazma                                   0x200000f8   Data           1  main.o(.data)
    plazma1                                  0x200000f9   Data           1  main.o(.data)
    plazma2                                  0x200000fa   Data           1  main.o(.data)
    plazma_long                              0x200000fc   Data           4  main.o(.data)
    read_adress                              0x20000100   Data           2  main.o(.data)
    dac_cnt                                  0x20000102   Data           2  main.o(.data)
    plazma_cnt                               0x20000104   Data           1  main.o(.data)
    plazma_but                               0x20000106   Data           2  main.o(.data)
    bB                                       0x20000108   Data           1  main.o(.data)
    readed_bytes                             0x2000010c   Data           4  main.o(.data)
    delayOfStartCnt                          0x20000110   Data           2  main.o(.data)
    Timer1                                   0x20000120   Data           4  mmc_32f1.o(.data)
    Timer2                                   0x20000124   Data           4  mmc_32f1.o(.data)
    b_ind                                    0x2000012c   Data          40  main.o(.bss)
    sound_buffer                             0x20000154   Data        2048  main.o(.bss)
    fs                                       0x20000954   Data         556  main.o(.bss)
    fil                                      0x20000b80   Data         540  main.o(.bss)
    __libspace_start                         0x20000d9c   Data          96  libspace.o(.bss)
    __temporary_stack_top$libspace           0x20000dfc   Data           0  libspace.o(.bss)



==============================================================================

Memory Map of the image

  Image Entry point : 0x080000ed

  Load Region LR_IROM1 (Base: 0x08000000, Size: 0x00003904, Max: 0x00004000, ABSOLUTE, COMPRESSED[0x000037f4])

    Execution Region ER_IROM1 (Base: 0x08000000, Size: 0x000037d8, Max: 0x00004000, ABSOLUTE)

    Base Addr    Size         Type   Attr      Idx    E Section Name        Object

    0x08000000   0x000000ec   Data   RO            3    RESET               stm32f10x.o
    0x080000ec   0x00000008   Code   RO          573  * !!!main             c_w.l(__main.o)
    0x080000f4   0x00000034   Code   RO          737    !!!scatter          c_w.l(__scatter.o)
    0x08000128   0x0000005a   Code   RO          735    !!dczerorl2         c_w.l(__dczerorl2.o)
    0x08000182   0x00000002   PAD
    0x08000184   0x0000001c   Code   RO          739    !!handler_zi        c_w.l(__scatter_zi.o)
    0x080001a0   0x00000006   Code   RO          605    .ARM.Collect$$libinit$$00000000  c_w.l(libinit.o)
    0x080001a6   0x00000000   Code   RO          613    .ARM.Collect$$libinit$$00000006  c_w.l(libinit2.o)
    0x080001a6   0x00000000   Code   RO          615    .ARM.Collect$$libinit$$00000008  c_w.l(libinit2.o)
    0x080001a6   0x00000000   Code   RO          617    .ARM.Collect$$libinit$$0000000A  c_w.l(libinit2.o)
    0x080001a6   0x00000000   Code   RO          620    .ARM.Collect$$libinit$$0000000D  c_w.l(libinit2.o)
    0x080001a6   0x00000000   Code   RO          622    .ARM.Collect$$libinit$$0000000F  c_w.l(libinit2.o)
    0x080001a6   0x00000000   Code   RO          624    .ARM.Collect$$libinit$$00000011  c_w.l(libinit2.o)
    0x080001a6   0x00000000   Code   RO          626    .ARM.Collect$$libinit$$00000013  c_w.l(libinit2.o)
    0x080001a6   0x00000000   Code   RO          628    .ARM.Collect$$libinit$$00000015  c_w.l(libinit2.o)
    0x080001a6   0x00000000   Code   RO          630    .ARM.Collect$$libinit$$00000017  c_w.l(libinit2.o)
    0x080001a6   0x00000000   Code   RO          632    .ARM.Collect$$libinit$$00000019  c_w.l(libinit2.o)
    0x080001a6   0x00000000   Code   RO          634    .ARM.Collect$$libinit$$0000001B  c_w.l(libinit2.o)
    0x080001a6   0x00000000   Code   RO          636    .ARM.Collect$$libinit$$0000001D  c_w.l(libinit2.o)
    0x080001a6   0x00000000   Code   RO          638    .ARM.Collect$$libinit$$0000001F  c_w.l(libinit2.o)
    0x080001a6   0x00000000   Code   RO          640    .ARM.Collect$$libinit$$00000021  c_w.l(libinit2.o)
    0x080001a6   0x00000000   Code   RO          644    .ARM.Collect$$libinit$$00000028  c_w.l(libinit2.o)
    0x080001a6   0x00000000   Code   RO          646    .ARM.Collect$$libinit$$0000002A  c_w.l(libinit2.o)
    0x080001a6   0x00000000   Code   RO          648    .ARM.Collect$$libinit$$0000002C  c_w.l(libinit2.o)
    0x080001a6   0x00000000   Code   RO          650    .ARM.Collect$$libinit$$0000002E  c_w.l(libinit2.o)
    0x080001a6   0x00000002   Code   RO          651    .ARM.Collect$$libinit$$0000002F  c_w.l(libinit2.o)
    0x080001a8   0x00000002   Code   RO          677    .ARM.Collect$$libshutdown$$00000000  c_w.l(libshutdown.o)
    0x080001aa   0x00000000   Code   RO          690    .ARM.Collect$$libshutdown$$00000003  c_w.l(libshutdown2.o)
    0x080001aa   0x00000000   Code   RO          693    .ARM.Collect$$libshutdown$$00000006  c_w.l(libshutdown2.o)
    0x080001aa   0x00000000   Code   RO          696    .ARM.Collect$$libshutdown$$00000009  c_w.l(libshutdown2.o)
    0x080001aa   0x00000000   Code   RO          698    .ARM.Collect$$libshutdown$$0000000B  c_w.l(libshutdown2.o)
    0x080001aa   0x00000000   Code   RO          701    .ARM.Collect$$libshutdown$$0000000E  c_w.l(libshutdown2.o)
    0x080001aa   0x00000002   Code   RO          702    .ARM.Collect$$libshutdown$$0000000F  c_w.l(libshutdown2.o)
    0x080001ac   0x00000000   Code   RO          575    .ARM.Collect$$rtentry$$00000000  c_w.l(rtentry.o)
    0x080001ac   0x00000000   Code   RO          578    .ARM.Collect$$rtentry$$00000002  c_w.l(rtentry2.o)
    0x080001ac   0x00000006   Code   RO          593    .ARM.Collect$$rtentry$$00000004  c_w.l(rtentry4.o)
    0x080001b2   0x00000000   Code   RO          580    .ARM.Collect$$rtentry$$00000009  c_w.l(rtentry2.o)
    0x080001b2   0x00000004   Code   RO          581    .ARM.Collect$$rtentry$$0000000A  c_w.l(rtentry2.o)
    0x080001b6   0x00000000   Code   RO          583    .ARM.Collect$$rtentry$$0000000C  c_w.l(rtentry2.o)
    0x080001b6   0x00000008   Code   RO          584    .ARM.Collect$$rtentry$$0000000D  c_w.l(rtentry2.o)
    0x080001be   0x00000002   Code   RO          609    .ARM.Collect$$rtexit$$00000000  c_w.l(rtexit.o)
    0x080001c0   0x00000000   Code   RO          655    .ARM.Collect$$rtexit$$00000002  c_w.l(rtexit2.o)
    0x080001c0   0x00000004   Code   RO          656    .ARM.Collect$$rtexit$$00000003  c_w.l(rtexit2.o)
    0x080001c4   0x00000006   Code   RO          657    .ARM.Collect$$rtexit$$00000004  c_w.l(rtexit2.o)
    0x080001ca   0x00000002   PAD
    0x080001cc   0x00000034   Code   RO            4    .text               stm32f10x.o
    0x08000200   0x000000b4   Code   RO           10    .text               stm32_init.o
    0x080002b4   0x000016b8   Code   RO          122    .text               main.o
    0x0800196c   0x000002a0   Code   RO          262    .text               common_func.o
    0x08001c0c   0x000000b8   Code   RO          373    .text               24c01.o
    0x08001cc4   0x00000358   Code   RO          396    .text               i2c.o
    0x0800201c   0x000001b4   Code   RO          442    .text               lcd_pal_4_2.o
    0x080021d0   0x00000030   Code   RO          454    .text               ruslcd.o
    0x08002200   0x00000058   Code   RO          469    .text               gran.o
    0x08002258   0x00000e40   Code   RO          479    .text               ff.o
    0x08003098   0x0000063c   Code   RO          535    .text               mmc_32f1.o
    0x080036d4   0x00000006   Code   RO          571    .text               c_w.l(heapauxi.o)
    0x080036da   0x0000004a   Code   RO          595    .text               c_w.l(sys_stackheap_outer.o)
    0x08003724   0x0000000c   Code   RO          597    .text               c_w.l(exit.o)
    0x08003730   0x00000008   Code   RO          606    .text               c_w.l(libspace.o)
    0x08003738   0x00000008   Code   RO          665    .text               c_w.l(rt_fp_status_addr_intlibspace.o)
    0x08003740   0x0000000c   Code   RO          669    .text               c_w.l(sys_exit.o)
    0x0800374c   0x00000002   Code   RO          680    .text               c_w.l(use_no_semi.o)
    0x0800374e   0x0000000e   Code   RO          652    x$fpl$fpinit        fz_ws.l(fpinit.o)
    0x0800375c   0x00000059   Data   RO          455    .constdata          ruslcd.o
    0x080037b5   0x00000003   PAD
    0x080037b8   0x00000020   Data   RO          733    Region$$Table       anon$$obj.o


    Execution Region RW_IRAM1 (Base: 0x20000000, Size: 0x00001000, Max: 0x00001000, ABSOLUTE, COMPRESSED[0x0000001c])

    Base Addr    Size         Type   Attr      Idx    E Section Name        Object

    0x20000000   0x00000112   Data   RW          139    .data               main.o
    0x20000112   0x00000002   PAD
    0x20000114   0x00000006   Data   RW          485    .data               ff.o
    0x2000011a   0x00000002   PAD
    0x2000011c   0x0000000d   Data   RW          538    .data               mmc_32f1.o
    0x20000129   0x00000003   PAD
    0x2000012c   0x00000c70   Zero   RW          137    .bss                main.o
    0x20000d9c   0x00000060   Zero   RW          607    .bss                c_w.l(libspace.o)
    0x20000dfc   0x00000004   PAD
    0x20000e00   0x00000000   Zero   RW            2    HEAP                stm32f10x.o
    0x20000e00   0x00000200   Zero   RW            1    STACK               stm32f10x.o


==============================================================================

Image component sizes


      Code (inc. data)   RO Data    RW Data    ZI Data      Debug   Object Name

       184          0          0          0          0        883   24c01.o
       672         24          0          0          0       2401   common_func.o
      3648         32          0          6          0      15723   ff.o
        88          0          0          0          0       1030   gran.o
       856         22          0          0          0       1736   i2c.o
       436         12          0          0          0       1793   lcd_pal_4_2.o
      5816       1038          0        274       3184      19845   main.o
      1596         64          0         13          0       5724   mmc_32f1.o
        48          6         89          0          0        792   ruslcd.o
       180         34          0          0          0       7677   stm32_init.o
        52         18        236          0        512        732   stm32f10x.o

    ----------------------------------------------------------------------
     13576       1250        360        300       3696      58336   Object Totals
         0          0         32          0          0          0   (incl. Generated)
         0          0          3          7          0          0   (incl. Padding)

    ----------------------------------------------------------------------

      Code (inc. data)   RO Data    RW Data    ZI Data      Debug   Library Member Name

        90          0          0          0          0          0   __dczerorl2.o
         8          0          0          0          0         68   __main.o
        52          8          0          0          0          0   __scatter.o
        28          0          0          0          0          0   __scatter_zi.o
        12          0          0          0          0         68   exit.o
         6          0          0          0          0        152   heapauxi.o
         6          0          0          0          0          0   libinit.o
         2          0          0          0          0          0   libinit2.o
         2          0          0          0          0          0   libshutdown.o
         2          0          0          0          0          0   libshutdown2.o
         8          4          0          0         96         68   libspace.o
         8          4          0          0          0         68   rt_fp_status_addr_intlibspace.o
         0          0          0          0          0          0   rtentry.o
        12          0          0          0          0          0   rtentry2.o
         6          0          0          0          0          0   rtentry4.o
         2          0          0          0          0          0   rtexit.o
        10          0          0          0          0          0   rtexit2.o
        12          4          0          0          0         68   sys_exit.o
        74          0          0          0          0         80   sys_stackheap_outer.o
         2          0          0          0          0         68   use_no_semi.o
        14          0          0          0          0         76   fpinit.o

    ----------------------------------------------------------------------
       360         20          0          0        100        716   Library Totals
         4          0          0          0          4          0   (incl. Padding)

    ----------------------------------------------------------------------

      Code (inc. data)   RO Data    RW Data    ZI Data      Debug   Library Name

       342         20          0          0         96        640   c_w.l
        14          0          0          0          0         76   fz_ws.l

    ----------------------------------------------------------------------
       360         20          0          0        100        716   Library Totals

    ----------------------------------------------------------------------

==============================================================================


      Code (inc. data)   RO Data    RW Data    ZI Data      Debug   

     13936       1270        360        300       3796      57960   Grand Totals
     13936       1270        360         28       3796      57960   ELF Image Totals (compressed)
     13936       1270        360         28          0          0   ROM Totals

==============================================================================

    Total RO  Size (Code + RO Data)                14296 (  13.96kB)
    Total RW  Size (RW Data + ZI Data)              4096 (   4.00kB)
    Total ROM Size (Code + RO Data + RW Data)      14324 (  13.99kB)

==============================================================================

